INFO ServiceThread-MonitorService-13002 org.btsn.handlers.ServiceHelper - SERVICE INVOKE: Calling org.btsn.places.MonitorService.writeCollectorData with 1 CLEAN business data arguments
DEBUG ServiceThread-MonitorService-13002 org.btsn.handlers.ServiceHelper - INVOKE: Reflecting on org.btsn.places.MonitorService.writeCollectorData
DEBUG ServiceThread-MonitorService-13002 org.btsn.handlers.ServiceHelper - INVOKE: Looking for method with 1 String parameters
INFO ServiceThread-MonitorService-13002 org.btsn.logger.PetriNetEventLogger - PLACE_CREATED: placeId=MONITOR, sequenceId=1000000, type=MONITOR, capacity=1
INFO ServiceThread-MonitorService-13002 org.btsn.places.MonitorService - MonitorService created for sequenceID: 1000000
DEBUG ServiceThread-MonitorService-13002 org.btsn.handlers.ServiceHelper - INVOKE: Created instance using 1-param constructor (context) for org.btsn.places.MonitorService
DEBUG ServiceThread-MonitorService-13002 org.btsn.handlers.ServiceHelper - INVOKE: Found standard method (1 String args)
DEBUG ServiceThread-MonitorService-13002 org.btsn.handlers.ServiceHelper - INVOKE: Calling writeCollectorData with 1 arguments
INFO ServiceThread-MonitorService-13002 org.btsn.places.MonitorService - Wrote contribution: seq=1050000 -> workflowBase=1000000 (v001: arrival=1790638758887ms, queue=181ms, service=249ms)
INFO ServiceThread-MonitorService-13002 org.btsn.places.MonitorService - Wrote contribution: seq=1040000 -> workflowBase=1000000 (v001: arrival=1790638757633ms, queue=209ms, service=294ms)
INFO ServiceThread-MonitorService-13002 org.btsn.places.MonitorService - Wrote contribution: seq=1080000 -> workflowBase=1000000 (v001: arrival=1790638764052ms, queue=156ms, service=236ms)
INFO ServiceThread-MonitorService-13002 org.btsn.places.MonitorService - Wrote contribution: seq=1060000 -> workflowBase=1000000 (v001: arrival=1790638760608ms, queue=174ms, service=244ms)
INFO ServiceThread-MonitorService-13002 org.btsn.places.MonitorService - Wrote contribution: seq=1000000 -> workflowBase=1000000 (v001: arrival=1790638742957ms, queue=296ms, service=263ms)
INFO ServiceThread-MonitorService-13002 org.btsn.places.MonitorService - Wrote contribution: seq=1090000 -> workflowBase=1000000 (v001: arrival=1790638766026ms, queue=176ms, service=271ms)
INFO ServiceThread-MonitorService-13002 org.btsn.places.MonitorService - Wrote contribution: seq=1020000 -> workflowBase=1000000 (v001: arrival=1790638752022ms, queue=174ms, service=323ms)
INFO ServiceThread-MonitorService-13002 org.btsn.places.MonitorService - Wrote contribution: seq=1030000 -> workflowBase=1000000 (v001: arrival=1790638754284ms, queue=166ms, service=285ms)
INFO ServiceThread-MonitorService-13002 org.btsn.places.MonitorService - Wrote contribution: seq=1070000 -> workflowBase=1000000 (v001: arrival=1790638762246ms, queue=176ms, service=219ms)
INFO ServiceThread-MonitorService-13002 org.btsn.places.MonitorService - Wrote contribution: seq=1010000 -> workflowBase=1000000 (v001: arrival=1790638748289ms, queue=198ms, service=329ms)
INFO ServiceThread-MonitorService-13002 org.btsn.places.MonitorService - Wrote marking: seq=1050000 -> workflowBase=1000000 (v001: buffer=0, total=1, capacity=50)
INFO ServiceThread-MonitorService-13002 org.btsn.places.MonitorService - Wrote marking: seq=1040000 -> workflowBase=1000000 (v001: buffer=0, total=1, capacity=50)
INFO ServiceThread-MonitorService-13002 org.btsn.places.MonitorService - Wrote marking: seq=1080000 -> workflowBase=1000000 (v001: buffer=0, total=1, capacity=50)
INFO ServiceThread-MonitorService-13002 org.btsn.places.MonitorService - Wrote marking: seq=1060000 -> workflowBase=1000000 (v001: buffer=0, total=1, capacity=50)
INFO ServiceThread-MonitorService-13002 org.btsn.places.MonitorService - Wrote marking: seq=1000000 -> workflowBase=1000000 (v001: buffer=0, total=1, capacity=50)
INFO ServiceThread-MonitorService-13002 org.btsn.places.MonitorService - Wrote marking: seq=1090000 -> workflowBase=1000000 (v001: buffer=0, total=1, capacity=50)
INFO ServiceThread-MonitorService-13002 org.btsn.places.MonitorService - Wrote marking: seq=1020000 -> workflowBase=1000000 (v001: buffer=0, total=1, capacity=50)
INFO ServiceThread-MonitorService-13002 org.btsn.places.MonitorService - Wrote marking: seq=1030000 -> workflowBase=1000000 (v001: buffer=0, total=1, capacity=50)
INFO ServiceThread-MonitorService-13002 org.btsn.places.MonitorService - Wrote marking: seq=1070000 -> workflowBase=1000000 (v001: buffer=0, total=1, capacity=50)
INFO ServiceThread-MonitorService-13002 org.btsn.places.MonitorService - Wrote marking: seq=1010000 -> workflowBase=1000000 (v001: buffer=0, total=1, capacity=50)
INFO ServiceThread-MonitorService-13002 org.btsn.handlers.ServiceHelper - SERVICE COMPLETE: org.btsn.places.MonitorService.writeCollectorData completed in 198ms
WARN ServiceThread-MonitorService-13002 org.btsn.handlers.ServiceHelper - ENRICHMENT: Output attribute 'token' not found in service result, cannot enrich
INFO ServiceThread-MonitorService-13002 org.btsn.handlers.ServiceHelper - ENRICHMENT: Successfully enriched service result with metadata
INFO ServiceThread-MonitorService-13002 org.btsn.handlers.ServiceHelper - === SERVICE INVOCATION COMPLETE ===
INFO ServiceThread-MonitorService-13002 org.btsn.handlers.TransitionHandler - ORCHESTRATOR: Service returned: {"performanceRecordsProcessed":20,"petriNetRecordsProcessed":81,"status":"success","totalRecordsProcessed":101}
DEBUG ServiceThread-MonitorService-13002 org.btsn.handlers.PetriNetInstrumentationHelper - Token 1000000 exiting place: MonitorService -> TERMINATE
WARN ServiceThread-MonitorService-13002 org.btsn.handlers.PetriNetInstrumentationHelper - NAMING CONVENTION VIOLATION: Service 'MonitorService' does not end with '_Place'. Expected format: {NodeName}_Place. Transition IDs may not match topology. Please rename the service.
DEBUG ServiceThread-MonitorService-13002 org.btsn.derby.Analysis.BuildServiceAnalysisDatabase - Wrote transition firing: T_out_MonitorService token=1000000 eventType=TERMINATE
DEBUG ServiceThread-MonitorService-13002 org.btsn.handlers.PetriNetInstrumentationHelper - Recorded transition: T_out_MonitorService (TerminateNode) token=1000000 MonitorService -> TERMINATE [TERMINATE]
INFO ServiceThread-MonitorService-13002 org.btsn.handlers.PetriNetInstrumentationHelper - Token 1000000 terminating at T_out_MonitorService
DEBUG ServiceThread-MonitorService-13002 org.btsn.handlers.ServiceThread - PETRI-NET: Token 1000000 TERMINATED at MonitorService
INFO ServiceThread-MonitorService-13002 org.btsn.handlers.TransitionHandler - ORCHESTRATOR: Token 1000000 terminated after MonitorService.writeCollectorData
DEBUG ServiceThread-MonitorService-13002 org.btsn.handlers.TransitionHandler - Processing Terminate Type complete.
ERROR ServiceThread-MonitorService-13002 org.btsn.handlers.ServiceThread - monitorIncomingEvents: false
DEBUG ServiceThread-MonitorService-13002 org.btsn.handlers.ServiceThread - ORCHESTRATOR: Cleaned up join 1000000
DEBUG ServiceThread-MonitorService-13002 org.btsn.handlers.ServiceThread - ORCHESTRATOR: Service MonitorService sequence ID: 1000000 complete.
INFO main org.btsn.derby.Analysis.BuildServiceAnalysisDatabase - Derby Embedded Driver registered successfully.
INFO main org.btsn.derby.Analysis.PetriNetAnalyzer - Found 1 distinct workflowBases: [1000000]
INFO main org.btsn.derby.Analysis.PetriNetAnalyzer - Fork/Join analysis: 0 forks, 0 successful joins
INFO main org.btsn.derby.Analysis.PetriNetAnalyzer - Token completeness check: All tokens complete
INFO main org.btsn.derby.Analysis.PetriNetAnalyzer - Token completeness check: All tokens complete
INFO main org.btsn.derby.Analysis.PetriNetAnalyzer - Fork/Join analysis: 0 forks, 0 successful joins
INFO main org.btsn.derby.Analysis.PetriNetAnalyzer - Actual incomplete tokens: 0 (filtered 0 joined tokens)
INFO main org.btsn.derby.Analysis.PetriNetAnalyzer - Found 10 terminated tokens (checked both tables)
INFO main org.btsn.derby.Analysis.PetriNetAnalyzer - Workflow throughput: 0.85 tokens/sec
INFO main org.btsn.derby.Analysis.PetriNetAnalyzer - Place MonitorService statistics: 0 tokens, avg=0.0ms
INFO main org.btsn.derby.Analysis.PetriNetAnalyzer - Place P1_Place statistics: 20 tokens, avg=212.0ms
INFO main org.btsn.derby.Analysis.PetriNetAnalyzer - Place P2_Place statistics: 20 tokens, avg=186.0ms
INFO main org.btsn.derby.Analysis.PetriNetAnalyzer - Capacity verification for MonitorService: max marking=0, capacity=50 - PASS
INFO main org.btsn.derby.Analysis.PetriNetAnalyzer - Capacity verification for P1_Place: max marking=1, capacity=50 - PASS
INFO main org.btsn.derby.Analysis.PetriNetAnalyzer - Capacity verification for P2_Place: max marking=1, capacity=50 - PASS
INFO main org.btsn.derby.Analysis.PetriNetAnalyzer - Retrieved 0 token paths for workflowBase=1000000
INFO main org.btsn.derby.Analysis.PetriNetAnalyzer - Generated workflow report for workflowBase=1000000
INFO main org.btsn.derby.Analysis.PetriNetAnalyzer - GENEALOGY: Found 10 tokens for workflow 1000000
INFO main org.btsn.derby.Analysis.PetriNetAnalyzer - GENEALOGY: 10 root tokens, 0 forked tokens, 0 max generation depth
INFO main org.btsn.derby.Analysis.PetriNetAnalyzer - Retrieved 0 token paths for workflowBase=1000000
INFO main org.btsn.derby.Analysis.PetriNetAnalyzer - Retrieved 10 GENERATED events for workflowBase 1000000
INFO main org.btsn.derby.Analysis.PetriNetAnalyzer - Retrieved 0 marking snapshots for MonitorService
INFO main org.btsn.derby.Analysis.PetriNetAnalyzer - Retrieved 30 marking snapshots for P1_Place
INFO main org.btsn.derby.Analysis.PetriNetAnalyzer - Retrieved 30 marking snapshots for P2_Place
INFO main org.btsn.derby.Analysis.PetriNetAnalyzer - Place correlation: 20 matched, 0 unmatched out of 20
INFO main org.btsn.derby.Analysis.PetriNetAnalyzer - Shared services (cross-version): []
INFO main org.btsn.derby.Analysis.PetriNetAnalyzer - Priority analysis complete: 20 samples (20 root, 0 forked), 0 shared services, 0 shared-service contention points, 0 shared-service inversions
INFO main org.btsn.derby.Analysis.PetriNetAnalyzer - Generated priority analysis report
