INFO ServiceThread-P2_Place-14002 org.btsn.handlers.ServiceThread - ORCHESTRATOR: Completed callNextOperation for MonitorService, published=true
INFO ServiceThread-P2_Place-14002 org.btsn.handlers.ServiceThread - ORCHESTRATOR: Successfully published to MonitorService via EventPublisher
ERROR ServiceThread-P2_Place-14002 org.btsn.handlers.ServiceThread - monitorIncomingEvents: true
DEBUG ServiceThread-P2_Place-14002 org.btsn.handlers.ServiceThread - TIMING: Using EventReactor arrival time=1790686109058 for seqID=1070000
DEBUG ServiceThread-P2_Place-14002 org.btsn.handlers.ServiceThread - WRITE: Using captured workflowStartTime=1790686108397 for seqID=1070000
INFO ServiceThread-P2_Place-14002 org.btsn.handlers.ServiceThread - === SERVICE TIMING RECORD ===
INFO ServiceThread-P2_Place-14002 org.btsn.handlers.ServiceThread -   Sequence ID: 1070000
INFO ServiceThread-P2_Place-14002 org.btsn.handlers.ServiceThread -   Service: P2_Place
INFO ServiceThread-P2_Place-14002 org.btsn.handlers.ServiceThread -   Operation: processToken
INFO ServiceThread-P2_Place-14002 org.btsn.handlers.ServiceThread -   Arrival Time (EventReactor): 1790686109058
INFO ServiceThread-P2_Place-14002 org.btsn.handlers.ServiceThread -   Invocation Time: 1790686109231
INFO ServiceThread-P2_Place-14002 org.btsn.handlers.ServiceThread -   Publish Time: 1790686109511
INFO ServiceThread-P2_Place-14002 org.btsn.handlers.ServiceThread -   Workflow Start Time: 1790686108397
INFO ServiceThread-P2_Place-14002 org.btsn.handlers.ServiceThread -   MARKING: Buffer=0, Total=1, Capacity=50
INFO ServiceThread-P2_Place-14002 org.btsn.handlers.ServiceThread - ==============================
INFO ServiceThread-P2_Place-14002 org.btsn.derby.Analysis.BuildServiceAnalysisDatabase - Wrote service timing record for sequenceID: 1070000
DEBUG ServiceThread-P2_Place-14002 org.btsn.handlers.ServiceThread -   Queue Time (including priority queue): 173ms
DEBUG ServiceThread-P2_Place-14002 org.btsn.handlers.ServiceThread -   Service Time: 280ms
DEBUG ServiceThread-P2_Place-14002 org.btsn.handlers.ServiceThread -   Total Time: 453ms
DEBUG ServiceThread-P2_Place-14002 org.btsn.handlers.ServiceThread -   Buffer Utilization: 0.0%
DEBUG ServiceThread-P2_Place-14002 org.btsn.handlers.ServiceThread - ORCHESTRATOR: Cleaned up join 1070000
DEBUG ServiceThread-P2_Place-14002 org.btsn.handlers.ServiceThread - ORCHESTRATOR: Service P2_Place sequence ID: 1070000 complete.
DEBUG ServiceThread-P2_Place-14002 org.btsn.handlers.ServiceThread - ORCHESTRATOR: Processing:: token = {"token":{"annotation":"{\"place\":\"P1\",\"entryTime\":1790686110510,\"exitTime\":1790686110611,\"residenceTime\":101,\"delayMs\":0,\"marking\":1,\"capacity\":1,\"distribution\":\"DETERMINISTIC\",\"routingPath\":\"true\"}","notAfter":1790686230197,"tokenId":"1080000","data":{"delayMs":"0","place":"P1","distribution":"DETERMINISTIC"},"workflow_start_time":1790686110197,"placeId":"token","routing_decision":{"probability":0.5,"guard_result":true,"routing_path":"true"},"service_start_time":1790686110509,"version":"v001","executionTime":101,"marking":1,"currentPlace":"P1_Place","service_processing_time_ms":103,"original_token":"{\"notAfter\":1790686230197,\"tokenId\":\"1080000\",\"data\":{},\"workflow_start_time\":1790686110197,\"currentPlace\":\"P1_Place\",\"version\":\"v001\"}","service_end_time":1790686110612,"status":"COMPLETED"}}
DEBUG ServiceThread-P2_Place-14002 org.btsn.handlers.ServiceThread - CAPTURE: WorkflowStartTime=1790686110197 for seqID=1080000
INFO ServiceThread-P2_Place-14002 org.btsn.handlers.ServiceThread - Incoming Sequence ID = 1080000
INFO ServiceThread-P2_Place-14002 org.btsn.handlers.ServiceThread - MonitorIncomingEvents+ = true
DEBUG ServiceThread-P2_Place-14002 org.btsn.handlers.ServiceThread - Using RuleBaseVersion: v001
DEBUG ServiceThread-P2_Place-14002 org.btsn.handlers.ServiceThread - FILTER: Event for P2_Place.processToken accepted by P2_Place thread
WARN ServiceThread-P2_Place-14002 org.btsn.json.jsonLibrary - Key "token" already exists. Skipping.
DEBUG ServiceThread-P2_Place-14002 org.btsn.handlers.ServiceThread - JOIN-MAP: Added key=token to join 1080000 (tokenId=1080000, mapSize=1)
INFO ServiceThread-P2_Place-14002 org.btsn.handlers.ServiceThread - DEBUG: Loading rule base for operation: processToken
INFO ServiceThread-P2_Place-14002 org.btsn.handlers.ServiceThread - DEBUG: Rule base location: C:\DevShare\BTSN_R001\BTSN\btsn.petrinet.places.p2/RuleFolder.v001/processToken/Service.ruleml
INFO ServiceThread-P2_Place-14002 org.btsn.handlers.ServiceThread - DEBUG: Using cached knowledge base for version: v001
INFO ServiceThread-P2_Place-14002 org.btsn.handlers.ServiceThread - DEBUG: Parsing knowledge base...
INFO ServiceThread-P2_Place-14002 org.btsn.handlers.ServiceThread - DEBUG: Knowledge base parsed successfully
DEBUG ServiceThread-P2_Place-14002 org.btsn.handlers.ServiceThread - CANONICAL-BINDING: Checking canonical binding for P2_Place.processToken with attribute 'token'
DEBUG ServiceThread-P2_Place-14002 org.btsn.handlers.ServiceThread - CANONICAL-BINDING: Operation processToken uses standard (AND) semantics
INFO ServiceThread-P2_Place-14002 org.btsn.handlers.ServiceThread - CANONICAL-BINDING: processToken requires 1 inputs total (standard AND logic)
INFO ServiceThread-P2_Place-14002 org.btsn.handlers.ServiceThread - CANONICAL-BINDING: processToken needs 1 input - can call immediately with 'token'
INFO ServiceThread-P2_Place-14002 org.btsn.handlers.ServiceThread - ORCHESTRATOR: Canonical binding found - overriding serviceName facts
INFO ServiceThread-P2_Place-14002 org.btsn.handlers.ServiceThread - ORCHESTRATOR: Overrode inputCollection for canonical binding
DEBUG ServiceThread-P2_Place-14002 org.btsn.handlers.ServiceThread - decisionValueCollection already populated from publishes query - skipping legacy getDecisionValue
DEBUG ServiceThread-P2_Place-14002 org.btsn.handlers.PetriNetInstrumentationHelper - Token 1080000 buffered at T_in_P2_Place (buffer=0)
DEBUG ServiceThread-P2_Place-14002 org.btsn.handlers.PetriNetInstrumentationHelper - Could not extract previousPlace from payload
DEBUG ServiceThread-P2_Place-14002 org.btsn.derby.Analysis.BuildServiceAnalysisDatabase - Wrote transition firing: T_in_P2 token=1080000 eventType=BUFFERED
DEBUG ServiceThread-P2_Place-14002 org.btsn.handlers.PetriNetInstrumentationHelper - Recorded transition: T_in_P2 (EdgeNode) token=1080000  -> P2_Place [BUFFERED] buffer=0
DEBUG ServiceThread-P2_Place-14002 org.btsn.handlers.ServiceThread - PETRI-NET: Token 1080000 BUFFERED at P2_Place (T_in arrival)
DEBUG ServiceThread-P2_Place-14002 org.btsn.handlers.PetriNetInstrumentationHelper - Token 1080000 entering place: P2_Place (buffer=0)
DEBUG ServiceThread-P2_Place-14002 org.btsn.handlers.PetriNetInstrumentationHelper - Could not extract previousPlace from payload
DEBUG ServiceThread-P2_Place-14002 org.btsn.derby.Analysis.BuildServiceAnalysisDatabase - Wrote transition firing: T_in_P2 token=1080000 eventType=ENTER
DEBUG ServiceThread-P2_Place-14002 org.btsn.handlers.PetriNetInstrumentationHelper - Recorded transition: T_in_P2 (EdgeNode) token=1080000  -> P2_Place [ENTER] buffer=0
DEBUG ServiceThread-P2_Place-14002 org.btsn.handlers.ServiceThread - PETRI-NET: Token 1080000 ENTER at P2_Place
INFO ServiceThread-P2_Place-14002 org.btsn.handlers.ServiceThread - DEBUG: About to check inputCollection.isEmpty() - size: 1
INFO ServiceThread-P2_Place-14002 org.btsn.handlers.ServiceThread - DEBUG: inputCollection contents: [null]
INFO ServiceThread-P2_Place-14002 org.btsn.handlers.ServiceThread - DEBUG: nodeType: EdgeNode
INFO ServiceThread-P2_Place-14002 org.btsn.handlers.ServiceThread - DEBUG: needsInputSynchronization: false
INFO ServiceThread-P2_Place-14002 org.btsn.handlers.ServiceThread - DEBUG: Past inputCollection check, about to enter JOIN processing
INFO ServiceThread-P2_Place-14002 org.btsn.handlers.ServiceThread - DEBUG: inputCollection.get(0): null
INFO ServiceThread-P2_Place-14002 org.btsn.handlers.ServiceThread - ORCHESTRATOR: Zero-input service P2_Place:processToken executing with trigger token (no workflow data required)
INFO ServiceThread-P2_Place-14002 org.btsn.handlers.ServiceThread - ORCHESTRATOR: Processing EdgeNode for P2_Place.processToken
INFO ServiceThread-P2_Place-14002 org.btsn.handlers.TransitionHandler - ORCHESTRATOR: Processing EdgeNode/MergeNode for P2_Place.processToken
DEBUG ServiceThread-P2_Place-14002 org.btsn.handlers.ServiceThread - CANONICAL-BINDING: Checking canonical binding for P2_Place.processToken with attribute 'token'
DEBUG ServiceThread-P2_Place-14002 org.btsn.handlers.ServiceThread - CANONICAL-BINDING: Operation processToken uses standard (AND) semantics
INFO ServiceThread-P2_Place-14002 org.btsn.handlers.ServiceThread - CANONICAL-BINDING: processToken requires 1 inputs total (standard AND logic)
INFO ServiceThread-P2_Place-14002 org.btsn.handlers.ServiceThread - CANONICAL-BINDING: processToken needs 1 input - can call immediately with 'token'
INFO ServiceThread-P2_Place-14002 org.btsn.handlers.ServiceThread - ORCHESTRATOR: Found single-input canonical binding - calling P2_Place.processToken immediately
INFO ServiceThread-P2_Place-14002 org.btsn.handlers.ServiceThread - ORCHESTRATOR: Invoking P2_Place.processToken via ServiceHelper (canonical binding)
INFO ServiceThread-P2_Place-14002 org.btsn.handlers.ServiceHelper - === SERVICE INVOCATION START ===
INFO ServiceThread-P2_Place-14002 org.btsn.handlers.ServiceHelper - Service: org.btsn.places.P2_Place.processToken
INFO ServiceThread-P2_Place-14002 org.btsn.handlers.ServiceHelper - SequenceID: 1080000
INFO ServiceThread-P2_Place-14002 org.btsn.handlers.ServiceHelper - Input arguments count: 1
DEBUG ServiceThread-P2_Place-14002 org.btsn.handlers.ServiceHelper - Processing argument 1/1, raw length: 842
DEBUG ServiceThread-P2_Place-14002 org.btsn.handlers.ServiceHelper - ENRICHMENT: Unwrapped place response from key: token
DEBUG ServiceThread-P2_Place-14002 org.btsn.handlers.ServiceHelper - ENRICHMENT: Found existing original_token to preserve
DEBUG ServiceThread-P2_Place-14002 org.btsn.handlers.ServiceHelper - ENRICHMENT: Extracted workflow_start_time=1790686110197
DEBUG ServiceThread-P2_Place-14002 org.btsn.handlers.ServiceHelper - ENRICHMENT: Cleaned argument 1, length: 842 (removed 0 bytes of metadata)
INFO ServiceThread-P2_Place-14002 org.btsn.handlers.ServiceHelper - ENRICHMENT: Extracted 1 clean business data arguments (removed infrastructure metadata)
INFO ServiceThread-P2_Place-14002 org.btsn.handlers.ServiceHelper - SERVICE INVOKE: Calling org.btsn.places.P2_Place.processToken with 1 CLEAN business data arguments
DEBUG ServiceThread-P2_Place-14002 org.btsn.handlers.ServiceHelper - INVOKE: Reflecting on org.btsn.places.P2_Place.processToken
DEBUG ServiceThread-P2_Place-14002 org.btsn.handlers.ServiceHelper - INVOKE: Looking for method with 1 String parameters
INFO ServiceThread-P2_Place-14002 org.btsn.logger.PetriNetEventLogger - PLACE_CREATED: placeId=P2, sequenceId=1080000, type=P2, capacity=1
DEBUG ServiceThread-P2_Place-14002 org.btsn.handlers.ServiceHelper - INVOKE: Created instance using 1-param constructor (context) for org.btsn.places.P2_Place
DEBUG ServiceThread-P2_Place-14002 org.btsn.handlers.ServiceHelper - INVOKE: Found standard method (1 String args)
DEBUG ServiceThread-P2_Place-14002 org.btsn.handlers.ServiceHelper - INVOKE: Calling processToken with 1 arguments
INFO ServiceThread-P2_Place-14002 org.btsn.logger.PetriNetEventLogger - TOKEN_ARRIVAL: placeId=P2, sequenceId=1080000, token=Token{id='1080000', version='v001', place='P1_Place', processType='null', data={delayMs=0, place=P1, distribution=DETERMINISTIC, workflow_start_time=1790686110197}, valid=true}
INFO ServiceThread-P2_Place-14002 org.btsn.logger.PetriNetEventLogger - CAPACITY_CHECK: placeId=P2, sequenceId=1080000, M(P)=0, capacity=1, hasCapacity=true
INFO ServiceThread-P2_Place-14002 org.btsn.logger.PetriNetEventLogger - MARKING_CHANGE: placeId=P2, sequenceId=1080000, M(P)=1, reason=token_accepted
INFO ServiceThread-P2_Place-14002 org.btsn.logger.PetriNetEventLogger - TOKEN_HELD: placeId=P2, sequenceId=1080000, token=Token{id='1080000', version='v001', place='P1_Place', processType='null', data={delayMs=0, place=P1, distribution=DETERMINISTIC, workflow_start_time=1790686110197}, valid=true}, M(P)=1, capacity=1
INFO ServiceThread-P2_Place-14002 org.btsn.logger.PetriNetEventLogger - VALIDITY_WINDOW_CHECK: placeId=P2, sequenceId=1080000, currentTime=1790686111112, notAfter=1790686230197, valid=true
INFO ServiceThread-P2_Place-14002 org.btsn.logger.PetriNetEventLogger - PLACE_EXECUTION: placeId=P2, sequenceId=1080000, executionTime=102ms, result=COMPLETED
INFO ServiceThread-P2_Place-14002 org.btsn.base.BaseStochasticPetriNetPlace - PN_PROCESS: place=P2, seq=1080000, guard=false, delay=0ms, total=102ms
INFO ServiceThread-P2_Place-14002 org.btsn.logger.PetriNetEventLogger - MARKING_CHANGE: placeId=P2, sequenceId=1080000, M(P)=0, reason=token_released
INFO ServiceThread-P2_Place-14002 org.btsn.logger.PetriNetEventLogger - TOKEN_RELEASED: placeId=P2, sequenceId=1080000, token=Token{id='1080000', version='v001', place='P1_Place', processType='null', data={delayMs=0, place=P1, distribution=DETERMINISTIC, workflow_start_time=1790686110197}, valid=true}, M(P)=0
INFO ServiceThread-P2_Place-14002 org.btsn.logger.PetriNetEventLogger - TOKEN_DEPARTURE: placeId=P2, sequenceId=1080000, token=Token{id='1080000', version='v001', place='P1_Place', processType='null', data={delayMs=0, place=P1, distribution=DETERMINISTIC, workflow_start_time=1790686110197}, valid=true}, annotation={"place":"P2","entryTime":1790686111010,"exitTime":1790686111112,"residenceTime":102,"delayMs":0,"marking":1,"capacity":1,"distribution":"DETERMINISTIC","routingPath":"false"}
INFO ServiceThread-P2_Place-14002 org.btsn.handlers.ServiceHelper - SERVICE COMPLETE: org.btsn.places.P2_Place.processToken completed in 104ms
INFO ServiceThread-P2_Place-14002 org.btsn.handlers.ServiceHelper - ENRICHMENT: Successfully enriched service result with metadata
INFO ServiceThread-P2_Place-14002 org.btsn.handlers.ServiceHelper - === SERVICE INVOCATION COMPLETE ===
INFO ServiceThread-P2_Place-14002 org.btsn.handlers.TransitionHandler - ORCHESTRATOR: Service returned: {"token":{"annotation":"{\"place\":\"P2\",\"entryTime\":1790686111010,\"exitTime\":1790686111112,\"residenceTime\":102,\"delayMs\":0,\"marking\":1,\"capacity\":1,\"distribution\":\"DETERMINISTIC\",\"routingPath\":\"false\"}","notAfter":1790686230197,"tokenId":"1080000","data":{"delayMs":"0","place":"P2","distribution":"DETERMINISTIC"},"workflow_start_time":1790686110197,"placeId":"token","routing_decision":{"probability":0.5,"guard_result":false,"routing_path":"false"},"service_start_time":1790686111009,"version":"v001","executionTime":102,"marking":1,"currentPlace":"P1_Place","service_processing_time_ms":104,"original_token":"{\"notAfter\":1790686230197,\"tokenId\":\"1080000\",\"data\":{},\"workflow_start_time\":1790686110197,\"currentPlace\":\"P1_Place\",\"version\":\"v001\"}","service_end_time":1790686111113,"status":"COMPLETED"}}
DEBUG ServiceThread-P2_Place-14002 org.btsn.handlers.PetriNetInstrumentationHelper - Token 1080000 exiting place: P2_Place -> MonitorService [arc=$ANON11]
DEBUG ServiceThread-P2_Place-14002 org.btsn.derby.Analysis.BuildServiceAnalysisDatabase - Wrote transition firing: T_out_P2 token=1080000 eventType=EXIT
DEBUG ServiceThread-P2_Place-14002 org.btsn.handlers.PetriNetInstrumentationHelper - Recorded transition: T_out_P2 (EdgeNode) token=1080000 P2_Place -> MonitorService [EXIT] arc=$ANON11
DEBUG ServiceThread-P2_Place-14002 org.btsn.handlers.ServiceThread - PETRI-NET: Token 1080000 EXIT from P2_Place -> MonitorService.acknowledgeTokenArrival [arc=$ANON11]
INFO ServiceThread-P2_Place-14002 org.btsn.handlers.ServiceThread - DEBUG: Querying activeService for MonitorService.acknowledgeTokenArrival
INFO ServiceThread-P2_Place-14002 org.btsn.handlers.ServiceThread - DEBUG: ActiveService query returned 2 rows
INFO ServiceThread-P2_Place-14002 org.btsn.handlers.ServiceThread - DEBUG: ActiveService result - ?channelId = ip0
INFO ServiceThread-P2_Place-14002 org.btsn.handlers.ServiceThread - DEBUG: ActiveService result - ?port = 3000
INFO ServiceThread-P2_Place-14002 org.btsn.handlers.ServiceThread - ORCHESTRATOR: APPLYING activeService override - Channel: ip0, Port: 3000
INFO ServiceThread-P2_Place-14002 org.btsn.handlers.ServiceThread - ORCHESTRATOR: Resolved ip0 to IP 192.168.1.152
DEBUG ServiceThread-P2_Place-14002 org.btsn.handlers.ServiceThread - ROUTING: External to MonitorService -> 'token'
INFO ServiceThread-P2_Place-14002 org.btsn.handlers.ServiceThread - ROUTING: Token 1080000 -> 'token' to MonitorService.acknowledgeTokenArrival
INFO ServiceThread-P2_Place-14002 org.btsn.handlers.ServiceThread - ORCHESTRATOR: Publishing to Service MonitorService Operation: acknowledgeTokenArrival
INFO ServiceThread-P2_Place-14002 org.btsn.handlers.ServiceThread - ORCHESTRATOR: Channel: 192.168.1.152, Port: 3000
INFO ServiceThread-P2_Place-14002 org.btsn.handlers.ServiceThread - ORCHESTRATOR: Attribute token = {"token":{"annotation":"{\"place\":\"P2\",\"entryTime\":1790686111010,\"exitTime\":1790686111112,\"residenceTime\":102,\"delayMs\":0,\"marking\":1,\"capacity\":1,\"distribution\":\"DETERMINISTIC\",\"routingPath\":\"false\"}","notAfter":1790686230197,"tokenId":"1080000","data":{"delayMs":"0","place":"P2","distribution":"DETERMINISTIC"},"workflow_start_time":1790686110197,"placeId":"token","routing_decision":{"probability":0.5,"guard_result":false,"routing_path":"false"},"service_start_time":1790686111009,"version":"v001","executionTime":102,"marking":1,"currentPlace":"P1_Place","service_processing_time_ms":104,"original_token":"{\"notAfter\":1790686230197,\"tokenId\":\"1080000\",\"data\":{},\"workflow_start_time\":1790686110197,\"currentPlace\":\"P1_Place\",\"version\":\"v001\"}","service_end_time":1790686111113,"status":"COMPLETED"}}
INFO ServiceThread-P2_Place-14002 org.btsn.handlers.ServiceThread - ORCHESTRATOR: Completed callNextOperation for MonitorService, published=true
INFO ServiceThread-P2_Place-14002 org.btsn.handlers.ServiceThread - ORCHESTRATOR: Successfully published to MonitorService via EventPublisher
ERROR ServiceThread-P2_Place-14002 org.btsn.handlers.ServiceThread - monitorIncomingEvents: true
DEBUG ServiceThread-P2_Place-14002 org.btsn.handlers.ServiceThread - TIMING: Using EventReactor arrival time=1790686110774 for seqID=1080000
DEBUG ServiceThread-P2_Place-14002 org.btsn.handlers.ServiceThread - WRITE: Using captured workflowStartTime=1790686110197 for seqID=1080000
INFO ServiceThread-P2_Place-14002 org.btsn.handlers.ServiceThread - === SERVICE TIMING RECORD ===
INFO ServiceThread-P2_Place-14002 org.btsn.handlers.ServiceThread -   Sequence ID: 1080000
INFO ServiceThread-P2_Place-14002 org.btsn.handlers.ServiceThread -   Service: P2_Place
INFO ServiceThread-P2_Place-14002 org.btsn.handlers.ServiceThread -   Operation: processToken
INFO ServiceThread-P2_Place-14002 org.btsn.handlers.ServiceThread -   Arrival Time (EventReactor): 1790686110774
INFO ServiceThread-P2_Place-14002 org.btsn.handlers.ServiceThread -   Invocation Time: 1790686110940
INFO ServiceThread-P2_Place-14002 org.btsn.handlers.ServiceThread -   Publish Time: 1790686111231
INFO ServiceThread-P2_Place-14002 org.btsn.handlers.ServiceThread -   Workflow Start Time: 1790686110197
INFO ServiceThread-P2_Place-14002 org.btsn.handlers.ServiceThread -   MARKING: Buffer=0, Total=1, Capacity=50
INFO ServiceThread-P2_Place-14002 org.btsn.handlers.ServiceThread - ==============================
INFO ServiceThread-P2_Place-14002 org.btsn.derby.Analysis.BuildServiceAnalysisDatabase - Wrote service timing record for sequenceID: 1080000
DEBUG ServiceThread-P2_Place-14002 org.btsn.handlers.ServiceThread -   Queue Time (including priority queue): 166ms
DEBUG ServiceThread-P2_Place-14002 org.btsn.handlers.ServiceThread -   Service Time: 291ms
DEBUG ServiceThread-P2_Place-14002 org.btsn.handlers.ServiceThread -   Total Time: 457ms
DEBUG ServiceThread-P2_Place-14002 org.btsn.handlers.ServiceThread -   Buffer Utilization: 0.0%
DEBUG ServiceThread-P2_Place-14002 org.btsn.handlers.ServiceThread - ORCHESTRATOR: Cleaned up join 1080000
DEBUG ServiceThread-P2_Place-14002 org.btsn.handlers.ServiceThread - ORCHESTRATOR: Service P2_Place sequence ID: 1080000 complete.
DEBUG ServiceThread-P2_Place-14002 org.btsn.handlers.ServiceThread - ORCHESTRATOR: Processing:: token = {"token":{"annotation":"{\"place\":\"P1\",\"entryTime\":1790686112499,\"exitTime\":1790686112601,\"residenceTime\":102,\"delayMs\":0,\"marking\":1,\"capacity\":1,\"distribution\":\"DETERMINISTIC\",\"routingPath\":\"true\"}","notAfter":1790686232197,"tokenId":"1090000","data":{"delayMs":"0","place":"P1","distribution":"DETERMINISTIC"},"workflow_start_time":1790686112197,"placeId":"token","routing_decision":{"probability":0.5,"guard_result":true,"routing_path":"true"},"service_start_time":1790686112498,"version":"v001","executionTime":102,"marking":1,"currentPlace":"P1_Place","service_processing_time_ms":104,"original_token":"{\"notAfter\":1790686232197,\"tokenId\":\"1090000\",\"data\":{},\"workflow_start_time\":1790686112197,\"currentPlace\":\"P1_Place\",\"version\":\"v001\"}","service_end_time":1790686112602,"status":"COMPLETED"}}
DEBUG ServiceThread-P2_Place-14002 org.btsn.handlers.ServiceThread - CAPTURE: WorkflowStartTime=1790686112197 for seqID=1090000
INFO ServiceThread-P2_Place-14002 org.btsn.handlers.ServiceThread - Incoming Sequence ID = 1090000
INFO ServiceThread-P2_Place-14002 org.btsn.handlers.ServiceThread - MonitorIncomingEvents+ = true
DEBUG ServiceThread-P2_Place-14002 org.btsn.handlers.ServiceThread - Using RuleBaseVersion: v001
DEBUG ServiceThread-P2_Place-14002 org.btsn.handlers.ServiceThread - FILTER: Event for P2_Place.processToken accepted by P2_Place thread
WARN ServiceThread-P2_Place-14002 org.btsn.json.jsonLibrary - Key "token" already exists. Skipping.
DEBUG ServiceThread-P2_Place-14002 org.btsn.handlers.ServiceThread - JOIN-MAP: Added key=token to join 1090000 (tokenId=1090000, mapSize=1)
INFO ServiceThread-P2_Place-14002 org.btsn.handlers.ServiceThread - DEBUG: Loading rule base for operation: processToken
INFO ServiceThread-P2_Place-14002 org.btsn.handlers.ServiceThread - DEBUG: Rule base location: C:\DevShare\BTSN_R001\BTSN\btsn.petrinet.places.p2/RuleFolder.v001/processToken/Service.ruleml
INFO ServiceThread-P2_Place-14002 org.btsn.handlers.ServiceThread - DEBUG: Using cached knowledge base for version: v001
INFO ServiceThread-P2_Place-14002 org.btsn.handlers.ServiceThread - DEBUG: Parsing knowledge base...
INFO ServiceThread-P2_Place-14002 org.btsn.handlers.ServiceThread - DEBUG: Knowledge base parsed successfully
DEBUG ServiceThread-P2_Place-14002 org.btsn.handlers.ServiceThread - CANONICAL-BINDING: Checking canonical binding for P2_Place.processToken with attribute 'token'
DEBUG ServiceThread-P2_Place-14002 org.btsn.handlers.ServiceThread - CANONICAL-BINDING: Operation processToken uses standard (AND) semantics
INFO ServiceThread-P2_Place-14002 org.btsn.handlers.ServiceThread - CANONICAL-BINDING: processToken requires 1 inputs total (standard AND logic)
INFO ServiceThread-P2_Place-14002 org.btsn.handlers.ServiceThread - CANONICAL-BINDING: processToken needs 1 input - can call immediately with 'token'
INFO ServiceThread-P2_Place-14002 org.btsn.handlers.ServiceThread - ORCHESTRATOR: Canonical binding found - overriding serviceName facts
INFO ServiceThread-P2_Place-14002 org.btsn.handlers.ServiceThread - ORCHESTRATOR: Overrode inputCollection for canonical binding
DEBUG ServiceThread-P2_Place-14002 org.btsn.handlers.ServiceThread - decisionValueCollection already populated from publishes query - skipping legacy getDecisionValue
DEBUG ServiceThread-P2_Place-14002 org.btsn.handlers.PetriNetInstrumentationHelper - Token 1090000 buffered at T_in_P2_Place (buffer=0)
DEBUG ServiceThread-P2_Place-14002 org.btsn.handlers.PetriNetInstrumentationHelper - Could not extract previousPlace from payload
DEBUG ServiceThread-P2_Place-14002 org.btsn.derby.Analysis.BuildServiceAnalysisDatabase - Wrote transition firing: T_in_P2 token=1090000 eventType=BUFFERED
DEBUG ServiceThread-P2_Place-14002 org.btsn.handlers.PetriNetInstrumentationHelper - Recorded transition: T_in_P2 (EdgeNode) token=1090000  -> P2_Place [BUFFERED] buffer=0
DEBUG ServiceThread-P2_Place-14002 org.btsn.handlers.ServiceThread - PETRI-NET: Token 1090000 BUFFERED at P2_Place (T_in arrival)
DEBUG ServiceThread-P2_Place-14002 org.btsn.handlers.PetriNetInstrumentationHelper - Token 1090000 entering place: P2_Place (buffer=0)
DEBUG ServiceThread-P2_Place-14002 org.btsn.handlers.PetriNetInstrumentationHelper - Could not extract previousPlace from payload
DEBUG ServiceThread-P2_Place-14002 org.btsn.derby.Analysis.BuildServiceAnalysisDatabase - Wrote transition firing: T_in_P2 token=1090000 eventType=ENTER
DEBUG ServiceThread-P2_Place-14002 org.btsn.handlers.PetriNetInstrumentationHelper - Recorded transition: T_in_P2 (EdgeNode) token=1090000  -> P2_Place [ENTER] buffer=0
DEBUG ServiceThread-P2_Place-14002 org.btsn.handlers.ServiceThread - PETRI-NET: Token 1090000 ENTER at P2_Place
INFO ServiceThread-P2_Place-14002 org.btsn.handlers.ServiceThread - DEBUG: About to check inputCollection.isEmpty() - size: 1
INFO ServiceThread-P2_Place-14002 org.btsn.handlers.ServiceThread - DEBUG: inputCollection contents: [null]
INFO ServiceThread-P2_Place-14002 org.btsn.handlers.ServiceThread - DEBUG: nodeType: EdgeNode
INFO ServiceThread-P2_Place-14002 org.btsn.handlers.ServiceThread - DEBUG: needsInputSynchronization: false
INFO ServiceThread-P2_Place-14002 org.btsn.handlers.ServiceThread - DEBUG: Past inputCollection check, about to enter JOIN processing
INFO ServiceThread-P2_Place-14002 org.btsn.handlers.ServiceThread - DEBUG: inputCollection.get(0): null
INFO ServiceThread-P2_Place-14002 org.btsn.handlers.ServiceThread - ORCHESTRATOR: Zero-input service P2_Place:processToken executing with trigger token (no workflow data required)
INFO ServiceThread-P2_Place-14002 org.btsn.handlers.ServiceThread - ORCHESTRATOR: Processing EdgeNode for P2_Place.processToken
INFO ServiceThread-P2_Place-14002 org.btsn.handlers.TransitionHandler - ORCHESTRATOR: Processing EdgeNode/MergeNode for P2_Place.processToken
DEBUG ServiceThread-P2_Place-14002 org.btsn.handlers.ServiceThread - CANONICAL-BINDING: Checking canonical binding for P2_Place.processToken with attribute 'token'
DEBUG ServiceThread-P2_Place-14002 org.btsn.handlers.ServiceThread - CANONICAL-BINDING: Operation processToken uses standard (AND) semantics
INFO ServiceThread-P2_Place-14002 org.btsn.handlers.ServiceThread - CANONICAL-BINDING: processToken requires 1 inputs total (standard AND logic)
INFO ServiceThread-P2_Place-14002 org.btsn.handlers.ServiceThread - CANONICAL-BINDING: processToken needs 1 input - can call immediately with 'token'
INFO ServiceThread-P2_Place-14002 org.btsn.handlers.ServiceThread - ORCHESTRATOR: Found single-input canonical binding - calling P2_Place.processToken immediately
INFO ServiceThread-P2_Place-14002 org.btsn.handlers.ServiceThread - ORCHESTRATOR: Invoking P2_Place.processToken via ServiceHelper (canonical binding)
INFO ServiceThread-P2_Place-14002 org.btsn.handlers.ServiceHelper - === SERVICE INVOCATION START ===
INFO ServiceThread-P2_Place-14002 org.btsn.handlers.ServiceHelper - Service: org.btsn.places.P2_Place.processToken
INFO ServiceThread-P2_Place-14002 org.btsn.handlers.ServiceHelper - SequenceID: 1090000
INFO ServiceThread-P2_Place-14002 org.btsn.handlers.ServiceHelper - Input arguments count: 1
DEBUG ServiceThread-P2_Place-14002 org.btsn.handlers.ServiceHelper - Processing argument 1/1, raw length: 842
DEBUG ServiceThread-P2_Place-14002 org.btsn.handlers.ServiceHelper - ENRICHMENT: Unwrapped place response from key: token
DEBUG ServiceThread-P2_Place-14002 org.btsn.handlers.ServiceHelper - ENRICHMENT: Found existing original_token to preserve
DEBUG ServiceThread-P2_Place-14002 org.btsn.handlers.ServiceHelper - ENRICHMENT: Extracted workflow_start_time=1790686112197
DEBUG ServiceThread-P2_Place-14002 org.btsn.handlers.ServiceHelper - ENRICHMENT: Cleaned argument 1, length: 842 (removed 0 bytes of metadata)
INFO ServiceThread-P2_Place-14002 org.btsn.handlers.ServiceHelper - ENRICHMENT: Extracted 1 clean business data arguments (removed infrastructure metadata)
INFO ServiceThread-P2_Place-14002 org.btsn.handlers.ServiceHelper - SERVICE INVOKE: Calling org.btsn.places.P2_Place.processToken with 1 CLEAN business data arguments
DEBUG ServiceThread-P2_Place-14002 org.btsn.handlers.ServiceHelper - INVOKE: Reflecting on org.btsn.places.P2_Place.processToken
DEBUG ServiceThread-P2_Place-14002 org.btsn.handlers.ServiceHelper - INVOKE: Looking for method with 1 String parameters
INFO ServiceThread-P2_Place-14002 org.btsn.logger.PetriNetEventLogger - PLACE_CREATED: placeId=P2, sequenceId=1090000, type=P2, capacity=1
DEBUG ServiceThread-P2_Place-14002 org.btsn.handlers.ServiceHelper - INVOKE: Created instance using 1-param constructor (context) for org.btsn.places.P2_Place
DEBUG ServiceThread-P2_Place-14002 org.btsn.handlers.ServiceHelper - INVOKE: Found standard method (1 String args)
DEBUG ServiceThread-P2_Place-14002 org.btsn.handlers.ServiceHelper - INVOKE: Calling processToken with 1 arguments
INFO ServiceThread-P2_Place-14002 org.btsn.logger.PetriNetEventLogger - TOKEN_ARRIVAL: placeId=P2, sequenceId=1090000, token=Token{id='1090000', version='v001', place='P1_Place', processType='null', data={delayMs=0, place=P1, distribution=DETERMINISTIC, workflow_start_time=1790686112197}, valid=true}
INFO ServiceThread-P2_Place-14002 org.btsn.logger.PetriNetEventLogger - CAPACITY_CHECK: placeId=P2, sequenceId=1090000, M(P)=0, capacity=1, hasCapacity=true
INFO ServiceThread-P2_Place-14002 org.btsn.logger.PetriNetEventLogger - MARKING_CHANGE: placeId=P2, sequenceId=1090000, M(P)=1, reason=token_accepted
INFO ServiceThread-P2_Place-14002 org.btsn.logger.PetriNetEventLogger - TOKEN_HELD: placeId=P2, sequenceId=1090000, token=Token{id='1090000', version='v001', place='P1_Place', processType='null', data={delayMs=0, place=P1, distribution=DETERMINISTIC, workflow_start_time=1790686112197}, valid=true}, M(P)=1, capacity=1
INFO ServiceThread-P2_Place-14002 org.btsn.logger.PetriNetEventLogger - VALIDITY_WINDOW_CHECK: placeId=P2, sequenceId=1090000, currentTime=1790686113022, notAfter=1790686232197, valid=true
INFO ServiceThread-P2_Place-14002 org.btsn.logger.PetriNetEventLogger - PLACE_EXECUTION: placeId=P2, sequenceId=1090000, executionTime=103ms, result=COMPLETED
INFO ServiceThread-P2_Place-14002 org.btsn.base.BaseStochasticPetriNetPlace - PN_PROCESS: place=P2, seq=1090000, guard=false, delay=0ms, total=103ms
INFO ServiceThread-P2_Place-14002 org.btsn.logger.PetriNetEventLogger - MARKING_CHANGE: placeId=P2, sequenceId=1090000, M(P)=0, reason=token_released
INFO ServiceThread-P2_Place-14002 org.btsn.logger.PetriNetEventLogger - TOKEN_RELEASED: placeId=P2, sequenceId=1090000, token=Token{id='1090000', version='v001', place='P1_Place', processType='null', data={delayMs=0, place=P1, distribution=DETERMINISTIC, workflow_start_time=1790686112197}, valid=true}, M(P)=0
INFO ServiceThread-P2_Place-14002 org.btsn.logger.PetriNetEventLogger - TOKEN_DEPARTURE: placeId=P2, sequenceId=1090000, token=Token{id='1090000', version='v001', place='P1_Place', processType='null', data={delayMs=0, place=P1, distribution=DETERMINISTIC, workflow_start_time=1790686112197}, valid=true}, annotation={"place":"P2","entryTime":1790686112919,"exitTime":1790686113022,"residenceTime":103,"delayMs":0,"marking":1,"capacity":1,"distribution":"DETERMINISTIC","routingPath":"false"}
INFO ServiceThread-P2_Place-14002 org.btsn.handlers.ServiceHelper - SERVICE COMPLETE: org.btsn.places.P2_Place.processToken completed in 105ms
INFO ServiceThread-P2_Place-14002 org.btsn.handlers.ServiceHelper - ENRICHMENT: Successfully enriched service result with metadata
INFO ServiceThread-P2_Place-14002 org.btsn.handlers.ServiceHelper - === SERVICE INVOCATION COMPLETE ===
INFO ServiceThread-P2_Place-14002 org.btsn.handlers.TransitionHandler - ORCHESTRATOR: Service returned: {"token":{"annotation":"{\"place\":\"P2\",\"entryTime\":1790686112919,\"exitTime\":1790686113022,\"residenceTime\":103,\"delayMs\":0,\"marking\":1,\"capacity\":1,\"distribution\":\"DETERMINISTIC\",\"routingPath\":\"false\"}","notAfter":1790686232197,"tokenId":"1090000","data":{"delayMs":"0","place":"P2","distribution":"DETERMINISTIC"},"workflow_start_time":1790686112197,"placeId":"token","routing_decision":{"probability":0.5,"guard_result":false,"routing_path":"false"},"service_start_time":1790686112918,"version":"v001","executionTime":103,"marking":1,"currentPlace":"P1_Place","service_processing_time_ms":105,"original_token":"{\"notAfter\":1790686232197,\"tokenId\":\"1090000\",\"data\":{},\"workflow_start_time\":1790686112197,\"currentPlace\":\"P1_Place\",\"version\":\"v001\"}","service_end_time":1790686113023,"status":"COMPLETED"}}
DEBUG ServiceThread-P2_Place-14002 org.btsn.handlers.PetriNetInstrumentationHelper - Token 1090000 exiting place: P2_Place -> MonitorService [arc=$ANON11]
DEBUG ServiceThread-P2_Place-14002 org.btsn.derby.Analysis.BuildServiceAnalysisDatabase - Wrote transition firing: T_out_P2 token=1090000 eventType=EXIT
DEBUG ServiceThread-P2_Place-14002 org.btsn.handlers.PetriNetInstrumentationHelper - Recorded transition: T_out_P2 (EdgeNode) token=1090000 P2_Place -> MonitorService [EXIT] arc=$ANON11
DEBUG ServiceThread-P2_Place-14002 org.btsn.handlers.ServiceThread - PETRI-NET: Token 1090000 EXIT from P2_Place -> MonitorService.acknowledgeTokenArrival [arc=$ANON11]
INFO ServiceThread-P2_Place-14002 org.btsn.handlers.ServiceThread - DEBUG: Querying activeService for MonitorService.acknowledgeTokenArrival
INFO ServiceThread-P2_Place-14002 org.btsn.handlers.ServiceThread - DEBUG: ActiveService query returned 2 rows
INFO ServiceThread-P2_Place-14002 org.btsn.handlers.ServiceThread - DEBUG: ActiveService result - ?channelId = ip0
INFO ServiceThread-P2_Place-14002 org.btsn.handlers.ServiceThread - DEBUG: ActiveService result - ?port = 3000
INFO ServiceThread-P2_Place-14002 org.btsn.handlers.ServiceThread - ORCHESTRATOR: APPLYING activeService override - Channel: ip0, Port: 3000
INFO ServiceThread-P2_Place-14002 org.btsn.handlers.ServiceThread - ORCHESTRATOR: Resolved ip0 to IP 192.168.1.152
DEBUG ServiceThread-P2_Place-14002 org.btsn.handlers.ServiceThread - ROUTING: External to MonitorService -> 'token'
INFO ServiceThread-P2_Place-14002 org.btsn.handlers.ServiceThread - ROUTING: Token 1090000 -> 'token' to MonitorService.acknowledgeTokenArrival
INFO ServiceThread-P2_Place-14002 org.btsn.handlers.ServiceThread - ORCHESTRATOR: Publishing to Service MonitorService Operation: acknowledgeTokenArrival
INFO ServiceThread-P2_Place-14002 org.btsn.handlers.ServiceThread - ORCHESTRATOR: Channel: 192.168.1.152, Port: 3000
INFO ServiceThread-P2_Place-14002 org.btsn.handlers.ServiceThread - ORCHESTRATOR: Attribute token = {"token":{"annotation":"{\"place\":\"P2\",\"entryTime\":1790686112919,\"exitTime\":1790686113022,\"residenceTime\":103,\"delayMs\":0,\"marking\":1,\"capacity\":1,\"distribution\":\"DETERMINISTIC\",\"routingPath\":\"false\"}","notAfter":1790686232197,"tokenId":"1090000","data":{"delayMs":"0","place":"P2","distribution":"DETERMINISTIC"},"workflow_start_time":1790686112197,"placeId":"token","routing_decision":{"probability":0.5,"guard_result":false,"routing_path":"false"},"service_start_time":1790686112918,"version":"v001","executionTime":103,"marking":1,"currentPlace":"P1_Place","service_processing_time_ms":105,"original_token":"{\"notAfter\":1790686232197,\"tokenId\":\"1090000\",\"data\":{},\"workflow_start_time\":1790686112197,\"currentPlace\":\"P1_Place\",\"version\":\"v001\"}","service_end_time":1790686113023,"status":"COMPLETED"}}
INFO ServiceThread-P2_Place-14002 org.btsn.handlers.ServiceThread - ORCHESTRATOR: Completed callNextOperation for MonitorService, published=true
INFO ServiceThread-P2_Place-14002 org.btsn.handlers.ServiceThread - ORCHESTRATOR: Successfully published to MonitorService via EventPublisher
ERROR ServiceThread-P2_Place-14002 org.btsn.handlers.ServiceThread - monitorIncomingEvents: true
DEBUG ServiceThread-P2_Place-14002 org.btsn.handlers.ServiceThread - TIMING: Using EventReactor arrival time=1790686112686 for seqID=1090000
DEBUG ServiceThread-P2_Place-14002 org.btsn.handlers.ServiceThread - WRITE: Using captured workflowStartTime=1790686112197 for seqID=1090000
INFO ServiceThread-P2_Place-14002 org.btsn.handlers.ServiceThread - === SERVICE TIMING RECORD ===
INFO ServiceThread-P2_Place-14002 org.btsn.handlers.ServiceThread -   Sequence ID: 1090000
INFO ServiceThread-P2_Place-14002 org.btsn.handlers.ServiceThread -   Service: P2_Place
INFO ServiceThread-P2_Place-14002 org.btsn.handlers.ServiceThread -   Operation: processToken
INFO ServiceThread-P2_Place-14002 org.btsn.handlers.ServiceThread -   Arrival Time (EventReactor): 1790686112686
INFO ServiceThread-P2_Place-14002 org.btsn.handlers.ServiceThread -   Invocation Time: 1790686112863
INFO ServiceThread-P2_Place-14002 org.btsn.handlers.ServiceThread -   Publish Time: 1790686113172
INFO ServiceThread-P2_Place-14002 org.btsn.handlers.ServiceThread -   Workflow Start Time: 1790686112197
INFO ServiceThread-P2_Place-14002 org.btsn.handlers.ServiceThread -   MARKING: Buffer=0, Total=1, Capacity=50
INFO ServiceThread-P2_Place-14002 org.btsn.handlers.ServiceThread - ==============================
INFO ServiceThread-P2_Place-14002 org.btsn.derby.Analysis.BuildServiceAnalysisDatabase - Wrote service timing record for sequenceID: 1090000
DEBUG ServiceThread-P2_Place-14002 org.btsn.handlers.ServiceThread -   Queue Time (including priority queue): 177ms
DEBUG ServiceThread-P2_Place-14002 org.btsn.handlers.ServiceThread -   Service Time: 309ms
DEBUG ServiceThread-P2_Place-14002 org.btsn.handlers.ServiceThread -   Total Time: 486ms
DEBUG ServiceThread-P2_Place-14002 org.btsn.handlers.ServiceThread -   Buffer Utilization: 0.0%
DEBUG ServiceThread-P2_Place-14002 org.btsn.handlers.ServiceThread - ORCHESTRATOR: Cleaned up join 1090000
DEBUG ServiceThread-P2_Place-14002 org.btsn.handlers.ServiceThread - ORCHESTRATOR: Service P2_Place sequence ID: 1090000 complete.
DEBUG ServiceThread-P2_CollectorService-14101 org.btsn.handlers.ServiceThread - ORCHESTRATOR: Processing:: token = {"token":"workflow_1000000_v001"}
DEBUG ServiceThread-P2_CollectorService-14101 org.btsn.handlers.ServiceThread - CAPTURE: WorkflowStartTime=1790686125357 for seqID=1000000
INFO ServiceThread-P2_CollectorService-14101 org.btsn.handlers.ServiceThread - Incoming Sequence ID = 1000000
INFO ServiceThread-P2_CollectorService-14101 org.btsn.handlers.ServiceThread - MonitorIncomingEvents+ = true
DEBUG ServiceThread-P2_CollectorService-14101 org.btsn.handlers.ServiceThread - Using RuleBaseVersion: v999
DEBUG ServiceThread-P2_CollectorService-14101 org.btsn.handlers.ServiceThread - FILTER: Event for P2_CollectorService.collectAllData accepted by P2_CollectorService thread
WARN ServiceThread-P2_CollectorService-14101 org.btsn.json.jsonLibrary - Key "token" already exists. Skipping.
DEBUG ServiceThread-P2_CollectorService-14101 org.btsn.handlers.ServiceThread - JOIN-MAP: Added key=token to join 1000000 (tokenId=1000000, mapSize=1)
INFO ServiceThread-P2_CollectorService-14101 org.btsn.handlers.ServiceThread - DEBUG: Loading rule base for operation: collectAllData
INFO ServiceThread-P2_CollectorService-14101 org.btsn.handlers.ServiceThread - DEBUG: Rule base location: C:\DevShare\BTSN_R001\BTSN\btsn.petrinet.places.p2/RuleFolder.v999/collectAllData/Service.ruleml
INFO ServiceThread-P2_CollectorService-14101 org.btsn.handlers.ServiceThread - DEBUG: Loading fresh knowledge base from: C:\DevShare\BTSN_R001\BTSN\btsn.petrinet.places.p2/RuleFolder.v999/collectAllData/Service.ruleml
INFO ServiceThread-P2_CollectorService-14101 org.btsn.handlers.ServiceThread - DEBUG: Loaded knowledge base length: 13498
DEBUG ServiceThread-P2_CollectorService-14101 org.btsn.handlers.ServiceThread - DEBUG: Knowledge base content preview: <Assert>
<Rulebase mapClosure="universal">
<!-- Version On -->
<Data><Atom><Rel>Version</Rel><Ind>v999</Ind></Atom></Data>
<!-- Common Rules to all services -->
<!-- 
This is the rule determines the operational parameters associated with
the destination service.
 -->
<Implies>
	<then>
		<Atom>
			<Rel>publishes</Rel>
			<Var>service</Var>
			<Var>condition</Var>
			<Var>operation</Var>
			<Var>channel</Var>
			<Var>ip</Var>
			<Var>port</Var>
			<Var>decisionValue</Var>
		</A
INFO ServiceThread-P2_CollectorService-14101 org.btsn.handlers.ServiceThread - DEBUG: Parsing knowledge base...
INFO ServiceThread-P2_CollectorService-14101 org.btsn.handlers.ServiceThread - DEBUG: Knowledge base parsed successfully
DEBUG ServiceThread-P2_CollectorService-14101 org.btsn.handlers.ServiceThread - CANONICAL-BINDING: Checking canonical binding for P2_CollectorService.collectAllData with attribute 'token'
DEBUG ServiceThread-P2_CollectorService-14101 org.btsn.handlers.ServiceThread - CANONICAL-BINDING: Operation collectAllData uses standard (AND) semantics
INFO ServiceThread-P2_CollectorService-14101 org.btsn.handlers.ServiceThread - CANONICAL-BINDING: collectAllData requires 1 inputs total (standard AND logic)
INFO ServiceThread-P2_CollectorService-14101 org.btsn.handlers.ServiceThread - CANONICAL-BINDING: collectAllData needs 1 input - can call immediately with 'token'
INFO ServiceThread-P2_CollectorService-14101 org.btsn.handlers.ServiceThread - ORCHESTRATOR: Canonical binding found - overriding serviceName facts
INFO ServiceThread-P2_CollectorService-14101 org.btsn.handlers.ServiceThread - ORCHESTRATOR: Overrode inputCollection for canonical binding
WARN ServiceThread-P2_CollectorService-14101 org.btsn.handlers.ServiceThread - Using legacy getDecisionValue - consider updating CoreRuleBase to include decisionValue in publishes
DEBUG ServiceThread-P2_CollectorService-14101 org.btsn.handlers.PetriNetInstrumentationHelper - Token 1000000 buffered at T_in_P2_CollectorService (buffer=0)
DEBUG ServiceThread-P2_CollectorService-14101 org.btsn.handlers.PetriNetInstrumentationHelper - Could not extract previousPlace from payload
WARN ServiceThread-P2_CollectorService-14101 org.btsn.handlers.PetriNetInstrumentationHelper - NAMING CONVENTION VIOLATION: Service 'P2_CollectorService' does not end with '_Place'. Expected format: {NodeName}_Place. Transition IDs may not match topology. Please rename the service.
DEBUG ServiceThread-P2_CollectorService-14101 org.btsn.derby.Analysis.BuildServiceAnalysisDatabase - Wrote transition firing: T_in_P2_CollectorService token=1000000 eventType=BUFFERED
DEBUG ServiceThread-P2_CollectorService-14101 org.btsn.handlers.PetriNetInstrumentationHelper - Recorded transition: T_in_P2_CollectorService (EdgeNode) token=1000000  -> P2_CollectorService [BUFFERED] buffer=0
DEBUG ServiceThread-P2_CollectorService-14101 org.btsn.handlers.ServiceThread - PETRI-NET: Token 1000000 BUFFERED at P2_CollectorService (T_in arrival)
DEBUG ServiceThread-P2_CollectorService-14101 org.btsn.handlers.PetriNetInstrumentationHelper - Token 1000000 entering place: P2_CollectorService (buffer=0)
DEBUG ServiceThread-P2_CollectorService-14101 org.btsn.handlers.PetriNetInstrumentationHelper - Could not extract previousPlace from payload
WARN ServiceThread-P2_CollectorService-14101 org.btsn.handlers.PetriNetInstrumentationHelper - NAMING CONVENTION VIOLATION: Service 'P2_CollectorService' does not end with '_Place'. Expected format: {NodeName}_Place. Transition IDs may not match topology. Please rename the service.
DEBUG ServiceThread-P2_CollectorService-14101 org.btsn.derby.Analysis.BuildServiceAnalysisDatabase - Wrote transition firing: T_in_P2_CollectorService token=1000000 eventType=ENTER
DEBUG ServiceThread-P2_CollectorService-14101 org.btsn.handlers.PetriNetInstrumentationHelper - Recorded transition: T_in_P2_CollectorService (EdgeNode) token=1000000  -> P2_CollectorService [ENTER] buffer=0
DEBUG ServiceThread-P2_CollectorService-14101 org.btsn.handlers.ServiceThread - PETRI-NET: Token 1000000 ENTER at P2_CollectorService
INFO ServiceThread-P2_CollectorService-14101 org.btsn.handlers.ServiceThread - DEBUG: About to check inputCollection.isEmpty() - size: 1
INFO ServiceThread-P2_CollectorService-14101 org.btsn.handlers.ServiceThread - DEBUG: inputCollection contents: [null]
INFO ServiceThread-P2_CollectorService-14101 org.btsn.handlers.ServiceThread - DEBUG: nodeType: EdgeNode
INFO ServiceThread-P2_CollectorService-14101 org.btsn.handlers.ServiceThread - DEBUG: needsInputSynchronization: false
INFO ServiceThread-P2_CollectorService-14101 org.btsn.handlers.ServiceThread - DEBUG: Past inputCollection check, about to enter JOIN processing
INFO ServiceThread-P2_CollectorService-14101 org.btsn.handlers.ServiceThread - DEBUG: inputCollection.get(0): null
INFO ServiceThread-P2_CollectorService-14101 org.btsn.handlers.ServiceThread - ORCHESTRATOR: Zero-input service P2_CollectorService:collectAllData executing with trigger token (no workflow data required)
INFO ServiceThread-P2_CollectorService-14101 org.btsn.handlers.ServiceThread - ORCHESTRATOR: Processing EdgeNode for P2_CollectorService.collectAllData
INFO ServiceThread-P2_CollectorService-14101 org.btsn.handlers.TransitionHandler - ORCHESTRATOR: Processing EdgeNode/MergeNode for P2_CollectorService.collectAllData
DEBUG ServiceThread-P2_CollectorService-14101 org.btsn.handlers.ServiceThread - CANONICAL-BINDING: Checking canonical binding for P2_CollectorService.collectAllData with attribute 'token'
DEBUG ServiceThread-P2_CollectorService-14101 org.btsn.handlers.ServiceThread - CANONICAL-BINDING: Operation collectAllData uses standard (AND) semantics
INFO ServiceThread-P2_CollectorService-14101 org.btsn.handlers.ServiceThread - CANONICAL-BINDING: collectAllData requires 1 inputs total (standard AND logic)
INFO ServiceThread-P2_CollectorService-14101 org.btsn.handlers.ServiceThread - CANONICAL-BINDING: collectAllData needs 1 input - can call immediately with 'token'
INFO ServiceThread-P2_CollectorService-14101 org.btsn.handlers.ServiceThread - ORCHESTRATOR: Found single-input canonical binding - calling P2_CollectorService.collectAllData immediately
INFO ServiceThread-P2_CollectorService-14101 org.btsn.handlers.ServiceThread - ORCHESTRATOR: Invoking P2_CollectorService.collectAllData via ServiceHelper (canonical binding)
INFO ServiceThread-P2_CollectorService-14101 org.btsn.handlers.ServiceHelper - === SERVICE INVOCATION START ===
INFO ServiceThread-P2_CollectorService-14101 org.btsn.handlers.ServiceHelper - Service: org.btsn.places.P2_CollectorService.collectAllData
INFO ServiceThread-P2_CollectorService-14101 org.btsn.handlers.ServiceHelper - SequenceID: 1000000
INFO ServiceThread-P2_CollectorService-14101 org.btsn.handlers.ServiceHelper - Input arguments count: 1
DEBUG ServiceThread-P2_CollectorService-14101 org.btsn.handlers.ServiceHelper - Processing argument 1/1, raw length: 33
DEBUG ServiceThread-P2_CollectorService-14101 org.btsn.handlers.ServiceHelper - ENRICHMENT: First service - raw token IS original_token
INFO ServiceThread-P2_CollectorService-14101 org.btsn.handlers.ServiceHelper - ENRICHMENT: Initialized workflow start time (first service)
DEBUG ServiceThread-P2_CollectorService-14101 org.btsn.handlers.ServiceHelper - ENRICHMENT: Cleaned argument 1, length: 33 (removed 0 bytes of metadata)
INFO ServiceThread-P2_CollectorService-14101 org.btsn.handlers.ServiceHelper - ENRICHMENT: Extracted 1 clean business data arguments (removed infrastructure metadata)
INFO ServiceThread-P2_CollectorService-14101 org.btsn.handlers.ServiceHelper - SERVICE INVOKE: Calling org.btsn.places.P2_CollectorService.collectAllData with 1 CLEAN business data arguments
DEBUG ServiceThread-P2_CollectorService-14101 org.btsn.handlers.ServiceHelper - INVOKE: Reflecting on org.btsn.places.P2_CollectorService.collectAllData
DEBUG ServiceThread-P2_CollectorService-14101 org.btsn.handlers.ServiceHelper - INVOKE: Looking for method with 1 String parameters
DEBUG ServiceThread-P2_CollectorService-14101 org.btsn.handlers.ServiceHelper - INVOKE: Created instance using 3-param constructor (context, placeName, buildVersion) for org.btsn.places.P2_CollectorService
DEBUG ServiceThread-P2_CollectorService-14101 org.btsn.handlers.ServiceHelper - INVOKE: Found standard method (1 String args)
DEBUG ServiceThread-P2_CollectorService-14101 org.btsn.handlers.ServiceHelper - INVOKE: Calling collectAllData with 1 arguments
INFO ServiceThread-P2_CollectorService-14101 org.btsn.handlers.ServiceHelper - SERVICE COMPLETE: org.btsn.places.P2_CollectorService.collectAllData completed in 525ms
WARN ServiceThread-P2_CollectorService-14101 org.btsn.handlers.ServiceHelper - ENRICHMENT: Inner object is not a JSONObject, cannot enrich
INFO ServiceThread-P2_CollectorService-14101 org.btsn.handlers.ServiceHelper - ENRICHMENT: Successfully enriched service result with metadata
INFO ServiceThread-P2_CollectorService-14101 org.btsn.handlers.ServiceHelper - === SERVICE INVOCATION COMPLETE ===
INFO ServiceThread-P2_CollectorService-14101 org.btsn.handlers.TransitionHandler - ORCHESTRATOR: Service returned: {"monitoredPlace":"P2_Place","petriNetData":{"firingRecordCount":30,"workflowGroups":{"1000000":{"markingEvolution":[{"marking":1,"tokenId":1000000,"transitionId":"T_in_P2","toPlace":"P2_Place","workflowBase":1000000,"eventType":"BUFFERED","placeName":"P2_Place","timestamp":1790686089845,"bufferSize":0},{"marking":1,"tokenId":1000000,"transitionId":"T_in_P2","toPlace":"P2_Place","workflowBase":1000000,"eventType":"ENTER","placeName":"P2_Place","timestamp":1790686089901,"bufferSize":0},{"marking":0,"tokenId":1000000,"transitionId":"T_out_P2","toPlace":"MonitorService","workflowBase":1000000,"eventType":"EXIT","placeName":"P2_Place","timestamp":1790686090113,"bufferSize":0},{"marking":1,"tokenId":1010000,"transitionId":"T_in_P2","toPlace":"P2_Place","workflowBase":1000000,"eventType":"BUFFERED","placeName":"P2_Place","timestamp":1790686095140,"bufferSize":0},{"marking":1,"tokenId":1010000,"transitionId":"T_in_P2","toPlace":"P2_Place","workflowBase":1000000,"eventType":"ENTER","placeName":"P2_Place","timestamp":1790686095153,"bufferSize":0},{"marking":0,"tokenId":1010000,"transitionId":"T_out_P2","toPlace":"MonitorService","workflowBase":1000000,"eventType":"EXIT","placeName":"P2_Place","timestamp":1790686095364,"bufferSize":0},{"marking":1,"tokenId":1020000,"transitionId":"T_in_P2","toPlace":"P2_Place","workflowBase":1000000,"eventType":"BUFFERED","placeName":"P2_Place","timestamp":1790686098988,"bufferSize":0},{"marking":1,"tokenId":1020000,"transitionId":"T_in_P2","toPlace":"P2_Place","workflowBase":1000000,"eventType":"ENTER","placeName":"P2_Place","timestamp":1790686098998,"bufferSize":0},{"marking":0,"tokenId":1020000,"transitionId":"T_out_P2","toPlace":"MonitorService","workflowBase":1000000,"eventType":"EXIT","placeName":"P2_Place","timestamp":1790686099180,"bufferSize":0},{"marking":1,"tokenId":1030000,"transitionId":"T_in_P2","toPlace":"P2_Place","workflowBase":1000000,"eventType":"BUFFERED","placeName":"P2_Place","timestamp":1790686101118,"bufferSize":0},{"marking":1,"tokenId":1030000,"transitionId":"T_in_P2","toPlace":"P2_Place","workflowBase":1000000,"eventType":"ENTER","placeName":"P2_Place","timestamp":1790686101128,"bufferSize":0},{"marking":0,"tokenId":1030000,"transitionId":"T_out_P2","toPlace":"MonitorService","workflowBase":1000000,"eventType":"EXIT","placeName":"P2_Place","timestamp":1790686101279,"bufferSize":0},{"marking":1,"tokenId":1040000,"transitionId":"T_in_P2","toPlace":"P2_Place","workflowBase":1000000,"eventType":"BUFFERED","placeName":"P2_Place","timestamp":1790686104647,"bufferSize":0},{"marking":1,"tokenId":1040000,"transitionId":"T_in_P2","toPlace":"P2_Place","workflowBase":1000000,"eventType":"ENTER","placeName":"P2_Place","timestamp":1790686104656,"bufferSize":0},{"marking":0,"tokenId":1040000,"transitionId":"T_out_P2","toPlace":"MonitorService","workflowBase":1000000,"eventType":"EXIT","placeName":"P2_Place","timestamp":1790686104847,"bufferSize":0},{"marking":1,"tokenId":1050000,"transitionId":"T_in_P2","toPlace":"P2_Place","workflowBase":1000000,"eventType":"BUFFERED","placeName":"P2_Place","timestamp":1790686105742,"bufferSize":0},{"marking":1,"tokenId":1050000,"transitionId":"T_in_P2","toPlace":"P2_Place","workflowBase":1000000,"eventType":"ENTER","placeName":"P2_Place","timestamp":1790686105753,"bufferSize":0},{"marking":0,"tokenId":1050000,"transitionId":"T_out_P2","toPlace":"MonitorService","workflowBase":1000000,"eventType":"EXIT","placeName":"P2_Place","timestamp":1790686105945,"bufferSize":0},{"marking":1,"tokenId":1060000,"transitionId":"T_in_P2","toPlace":"P2_Place","workflowBase":1000000,"eventType":"BUFFERED","placeName":"P2_Place","timestamp":1790686107462,"bufferSize":0},{"marking":1,"tokenId":1060000,"transitionId":"T_in_P2","toPlace":"P2_Place","workflowBase":1000000,"eventType":"ENTER","placeName":"P2_Place","timestamp":1790686107475,"bufferSize":0},{"marking":0,"tokenId":1060000,"transitionId":"T_out_P2","toPlace":"MonitorService","workflowBase":1000000,"eventType":"EXIT","placeName":"P2_Place","timestamp":1790686107655,"bufferSize":0},{"marking":1,"tokenId":1070000,"transitionId":"T_in_P2","toPlace":"P2_Place","workflowBase":1000000,"eventType":"BUFFERED","placeName":"P2_Place","timestamp":1790686109215,"bufferSize":0},{"marking":1,"tokenId":1070000,"transitionId":"T_in_P2","toPlace":"P2_Place","workflowBase":1000000,"eventType":"ENTER","placeName":"P2_Place","timestamp":1790686109226,"bufferSize":0},{"marking":0,"tokenId":1070000,"transitionId":"T_out_P2","toPlace":"MonitorService","workflowBase":1000000,"eventType":"EXIT","placeName":"P2_Place","timestamp":1790686109403,"bufferSize":0},{"marking":1,"tokenId":1080000,"transitionId":"T_in_P2","toPlace":"P2_Place","workflowBase":1000000,"eventType":"BUFFERED","placeName":"P2_Place","timestamp":1790686110927,"bufferSize":0},{"marking":1,"tokenId":1080000,"transitionId":"T_in_P2","toPlace":"P2_Place","workflowBase":1000000,"eventType":"ENTER","placeName":"P2_Place","timestamp":1790686110935,"bufferSize":0},{"marking":0,"tokenId":1080000,"transitionId":"T_out_P2","toPlace":"MonitorService","workflowBase":1000000,"eventType":"EXIT","placeName":"P2_Place","timestamp":1790686111113,"bufferSize":0},{"marking":1,"tokenId":1090000,"transitionId":"T_in_P2","toPlace":"P2_Place","workflowBase":1000000,"eventType":"BUFFERED","placeName":"P2_Place","timestamp":1790686112841,"bufferSize":0},{"marking":1,"tokenId":1090000,"transitionId":"T_in_P2","toPlace":"P2_Place","workflowBase":1000000,"eventType":"ENTER","placeName":"P2_Place","timestamp":1790686112851,"bufferSize":0},{"marking":0,"tokenId":1090000,"transitionId":"T_out_P2","toPlace":"MonitorService","workflowBase":1000000,"eventType":"EXIT","placeName":"P2_Place","timestamp":1790686113023,"bufferSize":0}],"tokenGenealogy":[],"tokenPaths":[{"entryTime":1790686089845,"exitTime":1790686090113,"residenceTime":268,"entryBufferSize":0,"tokenId":1000000,"exitBufferSize":0,"workflowBase":1000000,"placeName":"P2_Place"},{"entryTime":1790686089901,"exitTime":1790686090113,"residenceTime":212,"entryBufferSize":0,"tokenId":1000000,"exitBufferSize":0,"workflowBase":1000000,"placeName":"P2_Place"},{"entryTime":1790686095140,"exitTime":1790686095364,"residenceTime":224,"entryBufferSize":0,"tokenId":1010000,"exitBufferSize":0,"workflowBase":1000000,"placeName":"P2_Place"},{"entryTime":1790686095153,"exitTime":1790686095364,"residenceTime":211,"entryBufferSize":0,"tokenId":1010000,"exitBufferSize":0,"workflowBase":1000000,"placeName":"P2_Place"},{"entryTime":1790686098988,"exitTime":1790686099180,"residenceTime":192,"entryBufferSize":0,"tokenId":1020000,"exitBufferSize":0,"workflowBase":1000000,"placeName":"P2_Place"},{"entryTime":1790686098998,"exitTime":1790686099180,"residenceTime":182,"entryBufferSize":0,"tokenId":1020000,"exitBufferSize":0,"workflowBase":1000000,"placeName":"P2_Place"},{"entryTime":1790686101118,"exitTime":1790686101279,"residenceTime":161,"entryBufferSize":0,"tokenId":1030000,"exitBufferSize":0,"workflowBase":1000000,"placeName":"P2_Place"},{"entryTime":1790686101128,"exitTime":1790686101279,"residenceTime":151,"entryBufferSize":0,"tokenId":1030000,"exitBufferSize":0,"workflowBase":1000000,"placeName":"P2_Place"},{"entryTime":1790686104647,"exitTime":1790686104847,"residenceTime":200,"entryBufferSize":0,"tokenId":1040000,"exitBufferSize":0,"workflowBase":1000000,"placeName":"P2_Place"},{"entryTime":1790686104656,"exitTime":1790686104847,"residenceTime":191,"entryBufferSize":0,"tokenId":1040000,"exitBufferSize":0,"workflowBase":1000000,"placeName":"P2_Place"},{"entryTime":1790686105742,"exitTime":1790686105945,"residenceTime":203,"entryBufferSize":0,"tokenId":1050000,"exitBufferSize":0,"workflowBase":1000000,"placeName":"P2_Place"},{"entryTime":1790686105753,"exitTime":1790686105945,"residenceTime":192,"entryBufferSize":0,"tokenId":1050000,"exitBufferSize":0,"workflowBase":1000000,"placeName":"P2_Place"},{"entryTime":1790686107462,"exitTime":1790686107655,"residenceTime":193,"entryBufferSize":0,"tokenId":1060000,"exitBufferSize":0,"workflowBase":1000000,"placeName":"P2_Place"},{"entryTime":1790686107475,"exitTime":1790686107655,"residenceTime":180,"entryBufferSize":0,"tokenId":1060000,"exitBufferSize":0,"workflowBase":1000000,"placeName":"P2_Place"},{"entryTime":1790686109215,"exitTime":1790686109403,"residenceTime":188,"entryBufferSize":0,"tokenId":1070000,"exitBufferSize":0,"workflowBase":1000000,"placeName":"P2_Place"},{"entryTime":1790686109226,"exitTime":1790686109403,"residenceTime":177,"entryBufferSize":0,"tokenId":1070000,"exitBufferSize":0,"workflowBase":1000000,"placeName":"P2_Place"},{"entryTime":1790686110927,"exitTime":1790686111113,"residenceTime":186,"entryBufferSize":0,"tokenId":1080000,"exitBufferSize":0,"workflowBase":1000000,"placeName":"P2_Place"},{"entryTime":1790686110935,"exitTime":1790686111113,"residenceTime":178,"entryBufferSize":0,"tokenId":1080000,"exitBufferSize":0,"workflowBase":1000000,"placeName":"P2_Place"},{"entryTime":1790686112841,"exitTime":1790686113023,"residenceTime":182,"entryBufferSize":0,"tokenId":1090000,"exitBufferSize":0,"workflowBase":1000000,"placeName":"P2_Place"},{"entryTime":1790686112851,"exitTime":1790686113023,"residenceTime":172,"entryBufferSize":0,"tokenId":1090000,"exitBufferSize":0,"workflowBase":1000000,"placeName":"P2_Place"}],"transitionFirings":[{"tokenId":1000000,"transitionId":"T_in_P2","fromPlace":"","toPlace":"P2_Place","workflowBase":1000000,"eventType":"BUFFERED","placeName":"P2_Place","timestamp":1790686089845,"bufferSize":0},{"tokenId":1000000,"transitionId":"T_in_P2","fromPlace":"","toPlace":"P2_Place","workflowBase":1000000,"eventType":"ENTER","placeName":"P2_Place","timestamp":1790686089901,"bufferSize":0},{"tokenId":1000000,"transitionId":"T_out_P2","fromPlace":"P2_Place","toPlace":"MonitorService","workflowBase":1000000,"eventType":"EXIT","placeName":"P2_Place","timestamp":1790686090113,"bufferSize":0},{"tokenId":1010000,"transitionId":"T_in_P2","fromPlace":"","toPlace":"P2_Place","workflowBase":1000000,"eventType":"BUFFERED","placeName":"P2_Place","timestamp":1790686095140,"bufferSize":0},{"tokenId":1010000,"transitionId":"T_in_P2","fromPlace":"","toPlace":"P2_Place","workflowBase":1000000,"eventType":"ENTER","placeName":"P2_Place","timestamp":1790686095153,"bufferSize":0},{"tokenId":1010000,"transitionId":"T_out_P2","fromPlace":"P2_Place","toPlace":"MonitorService","workflowBase":1000000,"eventType":"EXIT","placeName":"P2_Place","timestamp":1790686095364,"bufferSize":0},{"tokenId":1020000,"transitionId":"T_in_P2","fromPlace":"","toPlace":"P2_Place","workflowBase":1000000,"eventType":"BUFFERED","placeName":"P2_Place","timestamp":1790686098988,"bufferSize":0},{"tokenId":1020000,"transitionId":"T_in_P2","fromPlace":"","toPlace":"P2_Place","workflowBase":1000000,"eventType":"ENTER","placeName":"P2_Place","timestamp":1790686098998,"bufferSize":0},{"tokenId":1020000,"transitionId":"T_out_P2","fromPlace":"P2_Place","toPlace":"MonitorService","workflowBase":1000000,"eventType":"EXIT","placeName":"P2_Place","timestamp":1790686099180,"bufferSize":0},{"tokenId":1030000,"transitionId":"T_in_P2","fromPlace":"","toPlace":"P2_Place","workflowBase":1000000,"eventType":"BUFFERED","placeName":"P2_Place","timestamp":1790686101118,"bufferSize":0},{"tokenId":1030000,"transitionId":"T_in_P2","fromPlace":"","toPlace":"P2_Place","workflowBase":1000000,"eventType":"ENTER","placeName":"P2_Place","timestamp":1790686101128,"bufferSize":0},{"tokenId":1030000,"transitionId":"T_out_P2","fromPlace":"P2_Place","toPlace":"MonitorService","workflowBase":1000000,"eventType":"EXIT","placeName":"P2_Place","timestamp":1790686101279,"bufferSize":0},{"tokenId":1040000,"transitionId":"T_in_P2","fromPlace":"","toPlace":"P2_Place","workflowBase":1000000,"eventType":"BUFFERED","placeName":"P2_Place","timestamp":1790686104647,"bufferSize":0},{"tokenId":1040000,"transitionId":"T_in_P2","fromPlace":"","toPlace":"P2_Place","workflowBase":1000000,"eventType":"ENTER","placeName":"P2_Place","timestamp":1790686104656,"bufferSize":0},{"tokenId":1040000,"transitionId":"T_out_P2","fromPlace":"P2_Place","toPlace":"MonitorService","workflowBase":1000000,"eventType":"EXIT","placeName":"P2_Place","timestamp":1790686104847,"bufferSize":0},{"tokenId":1050000,"transitionId":"T_in_P2","fromPlace":"","toPlace":"P2_Place","workflowBase":1000000,"eventType":"BUFFERED","placeName":"P2_Place","timestamp":1790686105742,"bufferSize":0},{"tokenId":1050000,"transitionId":"T_in_P2","fromPlace":"","toPlace":"P2_Place","workflowBase":1000000,"eventType":"ENTER","placeName":"P2_Place","timestamp":1790686105753,"bufferSize":0},{"tokenId":1050000,"transitionId":"T_out_P2","fromPlace":"P2_Place","toPlace":"MonitorService","workflowBase":1000000,"eventType":"EXIT","placeName":"P2_Place","timestamp":1790686105945,"bufferSize":0},{"tokenId":1060000,"transitionId":"T_in_P2","fromPlace":"","toPlace":"P2_Place","workflowBase":1000000,"eventType":"BUFFERED","placeName":"P2_Place","timestamp":1790686107462,"bufferSize":0},{"tokenId":1060000,"transitionId":"T_in_P2","fromPlace":"","toPlace":"P2_Place","workflowBase":1000000,"eventType":"ENTER","placeName":"P2_Place","timestamp":1790686107475,"bufferSize":0},{"tokenId":1060000,"transitionId":"T_out_P2","fromPlace":"P2_Place","toPlace":"MonitorService","workflowBase":1000000,"eventType":"EXIT","placeName":"P2_Place","timestamp":1790686107655,"bufferSize":0},{"tokenId":1070000,"transitionId":"T_in_P2","fromPlace":"","toPlace":"P2_Place","workflowBase":1000000,"eventType":"BUFFERED","placeName":"P2_Place","timestamp":1790686109215,"bufferSize":0},{"tokenId":1070000,"transitionId":"T_in_P2","fromPlace":"","toPlace":"P2_Place","workflowBase":1000000,"eventType":"ENTER","placeName":"P2_Place","timestamp":1790686109226,"bufferSize":0},{"tokenId":1070000,"transitionId":"T_out_P2","fromPlace":"P2_Place","toPlace":"MonitorService","workflowBase":1000000,"eventType":"EXIT","placeName":"P2_Place","timestamp":1790686109403,"bufferSize":0},{"tokenId":1080000,"transitionId":"T_in_P2","fromPlace":"","toPlace":"P2_Place","workflowBase":1000000,"eventType":"BUFFERED","placeName":"P2_Place","timestamp":1790686110927,"bufferSize":0},{"tokenId":1080000,"transitionId":"T_in_P2","fromPlace":"","toPlace":"P2_Place","workflowBase":1000000,"eventType":"ENTER","placeName":"P2_Place","timestamp":1790686110935,"bufferSize":0},{"tokenId":1080000,"transitionId":"T_out_P2","fromPlace":"P2_Place","toPlace":"MonitorService","workflowBase":1000000,"eventType":"EXIT","placeName":"P2_Place","timestamp":1790686111113,"bufferSize":0},{"tokenId":1090000,"transitionId":"T_in_P2","fromPlace":"","toPlace":"P2_Place","workflowBase":1000000,"eventType":"BUFFERED","placeName":"P2_Place","timestamp":1790686112841,"bufferSize":0},{"tokenId":1090000,"transitionId":"T_in_P2","fromPlace":"","toPlace":"P2_Place","workflowBase":1000000,"eventType":"ENTER","placeName":"P2_Place","timestamp":1790686112851,"bufferSize":0},{"tokenId":1090000,"transitionId":"T_out_P2","fromPlace":"P2_Place","toPlace":"MonitorService","workflowBase":1000000,"eventType":"EXIT","placeName":"P2_Place","timestamp":1790686113023,"bufferSize":0}],"statistics":[{"avgResidenceTime":192.0,"minResidenceTime":151,"maxBufferSize":0,"tokenCount":20,"maxResidenceTime":268,"workflowBase":1000000,"throughput":5.208333333333333,"placeName":"P2_Place","avgBufferSize":0.0}]}},"pathRecordCount":20,"statisticsRecordCount":1,"markingRecordCount":30},"reportingService":"P2_CollectorService","collectionTime":1790686125717,"performanceData":{"workflowGroups":{"1790686100399":[{"maxQueueCapacity":50,"arrivalTime":1790686100959,"totalTime":428,"workflowStartTime":1790686100399,"totalMarking":1,"serviceName":"P2_Place","sequenceId":1030000,"operation":"processToken","serviceTime":253,"queueTime":175,"bufferSize":0}],"1790686108397":[{"maxQueueCapacity":50,"arrivalTime":1790686109058,"totalTime":453,"workflowStartTime":1790686108397,"totalMarking":1,"serviceName":"P2_Place","sequenceId":1070000,"operation":"processToken","serviceTime":280,"queueTime":173,"bufferSize":0}],"1790686104997":[{"maxQueueCapacity":50,"arrivalTime":1790686105575,"totalTime":472,"workflowStartTime":1790686104997,"totalMarking":1,"serviceName":"P2_Place","sequenceId":1050000,"operation":"processToken","serviceTime":287,"queueTime":185,"bufferSize":0}],"1790686103798":[{"maxQueueCapacity":50,"arrivalTime":1790686104477,"totalTime":506,"workflowStartTime":1790686103798,"totalMarking":1,"serviceName":"P2_Place","sequenceId":1040000,"operation":"processToken","serviceTime":322,"queueTime":184,"bufferSize":0}],"1790686106800":[{"maxQueueCapacity":50,"arrivalTime":1790686107299,"totalTime":477,"workflowStartTime":1790686106800,"totalMarking":1,"serviceName":"P2_Place","sequenceId":1060000,"operation":"processToken","serviceTime":295,"queueTime":182,"bufferSize":0}],"1790686094399":[{"maxQueueCapacity":50,"arrivalTime":1790686094902,"totalTime":578,"workflowStartTime":1790686094399,"totalMarking":1,"serviceName":"P2_Place","sequenceId":1010000,"operation":"processToken","serviceTime":319,"queueTime":259,"bufferSize":0}],"1790686112197":[{"maxQueueCapacity":50,"arrivalTime":1790686112686,"totalTime":486,"workflowStartTime":1790686112197,"totalMarking":1,"serviceName":"P2_Place","sequenceId":1090000,"operation":"processToken","serviceTime":309,"queueTime":177,"bufferSize":0}],"1790686088839":[{"maxQueueCapacity":50,"arrivalTime":1790686089607,"totalTime":614,"workflowStartTime":1790686088839,"totalMarking":1,"serviceName":"P2_Place","sequenceId":1000000,"operation":"processToken","serviceTime":312,"queueTime":302,"bufferSize":0}],"1790686110197":[{"maxQueueCapacity":50,"arrivalTime":1790686110774,"totalTime":457,"workflowStartTime":1790686110197,"totalMarking":1,"serviceName":"P2_Place","sequenceId":1080000,"operation":"processToken","serviceTime":291,"queueTime":166,"bufferSize":0}],"1790686098199":[{"maxQueueCapacity":50,"arrivalTime":1790686098812,"totalTime":467,"workflowStartTime":1790686098199,"totalMarking":1,"serviceName":"P2_Place","sequenceId":1020000,"operation":"processToken","serviceTime":274,"queueTime":193,"bufferSize":0}]},"markingData":{"1790686100399":[{"publishTime":1790686101387,"maxQueueCapacity":50,"arrivalTime":1790686100959,"invocationTime":1790686101134,"workflowStartTime":1790686100399,"totalMarking":1,"serviceName":"P2_Place","sequenceId":1030000,"operation":"processToken","bufferSize":0}],"1790686108397":[{"publishTime":1790686109511,"maxQueueCapacity":50,"arrivalTime":1790686109058,"invocationTime":1790686109231,"workflowStartTime":1790686108397,"totalMarking":1,"serviceName":"P2_Place","sequenceId":1070000,"operation":"processToken","bufferSize":0}],"1790686104997":[{"publishTime":1790686106047,"maxQueueCapacity":50,"arrivalTime":1790686105575,"invocationTime":1790686105760,"workflowStartTime":1790686104997,"totalMarking":1,"serviceName":"P2_Place","sequenceId":1050000,"operation":"processToken","bufferSize":0}],"1790686103798":[{"publishTime":1790686104983,"maxQueueCapacity":50,"arrivalTime":1790686104477,"invocationTime":1790686104661,"workflowStartTime":1790686103798,"totalMarking":1,"serviceName":"P2_Place","sequenceId":1040000,"operation":"processToken","bufferSize":0}],"1790686106800":[{"publishTime":1790686107776,"maxQueueCapacity":50,"arrivalTime":1790686107299,"invocationTime":1790686107481,"workflowStartTime":1790686106800,"totalMarking":1,"serviceName":"P2_Place","sequenceId":1060000,"operation":"processToken","bufferSize":0}],"1790686094399":[{"publishTime":1790686095480,"maxQueueCapacity":50,"arrivalTime":1790686094902,"invocationTime":1790686095161,"workflowStartTime":1790686094399,"totalMarking":1,"serviceName":"P2_Place","sequenceId":1010000,"operation":"processToken","bufferSize":0}],"1790686112197":[{"publishTime":1790686113172,"maxQueueCapacity":50,"arrivalTime":1790686112686,"invocationTime":1790686112863,"workflowStartTime":1790686112197,"totalMarking":1,"serviceName":"P2_Place","sequenceId":1090000,"operation":"processToken","bufferSize":0}],"1790686088839":[{"publishTime":1790686090221,"maxQueueCapacity":50,"arrivalTime":1790686089607,"invocationTime":1790686089909,"workflowStartTime":1790686088839,"totalMarking":1,"serviceName":"P2_Place","sequenceId":1000000,"operation":"processToken","bufferSize":0}],"1790686110197":[{"publishTime":1790686111231,"maxQueueCapacity":50,"arrivalTime":1790686110774,"invocationTime":1790686110940,"workflowStartTime":1790686110197,"totalMarking":1,"serviceName":"P2_Place","sequenceId":1080000,"operation":"processToken","bufferSize":0}],"1790686098199":[{"publishTime":1790686099279,"maxQueueCapacity":50,"arrivalTime":1790686098812,"invocationTime":1790686099005,"workflowStartTime":1790686098199,"totalMarking":1,"serviceName":"P2_Place","sequenceId":1020000,"operation":"processToken","bufferSize":0}]},"timingRecordCount":10,"markingRecordCount":10},"reportingChannel":"unified_collection","serviceContext":"1000000","version":"v001","token":"{\"token\":\"workflow_1000000_v001\"}"}
DEBUG ServiceThread-P2_CollectorService-14101 org.btsn.handlers.PetriNetInstrumentationHelper - Token 1000000 exiting place: P2_CollectorService -> MonitorService [arc=$ANON11]
WARN ServiceThread-P2_CollectorService-14101 org.btsn.handlers.PetriNetInstrumentationHelper - NAMING CONVENTION VIOLATION: Service 'P2_CollectorService' does not end with '_Place'. Expected format: {NodeName}_Place. Transition IDs may not match topology. Please rename the service.
DEBUG ServiceThread-P2_CollectorService-14101 org.btsn.derby.Analysis.BuildServiceAnalysisDatabase - Wrote transition firing: T_out_P2_CollectorService token=1000000 eventType=EXIT
DEBUG ServiceThread-P2_CollectorService-14101 org.btsn.handlers.PetriNetInstrumentationHelper - Recorded transition: T_out_P2_CollectorService (EdgeNode) token=1000000 P2_CollectorService -> MonitorService [EXIT] arc=$ANON11
DEBUG ServiceThread-P2_CollectorService-14101 org.btsn.handlers.ServiceThread - PETRI-NET: Token 1000000 EXIT from P2_CollectorService -> MonitorService.writeCollectorData [arc=$ANON11]
INFO ServiceThread-P2_CollectorService-14101 org.btsn.handlers.ServiceThread - DEBUG: Querying activeService for MonitorService.writeCollectorData
INFO ServiceThread-P2_CollectorService-14101 org.btsn.handlers.ServiceThread - DEBUG: ActiveService query returned 2 rows
INFO ServiceThread-P2_CollectorService-14101 org.btsn.handlers.ServiceThread - DEBUG: ActiveService result - ?channelId = ip0
INFO ServiceThread-P2_CollectorService-14101 org.btsn.handlers.ServiceThread - DEBUG: ActiveService result - ?port = 3002
INFO ServiceThread-P2_CollectorService-14101 org.btsn.handlers.ServiceThread - ORCHESTRATOR: APPLYING activeService override - Channel: ip0, Port: 3002
INFO ServiceThread-P2_CollectorService-14101 org.btsn.handlers.ServiceThread - ORCHESTRATOR: Resolved ip0 to IP 192.168.1.152
DEBUG ServiceThread-P2_CollectorService-14101 org.btsn.handlers.ServiceThread - ROUTING: External to MonitorService -> 'token'
INFO ServiceThread-P2_CollectorService-14101 org.btsn.handlers.ServiceThread - ROUTING: Token 1000000 -> 'token' to MonitorService.writeCollectorData
INFO ServiceThread-P2_CollectorService-14101 org.btsn.handlers.ServiceThread - ORCHESTRATOR: Publishing to Service MonitorService Operation: writeCollectorData
INFO ServiceThread-P2_CollectorService-14101 org.btsn.handlers.ServiceThread - ORCHESTRATOR: Channel: 192.168.1.152, Port: 3002
INFO ServiceThread-P2_CollectorService-14101 org.btsn.handlers.ServiceThread - ORCHESTRATOR: Attribute token = {"monitoredPlace":"P2_Place","petriNetData":{"firingRecordCount":30,"workflowGroups":{"1000000":{"markingEvolution":[{"marking":1,"tokenId":1000000,"transitionId":"T_in_P2","toPlace":"P2_Place","workflowBase":1000000,"eventType":"BUFFERED","placeName":"P2_Place","timestamp":1790686089845,"bufferSize":0},{"marking":1,"tokenId":1000000,"transitionId":"T_in_P2","toPlace":"P2_Place","workflowBase":1000000,"eventType":"ENTER","placeName":"P2_Place","timestamp":1790686089901,"bufferSize":0},{"marking":0,"tokenId":1000000,"transitionId":"T_out_P2","toPlace":"MonitorService","workflowBase":1000000,"eventType":"EXIT","placeName":"P2_Place","timestamp":1790686090113,"bufferSize":0},{"marking":1,"tokenId":1010000,"transitionId":"T_in_P2","toPlace":"P2_Place","workflowBase":1000000,"eventType":"BUFFERED","placeName":"P2_Place","timestamp":1790686095140,"bufferSize":0},{"marking":1,"tokenId":1010000,"transitionId":"T_in_P2","toPlace":"P2_Place","workflowBase":1000000,"eventType":"ENTER","placeName":"P2_Place","timestamp":1790686095153,"bufferSize":0},{"marking":0,"tokenId":1010000,"transitionId":"T_out_P2","toPlace":"MonitorService","workflowBase":1000000,"eventType":"EXIT","placeName":"P2_Place","timestamp":1790686095364,"bufferSize":0},{"marking":1,"tokenId":1020000,"transitionId":"T_in_P2","toPlace":"P2_Place","workflowBase":1000000,"eventType":"BUFFERED","placeName":"P2_Place","timestamp":1790686098988,"bufferSize":0},{"marking":1,"tokenId":1020000,"transitionId":"T_in_P2","toPlace":"P2_Place","workflowBase":1000000,"eventType":"ENTER","placeName":"P2_Place","timestamp":1790686098998,"bufferSize":0},{"marking":0,"tokenId":1020000,"transitionId":"T_out_P2","toPlace":"MonitorService","workflowBase":1000000,"eventType":"EXIT","placeName":"P2_Place","timestamp":1790686099180,"bufferSize":0},{"marking":1,"tokenId":1030000,"transitionId":"T_in_P2","toPlace":"P2_Place","workflowBase":1000000,"eventType":"BUFFERED","placeName":"P2_Place","timestamp":1790686101118,"bufferSize":0},{"marking":1,"tokenId":1030000,"transitionId":"T_in_P2","toPlace":"P2_Place","workflowBase":1000000,"eventType":"ENTER","placeName":"P2_Place","timestamp":1790686101128,"bufferSize":0},{"marking":0,"tokenId":1030000,"transitionId":"T_out_P2","toPlace":"MonitorService","workflowBase":1000000,"eventType":"EXIT","placeName":"P2_Place","timestamp":1790686101279,"bufferSize":0},{"marking":1,"tokenId":1040000,"transitionId":"T_in_P2","toPlace":"P2_Place","workflowBase":1000000,"eventType":"BUFFERED","placeName":"P2_Place","timestamp":1790686104647,"bufferSize":0},{"marking":1,"tokenId":1040000,"transitionId":"T_in_P2","toPlace":"P2_Place","workflowBase":1000000,"eventType":"ENTER","placeName":"P2_Place","timestamp":1790686104656,"bufferSize":0},{"marking":0,"tokenId":1040000,"transitionId":"T_out_P2","toPlace":"MonitorService","workflowBase":1000000,"eventType":"EXIT","placeName":"P2_Place","timestamp":1790686104847,"bufferSize":0},{"marking":1,"tokenId":1050000,"transitionId":"T_in_P2","toPlace":"P2_Place","workflowBase":1000000,"eventType":"BUFFERED","placeName":"P2_Place","timestamp":1790686105742,"bufferSize":0},{"marking":1,"tokenId":1050000,"transitionId":"T_in_P2","toPlace":"P2_Place","workflowBase":1000000,"eventType":"ENTER","placeName":"P2_Place","timestamp":1790686105753,"bufferSize":0},{"marking":0,"tokenId":1050000,"transitionId":"T_out_P2","toPlace":"MonitorService","workflowBase":1000000,"eventType":"EXIT","placeName":"P2_Place","timestamp":1790686105945,"bufferSize":0},{"marking":1,"tokenId":1060000,"transitionId":"T_in_P2","toPlace":"P2_Place","workflowBase":1000000,"eventType":"BUFFERED","placeName":"P2_Place","timestamp":1790686107462,"bufferSize":0},{"marking":1,"tokenId":1060000,"transitionId":"T_in_P2","toPlace":"P2_Place","workflowBase":1000000,"eventType":"ENTER","placeName":"P2_Place","timestamp":1790686107475,"bufferSize":0},{"marking":0,"tokenId":1060000,"transitionId":"T_out_P2","toPlace":"MonitorService","workflowBase":1000000,"eventType":"EXIT","placeName":"P2_Place","timestamp":1790686107655,"bufferSize":0},{"marking":1,"tokenId":1070000,"transitionId":"T_in_P2","toPlace":"P2_Place","workflowBase":1000000,"eventType":"BUFFERED","placeName":"P2_Place","timestamp":1790686109215,"bufferSize":0},{"marking":1,"tokenId":1070000,"transitionId":"T_in_P2","toPlace":"P2_Place","workflowBase":1000000,"eventType":"ENTER","placeName":"P2_Place","timestamp":1790686109226,"bufferSize":0},{"marking":0,"tokenId":1070000,"transitionId":"T_out_P2","toPlace":"MonitorService","workflowBase":1000000,"eventType":"EXIT","placeName":"P2_Place","timestamp":1790686109403,"bufferSize":0},{"marking":1,"tokenId":1080000,"transitionId":"T_in_P2","toPlace":"P2_Place","workflowBase":1000000,"eventType":"BUFFERED","placeName":"P2_Place","timestamp":1790686110927,"bufferSize":0},{"marking":1,"tokenId":1080000,"transitionId":"T_in_P2","toPlace":"P2_Place","workflowBase":1000000,"eventType":"ENTER","placeName":"P2_Place","timestamp":1790686110935,"bufferSize":0},{"marking":0,"tokenId":1080000,"transitionId":"T_out_P2","toPlace":"MonitorService","workflowBase":1000000,"eventType":"EXIT","placeName":"P2_Place","timestamp":1790686111113,"bufferSize":0},{"marking":1,"tokenId":1090000,"transitionId":"T_in_P2","toPlace":"P2_Place","workflowBase":1000000,"eventType":"BUFFERED","placeName":"P2_Place","timestamp":1790686112841,"bufferSize":0},{"marking":1,"tokenId":1090000,"transitionId":"T_in_P2","toPlace":"P2_Place","workflowBase":1000000,"eventType":"ENTER","placeName":"P2_Place","timestamp":1790686112851,"bufferSize":0},{"marking":0,"tokenId":1090000,"transitionId":"T_out_P2","toPlace":"MonitorService","workflowBase":1000000,"eventType":"EXIT","placeName":"P2_Place","timestamp":1790686113023,"bufferSize":0}],"tokenGenealogy":[],"tokenPaths":[{"entryTime":1790686089845,"exitTime":1790686090113,"residenceTime":268,"entryBufferSize":0,"tokenId":1000000,"exitBufferSize":0,"workflowBase":1000000,"placeName":"P2_Place"},{"entryTime":1790686089901,"exitTime":1790686090113,"residenceTime":212,"entryBufferSize":0,"tokenId":1000000,"exitBufferSize":0,"workflowBase":1000000,"placeName":"P2_Place"},{"entryTime":1790686095140,"exitTime":1790686095364,"residenceTime":224,"entryBufferSize":0,"tokenId":1010000,"exitBufferSize":0,"workflowBase":1000000,"placeName":"P2_Place"},{"entryTime":1790686095153,"exitTime":1790686095364,"residenceTime":211,"entryBufferSize":0,"tokenId":1010000,"exitBufferSize":0,"workflowBase":1000000,"placeName":"P2_Place"},{"entryTime":1790686098988,"exitTime":1790686099180,"residenceTime":192,"entryBufferSize":0,"tokenId":1020000,"exitBufferSize":0,"workflowBase":1000000,"placeName":"P2_Place"},{"entryTime":1790686098998,"exitTime":1790686099180,"residenceTime":182,"entryBufferSize":0,"tokenId":1020000,"exitBufferSize":0,"workflowBase":1000000,"placeName":"P2_Place"},{"entryTime":1790686101118,"exitTime":1790686101279,"residenceTime":161,"entryBufferSize":0,"tokenId":1030000,"exitBufferSize":0,"workflowBase":1000000,"placeName":"P2_Place"},{"entryTime":1790686101128,"exitTime":1790686101279,"residenceTime":151,"entryBufferSize":0,"tokenId":1030000,"exitBufferSize":0,"workflowBase":1000000,"placeName":"P2_Place"},{"entryTime":1790686104647,"exitTime":1790686104847,"residenceTime":200,"entryBufferSize":0,"tokenId":1040000,"exitBufferSize":0,"workflowBase":1000000,"placeName":"P2_Place"},{"entryTime":1790686104656,"exitTime":1790686104847,"residenceTime":191,"entryBufferSize":0,"tokenId":1040000,"exitBufferSize":0,"workflowBase":1000000,"placeName":"P2_Place"},{"entryTime":1790686105742,"exitTime":1790686105945,"residenceTime":203,"entryBufferSize":0,"tokenId":1050000,"exitBufferSize":0,"workflowBase":1000000,"placeName":"P2_Place"},{"entryTime":1790686105753,"exitTime":1790686105945,"residenceTime":192,"entryBufferSize":0,"tokenId":1050000,"exitBufferSize":0,"workflowBase":1000000,"placeName":"P2_Place"},{"entryTime":1790686107462,"exitTime":1790686107655,"residenceTime":193,"entryBufferSize":0,"tokenId":1060000,"exitBufferSize":0,"workflowBase":1000000,"placeName":"P2_Place"},{"entryTime":1790686107475,"exitTime":1790686107655,"residenceTime":180,"entryBufferSize":0,"tokenId":1060000,"exitBufferSize":0,"workflowBase":1000000,"placeName":"P2_Place"},{"entryTime":1790686109215,"exitTime":1790686109403,"residenceTime":188,"entryBufferSize":0,"tokenId":1070000,"exitBufferSize":0,"workflowBase":1000000,"placeName":"P2_Place"},{"entryTime":1790686109226,"exitTime":1790686109403,"residenceTime":177,"entryBufferSize":0,"tokenId":1070000,"exitBufferSize":0,"workflowBase":1000000,"placeName":"P2_Place"},{"entryTime":1790686110927,"exitTime":1790686111113,"residenceTime":186,"entryBufferSize":0,"tokenId":1080000,"exitBufferSize":0,"workflowBase":1000000,"placeName":"P2_Place"},{"entryTime":1790686110935,"exitTime":1790686111113,"residenceTime":178,"entryBufferSize":0,"tokenId":1080000,"exitBufferSize":0,"workflowBase":1000000,"placeName":"P2_Place"},{"entryTime":1790686112841,"exitTime":1790686113023,"residenceTime":182,"entryBufferSize":0,"tokenId":1090000,"exitBufferSize":0,"workflowBase":1000000,"placeName":"P2_Place"},{"entryTime":1790686112851,"exitTime":1790686113023,"residenceTime":172,"entryBufferSize":0,"tokenId":1090000,"exitBufferSize":0,"workflowBase":1000000,"placeName":"P2_Place"}],"transitionFirings":[{"tokenId":1000000,"transitionId":"T_in_P2","fromPlace":"","toPlace":"P2_Place","workflowBase":1000000,"eventType":"BUFFERED","placeName":"P2_Place","timestamp":1790686089845,"bufferSize":0},{"tokenId":1000000,"transitionId":"T_in_P2","fromPlace":"","toPlace":"P2_Place","workflowBase":1000000,"eventType":"ENTER","placeName":"P2_Place","timestamp":1790686089901,"bufferSize":0},{"tokenId":1000000,"transitionId":"T_out_P2","fromPlace":"P2_Place","toPlace":"MonitorService","workflowBase":1000000,"eventType":"EXIT","placeName":"P2_Place","timestamp":1790686090113,"bufferSize":0},{"tokenId":1010000,"transitionId":"T_in_P2","fromPlace":"","toPlace":"P2_Place","workflowBase":1000000,"eventType":"BUFFERED","placeName":"P2_Place","timestamp":1790686095140,"bufferSize":0},{"tokenId":1010000,"transitionId":"T_in_P2","fromPlace":"","toPlace":"P2_Place","workflowBase":1000000,"eventType":"ENTER","placeName":"P2_Place","timestamp":1790686095153,"bufferSize":0},{"tokenId":1010000,"transitionId":"T_out_P2","fromPlace":"P2_Place","toPlace":"MonitorService","workflowBase":1000000,"eventType":"EXIT","placeName":"P2_Place","timestamp":1790686095364,"bufferSize":0},{"tokenId":1020000,"transitionId":"T_in_P2","fromPlace":"","toPlace":"P2_Place","workflowBase":1000000,"eventType":"BUFFERED","placeName":"P2_Place","timestamp":1790686098988,"bufferSize":0},{"tokenId":1020000,"transitionId":"T_in_P2","fromPlace":"","toPlace":"P2_Place","workflowBase":1000000,"eventType":"ENTER","placeName":"P2_Place","timestamp":1790686098998,"bufferSize":0},{"tokenId":1020000,"transitionId":"T_out_P2","fromPlace":"P2_Place","toPlace":"MonitorService","workflowBase":1000000,"eventType":"EXIT","placeName":"P2_Place","timestamp":1790686099180,"bufferSize":0},{"tokenId":1030000,"transitionId":"T_in_P2","fromPlace":"","toPlace":"P2_Place","workflowBase":1000000,"eventType":"BUFFERED","placeName":"P2_Place","timestamp":1790686101118,"bufferSize":0},{"tokenId":1030000,"transitionId":"T_in_P2","fromPlace":"","toPlace":"P2_Place","workflowBase":1000000,"eventType":"ENTER","placeName":"P2_Place","timestamp":1790686101128,"bufferSize":0},{"tokenId":1030000,"transitionId":"T_out_P2","fromPlace":"P2_Place","toPlace":"MonitorService","workflowBase":1000000,"eventType":"EXIT","placeName":"P2_Place","timestamp":1790686101279,"bufferSize":0},{"tokenId":1040000,"transitionId":"T_in_P2","fromPlace":"","toPlace":"P2_Place","workflowBase":1000000,"eventType":"BUFFERED","placeName":"P2_Place","timestamp":1790686104647,"bufferSize":0},{"tokenId":1040000,"transitionId":"T_in_P2","fromPlace":"","toPlace":"P2_Place","workflowBase":1000000,"eventType":"ENTER","placeName":"P2_Place","timestamp":1790686104656,"bufferSize":0},{"tokenId":1040000,"transitionId":"T_out_P2","fromPlace":"P2_Place","toPlace":"MonitorService","workflowBase":1000000,"eventType":"EXIT","placeName":"P2_Place","timestamp":1790686104847,"bufferSize":0},{"tokenId":1050000,"transitionId":"T_in_P2","fromPlace":"","toPlace":"P2_Place","workflowBase":1000000,"eventType":"BUFFERED","placeName":"P2_Place","timestamp":1790686105742,"bufferSize":0},{"tokenId":1050000,"transitionId":"T_in_P2","fromPlace":"","toPlace":"P2_Place","workflowBase":1000000,"eventType":"ENTER","placeName":"P2_Place","timestamp":1790686105753,"bufferSize":0},{"tokenId":1050000,"transitionId":"T_out_P2","fromPlace":"P2_Place","toPlace":"MonitorService","workflowBase":1000000,"eventType":"EXIT","placeName":"P2_Place","timestamp":1790686105945,"bufferSize":0},{"tokenId":1060000,"transitionId":"T_in_P2","fromPlace":"","toPlace":"P2_Place","workflowBase":1000000,"eventType":"BUFFERED","placeName":"P2_Place","timestamp":1790686107462,"bufferSize":0},{"tokenId":1060000,"transitionId":"T_in_P2","fromPlace":"","toPlace":"P2_Place","workflowBase":1000000,"eventType":"ENTER","placeName":"P2_Place","timestamp":1790686107475,"bufferSize":0},{"tokenId":1060000,"transitionId":"T_out_P2","fromPlace":"P2_Place","toPlace":"MonitorService","workflowBase":1000000,"eventType":"EXIT","placeName":"P2_Place","timestamp":1790686107655,"bufferSize":0},{"tokenId":1070000,"transitionId":"T_in_P2","fromPlace":"","toPlace":"P2_Place","workflowBase":1000000,"eventType":"BUFFERED","placeName":"P2_Place","timestamp":1790686109215,"bufferSize":0},{"tokenId":1070000,"transitionId":"T_in_P2","fromPlace":"","toPlace":"P2_Place","workflowBase":1000000,"eventType":"ENTER","placeName":"P2_Place","timestamp":1790686109226,"bufferSize":0},{"tokenId":1070000,"transitionId":"T_out_P2","fromPlace":"P2_Place","toPlace":"MonitorService","workflowBase":1000000,"eventType":"EXIT","placeName":"P2_Place","timestamp":1790686109403,"bufferSize":0},{"tokenId":1080000,"transitionId":"T_in_P2","fromPlace":"","toPlace":"P2_Place","workflowBase":1000000,"eventType":"BUFFERED","placeName":"P2_Place","timestamp":1790686110927,"bufferSize":0},{"tokenId":1080000,"transitionId":"T_in_P2","fromPlace":"","toPlace":"P2_Place","workflowBase":1000000,"eventType":"ENTER","placeName":"P2_Place","timestamp":1790686110935,"bufferSize":0},{"tokenId":1080000,"transitionId":"T_out_P2","fromPlace":"P2_Place","toPlace":"MonitorService","workflowBase":1000000,"eventType":"EXIT","placeName":"P2_Place","timestamp":1790686111113,"bufferSize":0},{"tokenId":1090000,"transitionId":"T_in_P2","fromPlace":"","toPlace":"P2_Place","workflowBase":1000000,"eventType":"BUFFERED","placeName":"P2_Place","timestamp":1790686112841,"bufferSize":0},{"tokenId":1090000,"transitionId":"T_in_P2","fromPlace":"","toPlace":"P2_Place","workflowBase":1000000,"eventType":"ENTER","placeName":"P2_Place","timestamp":1790686112851,"bufferSize":0},{"tokenId":1090000,"transitionId":"T_out_P2","fromPlace":"P2_Place","toPlace":"MonitorService","workflowBase":1000000,"eventType":"EXIT","placeName":"P2_Place","timestamp":1790686113023,"bufferSize":0}],"statistics":[{"avgResidenceTime":192.0,"minResidenceTime":151,"maxBufferSize":0,"tokenCount":20,"maxResidenceTime":268,"workflowBase":1000000,"throughput":5.208333333333333,"placeName":"P2_Place","avgBufferSize":0.0}]}},"pathRecordCount":20,"statisticsRecordCount":1,"markingRecordCount":30},"reportingService":"P2_CollectorService","collectionTime":1790686125717,"performanceData":{"workflowGroups":{"1790686100399":[{"maxQueueCapacity":50,"arrivalTime":1790686100959,"totalTime":428,"workflowStartTime":1790686100399,"totalMarking":1,"serviceName":"P2_Place","sequenceId":1030000,"operation":"processToken","serviceTime":253,"queueTime":175,"bufferSize":0}],"1790686108397":[{"maxQueueCapacity":50,"arrivalTime":1790686109058,"totalTime":453,"workflowStartTime":1790686108397,"totalMarking":1,"serviceName":"P2_Place","sequenceId":1070000,"operation":"processToken","serviceTime":280,"queueTime":173,"bufferSize":0}],"1790686104997":[{"maxQueueCapacity":50,"arrivalTime":1790686105575,"totalTime":472,"workflowStartTime":1790686104997,"totalMarking":1,"serviceName":"P2_Place","sequenceId":1050000,"operation":"processToken","serviceTime":287,"queueTime":185,"bufferSize":0}],"1790686103798":[{"maxQueueCapacity":50,"arrivalTime":1790686104477,"totalTime":506,"workflowStartTime":1790686103798,"totalMarking":1,"serviceName":"P2_Place","sequenceId":1040000,"operation":"processToken","serviceTime":322,"queueTime":184,"bufferSize":0}],"1790686106800":[{"maxQueueCapacity":50,"arrivalTime":1790686107299,"totalTime":477,"workflowStartTime":1790686106800,"totalMarking":1,"serviceName":"P2_Place","sequenceId":1060000,"operation":"processToken","serviceTime":295,"queueTime":182,"bufferSize":0}],"1790686094399":[{"maxQueueCapacity":50,"arrivalTime":1790686094902,"totalTime":578,"workflowStartTime":1790686094399,"totalMarking":1,"serviceName":"P2_Place","sequenceId":1010000,"operation":"processToken","serviceTime":319,"queueTime":259,"bufferSize":0}],"1790686112197":[{"maxQueueCapacity":50,"arrivalTime":1790686112686,"totalTime":486,"workflowStartTime":1790686112197,"totalMarking":1,"serviceName":"P2_Place","sequenceId":1090000,"operation":"processToken","serviceTime":309,"queueTime":177,"bufferSize":0}],"1790686088839":[{"maxQueueCapacity":50,"arrivalTime":1790686089607,"totalTime":614,"workflowStartTime":1790686088839,"totalMarking":1,"serviceName":"P2_Place","sequenceId":1000000,"operation":"processToken","serviceTime":312,"queueTime":302,"bufferSize":0}],"1790686110197":[{"maxQueueCapacity":50,"arrivalTime":1790686110774,"totalTime":457,"workflowStartTime":1790686110197,"totalMarking":1,"serviceName":"P2_Place","sequenceId":1080000,"operation":"processToken","serviceTime":291,"queueTime":166,"bufferSize":0}],"1790686098199":[{"maxQueueCapacity":50,"arrivalTime":1790686098812,"totalTime":467,"workflowStartTime":1790686098199,"totalMarking":1,"serviceName":"P2_Place","sequenceId":1020000,"operation":"processToken","serviceTime":274,"queueTime":193,"bufferSize":0}]},"markingData":{"1790686100399":[{"publishTime":1790686101387,"maxQueueCapacity":50,"arrivalTime":1790686100959,"invocationTime":1790686101134,"workflowStartTime":1790686100399,"totalMarking":1,"serviceName":"P2_Place","sequenceId":1030000,"operation":"processToken","bufferSize":0}],"1790686108397":[{"publishTime":1790686109511,"maxQueueCapacity":50,"arrivalTime":1790686109058,"invocationTime":1790686109231,"workflowStartTime":1790686108397,"totalMarking":1,"serviceName":"P2_Place","sequenceId":1070000,"operation":"processToken","bufferSize":0}],"1790686104997":[{"publishTime":1790686106047,"maxQueueCapacity":50,"arrivalTime":1790686105575,"invocationTime":1790686105760,"workflowStartTime":1790686104997,"totalMarking":1,"serviceName":"P2_Place","sequenceId":1050000,"operation":"processToken","bufferSize":0}],"1790686103798":[{"publishTime":1790686104983,"maxQueueCapacity":50,"arrivalTime":1790686104477,"invocationTime":1790686104661,"workflowStartTime":1790686103798,"totalMarking":1,"serviceName":"P2_Place","sequenceId":1040000,"operation":"processToken","bufferSize":0}],"1790686106800":[{"publishTime":1790686107776,"maxQueueCapacity":50,"arrivalTime":1790686107299,"invocationTime":1790686107481,"workflowStartTime":1790686106800,"totalMarking":1,"serviceName":"P2_Place","sequenceId":1060000,"operation":"processToken","bufferSize":0}],"1790686094399":[{"publishTime":1790686095480,"maxQueueCapacity":50,"arrivalTime":1790686094902,"invocationTime":1790686095161,"workflowStartTime":1790686094399,"totalMarking":1,"serviceName":"P2_Place","sequenceId":1010000,"operation":"processToken","bufferSize":0}],"1790686112197":[{"publishTime":1790686113172,"maxQueueCapacity":50,"arrivalTime":1790686112686,"invocationTime":1790686112863,"workflowStartTime":1790686112197,"totalMarking":1,"serviceName":"P2_Place","sequenceId":1090000,"operation":"processToken","bufferSize":0}],"1790686088839":[{"publishTime":1790686090221,"maxQueueCapacity":50,"arrivalTime":1790686089607,"invocationTime":1790686089909,"workflowStartTime":1790686088839,"totalMarking":1,"serviceName":"P2_Place","sequenceId":1000000,"operation":"processToken","bufferSize":0}],"1790686110197":[{"publishTime":1790686111231,"maxQueueCapacity":50,"arrivalTime":1790686110774,"invocationTime":1790686110940,"workflowStartTime":1790686110197,"totalMarking":1,"serviceName":"P2_Place","sequenceId":1080000,"operation":"processToken","bufferSize":0}],"1790686098199":[{"publishTime":1790686099279,"maxQueueCapacity":50,"arrivalTime":1790686098812,"invocationTime":1790686099005,"workflowStartTime":1790686098199,"totalMarking":1,"serviceName":"P2_Place","sequenceId":1020000,"operation":"processToken","bufferSize":0}]},"timingRecordCount":10,"markingRecordCount":10},"reportingChannel":"unified_collection","serviceContext":"1000000","version":"v001","token":"{\"token\":\"workflow_1000000_v001\"}"}
INFO ServiceThread-P2_CollectorService-14101 org.btsn.handlers.ServiceThread - ORCHESTRATOR: Completed callNextOperation for MonitorService, published=true
INFO ServiceThread-P2_CollectorService-14101 org.btsn.handlers.ServiceThread - ORCHESTRATOR: Successfully published to MonitorService via EventPublisher
ERROR ServiceThread-P2_CollectorService-14101 org.btsn.handlers.ServiceThread - monitorIncomingEvents: false
DEBUG ServiceThread-P2_CollectorService-14101 org.btsn.handlers.ServiceThread - ORCHESTRATOR: Cleaned up join 1000000
DEBUG ServiceThread-P2_CollectorService-14101 org.btsn.handlers.ServiceThread - ORCHESTRATOR: Service P2_CollectorService sequence ID: 1000000 complete.
