INFO main org.btsn.rulecontroller.RuleDeployer - Resolved to: REMOTE 192.168.1.152
INFO main org.btsn.rulecontroller.RuleDeployer - Rule Channel: ip0
INFO main org.btsn.rulecontroller.RuleDeployer - Rule Port: 3004
INFO main org.btsn.rulecontroller.RuleDeployer - === GENERATING RULES FOR SERVICE: Monitor_InitializationService:purgeAndInitialize ===
INFO main org.btsn.rulecontroller.model.WorkflowModel - Finding INCOMING transitions for service: Monitor
INFO main org.btsn.rulecontroller.model.WorkflowModel - Found incoming transition: T_in_Monitor ? Monitor (EdgeNode)
INFO main org.btsn.rulecontroller.model.WorkflowModel - Service Monitor has 1 incoming transitions
INFO main org.btsn.rulecontroller.RuleDeployer - Input coordination from INCOMING: T_in_Monitor (EdgeNode)
INFO main org.btsn.rulecontroller.model.WorkflowModel - Finding OUTGOING transitions for service: Monitor
INFO main org.btsn.rulecontroller.model.WorkflowModel - Found outgoing transition: Monitor ? T_out_Monitor (TerminateNode)
INFO main org.btsn.rulecontroller.model.WorkflowModel - Service Monitor has 1 outgoing transitions
INFO main org.btsn.rulecontroller.RuleDeployer - DECISION: Using OUTGOING TerminateNode (default output behavior)
INFO main org.btsn.rulecontroller.RuleDeployer - CONTROLLING TRANSITION for NodeType: T_out_Monitor (TerminateNode)
DEBUG main org.btsn.rulecontroller.RuleDeployer - Wrote NodeType: TerminateNode
INFO main org.btsn.rulecontroller.RuleDeployer - Wrote NodeType: TerminateNode
INFO main org.btsn.rulecontroller.RuleDeployer - Found 1 outgoing transitions for routing
INFO main org.btsn.rulecontroller.RuleDeployer - Processing OUTGOING: T_out_Monitor (TerminateNode)
DEBUG main org.btsn.rulecontroller.model.WorkflowModel - Finding destination services from transition: T_out_Monitor (TerminateNode)
INFO main org.btsn.rulecontroller.RuleDeployer - Transition leads to termination - no meetsCondition added
INFO main org.btsn.rulecontroller.RuleDeployer - === END SERVICE RULE GENERATION ===
DEBUG main org.btsn.rulecontroller.RuleDeployer - Searching for buffer value for service: Monitor
DEBUG main org.btsn.rulecontroller.RuleDeployer - Found buffer=10 from transition: T_in_Monitor
INFO main org.btsn.rulecontroller.RuleDeployer - Sending payload for Monitor_InitializationService:purgeAndInitialize (commitment: 3), attempt: 1
INFO main org.btsn.rulecontroller.RuleDeployer - Using remote host: 192.168.1.152
INFO main org.btsn.rulecontroller.RuleDeployer - === Port Calculation for Monitor_InitializationService ===
INFO main org.btsn.rulecontroller.RuleDeployer - Channel: ip0 (#0)
INFO main org.btsn.rulecontroller.RuleDeployer - Base Port: 3004
INFO main org.btsn.rulecontroller.RuleDeployer - Channel Offset: 0 (channel x 1000)
INFO main org.btsn.rulecontroller.RuleDeployer - Target Port: 23004 (20000 + 0 + 3004)
INFO main org.btsn.rulecontroller.RuleDeployer - Sent UDP payload to 192.168.1.152:23004 (RuleHandler for Monitor_InitializationService:purgeAndInitialize, channel 0)
INFO CommitmentListener-v999 org.btsn.rulecontroller.RuleDeployer - [OK] UDP commitment confirmation received: v999:3
DEBUG main org.btsn.rulecontroller.RuleDeployer - Commitment confirmed for Monitor_InitializationService:purgeAndInitialize in 101ms
INFO main org.btsn.rulecontroller.RuleDeployer - Successfully deployed rule for: Monitor_InitializationService:purgeAndInitialize
INFO main org.btsn.rulecontroller.RuleDeployer - Successfully deployed: Monitor_InitializationService:purgeAndInitialize
INFO main org.btsn.rulecontroller.RuleDeployer - === DEPLOYMENT SUMMARY ===
INFO main org.btsn.rulecontroller.RuleDeployer - Total services processed: 3
INFO main org.btsn.rulecontroller.RuleDeployer - Successfully deployed: 3
INFO main org.btsn.rulecontroller.RuleDeployer - Floating nodes skipped: 0
INFO main org.btsn.rulecontroller.RuleDeployer - Event generators skipped: 0
INFO main org.btsn.rulecontroller.RuleDeployer - Total in manifest: 3
INFO main org.btsn.rulecontroller.RuleDeployer - === DEPLOYING STANDALONE MONITOR NODES ===
INFO main org.btsn.rulecontroller.RuleDeployer - === JSON-BASED DEPLOYMENT COMPLETED SUCCESSFULLY ===
INFO main org.btsn.rulecontroller.RuleDeployer - Deployed 3 service operations from JSON workflow
INFO main org.btsn.rulecontroller.RuleDeployer - === DEPLOYMENT SUCCESSFUL ===
INFO main org.btsn.rulecontroller.RuleDeployer - Commitments: 3
