INFO ServiceThread-P3_Place-14003 org.btsn.handlers.TransitionHandler - XOR-DIAG: === END XOR ROUTING ===
ERROR ServiceThread-P3_Place-14003 org.btsn.handlers.ServiceThread - monitorIncomingEvents: true
DEBUG ServiceThread-P3_Place-14003 org.btsn.handlers.ServiceThread - TIMING: Using EventReactor arrival time=1772849736018 for seqID=1000002
DEBUG ServiceThread-P3_Place-14003 org.btsn.handlers.ServiceThread - WRITE: Using captured workflowStartTime=1772849702938 for seqID=1000002
INFO ServiceThread-P3_Place-14003 org.btsn.handlers.ServiceThread - === SERVICE TIMING RECORD ===
INFO ServiceThread-P3_Place-14003 org.btsn.handlers.ServiceThread -   Sequence ID: 1000002
INFO ServiceThread-P3_Place-14003 org.btsn.handlers.ServiceThread -   Service: P3_Place
INFO ServiceThread-P3_Place-14003 org.btsn.handlers.ServiceThread -   Operation: processToken
INFO ServiceThread-P3_Place-14003 org.btsn.handlers.ServiceThread -   Arrival Time (EventReactor): 1772849736018
INFO ServiceThread-P3_Place-14003 org.btsn.handlers.ServiceThread -   Invocation Time: 1772849736424
INFO ServiceThread-P3_Place-14003 org.btsn.handlers.ServiceThread -   Publish Time: 1772849736762
INFO ServiceThread-P3_Place-14003 org.btsn.handlers.ServiceThread -   Workflow Start Time: 1772849702938
INFO ServiceThread-P3_Place-14003 org.btsn.handlers.ServiceThread -   MARKING: Buffer=0, Total=1, Capacity=50
INFO ServiceThread-P3_Place-14003 org.btsn.handlers.ServiceThread - ==============================
INFO ServiceThread-P3_Place-14003 org.btsn.derby.Analysis.BuildServiceAnalysisDatabase - Wrote service timing record for sequenceID: 1000002
DEBUG ServiceThread-P3_Place-14003 org.btsn.handlers.ServiceThread -   Queue Time (including priority queue): 406ms
DEBUG ServiceThread-P3_Place-14003 org.btsn.handlers.ServiceThread -   Service Time: 338ms
DEBUG ServiceThread-P3_Place-14003 org.btsn.handlers.ServiceThread -   Total Time: 744ms
DEBUG ServiceThread-P3_Place-14003 org.btsn.handlers.ServiceThread -   Buffer Utilization: 0.0%
DEBUG ServiceThread-P3_Place-14003 org.btsn.handlers.ServiceThread - ORCHESTRATOR: Cleaned up join 1000000
DEBUG ServiceThread-P3_Place-14003 org.btsn.handlers.ServiceThread - ORCHESTRATOR: Service P3_Place sequence ID: 1000000 complete.
DEBUG ServiceThread-P3_Place-14003 org.btsn.handlers.ServiceThread - ORCHESTRATOR: Processing:: token = {"token":{"annotation":"{\"place\":\"P1\",\"entryTime\":1772849740134,\"exitTime\":1772849740225,\"residenceTime\":91,\"delayMs\":0,\"marking\":1,\"capacity\":1,\"joinType\":\"AND_JOIN\",\"input1Token\":\"1000001\",\"input2Token\":\"1000001\"}","notAfter":1772849817346,"tokenId":"1000001","data":{"delayMs":"0","place":"P5","distribution":"DETERMINISTIC"},"workflow_start_time":1772849697346,"placeId":"token","routing_decision":{"probability":0.5,"guard_result":false,"routing_path":"false"},"service_start_time":1772849740134,"version":"v001","executionTime":91,"marking":1,"currentPlace":"P1_Place","service_processing_time_ms":92,"original_token":"{\"notAfter\":1772849817346,\"tokenId\":\"1000001\",\"data\":{},\"workflow_start_time\":1772849697346,\"currentPlace\":\"P1_Place\",\"version\":\"v001\"}","service_end_time":1772849740226,"status":"JOIN_COMPLETED"}}
DEBUG ServiceThread-P3_Place-14003 org.btsn.handlers.ServiceThread - CAPTURE: WorkflowStartTime=1772849702938 for seqID=1000002
INFO ServiceThread-P3_Place-14003 org.btsn.handlers.ServiceThread - Incoming Sequence ID = 1000002
INFO ServiceThread-P3_Place-14003 org.btsn.handlers.ServiceThread - MonitorIncomingEvents+ = true
DEBUG ServiceThread-P3_Place-14003 org.btsn.handlers.ServiceThread - Using RuleBaseVersion: v001
DEBUG ServiceThread-P3_Place-14003 org.btsn.handlers.ServiceThread - FILTER: Event for P3_Place.processToken accepted by P3_Place thread
WARN ServiceThread-P3_Place-14003 org.btsn.json.jsonLibrary - Key "token" already exists. Skipping.
DEBUG ServiceThread-P3_Place-14003 org.btsn.handlers.ServiceThread - JOIN-MAP: Added key=token to join 1000000 (tokenId=1000002, mapSize=1)
INFO ServiceThread-P3_Place-14003 org.btsn.handlers.ServiceThread - DEBUG: Loading rule base for operation: processToken
INFO ServiceThread-P3_Place-14003 org.btsn.handlers.ServiceThread - DEBUG: Rule base location: C:\DevShare\BTSN_R001\BTSN\btsn.petrinet.places.p3/RuleFolder.v001/processToken/Service.ruleml
INFO ServiceThread-P3_Place-14003 org.btsn.handlers.ServiceThread - DEBUG: Using cached knowledge base for version: v001
INFO ServiceThread-P3_Place-14003 org.btsn.handlers.ServiceThread - DEBUG: Parsing knowledge base...
INFO ServiceThread-P3_Place-14003 org.btsn.handlers.ServiceThread - DEBUG: Knowledge base parsed successfully
DEBUG ServiceThread-P3_Place-14003 org.btsn.handlers.ServiceThread - CANONICAL-BINDING: Checking canonical binding for P3_Place.processToken with attribute 'token'
DEBUG ServiceThread-P3_Place-14003 org.btsn.handlers.ServiceThread - CANONICAL-BINDING: Operation processToken uses standard (AND) semantics
INFO ServiceThread-P3_Place-14003 org.btsn.handlers.ServiceThread - CANONICAL-BINDING: processToken requires 1 inputs total (standard AND logic)
INFO ServiceThread-P3_Place-14003 org.btsn.handlers.ServiceThread - CANONICAL-BINDING: processToken needs 1 input - can call immediately with 'token'
INFO ServiceThread-P3_Place-14003 org.btsn.handlers.ServiceThread - ORCHESTRATOR: Canonical binding found - overriding serviceName facts
INFO ServiceThread-P3_Place-14003 org.btsn.handlers.ServiceThread - ORCHESTRATOR: Overrode inputCollection for canonical binding
DEBUG ServiceThread-P3_Place-14003 org.btsn.handlers.ServiceThread - decisionValueCollection already populated from publishes query - skipping legacy getDecisionValue
DEBUG ServiceThread-P3_Place-14003 org.btsn.handlers.PetriNetInstrumentationHelper - Token 1000002 buffered at T_in_P3_Place (buffer=0)
DEBUG ServiceThread-P3_Place-14003 org.btsn.handlers.PetriNetInstrumentationHelper - Could not extract previousPlace from payload
DEBUG ServiceThread-P3_Place-14003 org.btsn.derby.Analysis.BuildServiceAnalysisDatabase - Wrote transition firing: T_in_P3 token=1000002 eventType=BUFFERED
DEBUG ServiceThread-P3_Place-14003 org.btsn.handlers.PetriNetInstrumentationHelper - Recorded transition: T_in_P3 (XorNode) token=1000002  -> P3_Place [BUFFERED] buffer=0
DEBUG ServiceThread-P3_Place-14003 org.btsn.handlers.ServiceThread - PETRI-NET: Token 1000002 BUFFERED at P3_Place (T_in arrival)
DEBUG ServiceThread-P3_Place-14003 org.btsn.handlers.PetriNetInstrumentationHelper - Token 1000002 entering place: P3_Place (buffer=0)
DEBUG ServiceThread-P3_Place-14003 org.btsn.handlers.PetriNetInstrumentationHelper - Could not extract previousPlace from payload
DEBUG ServiceThread-P3_Place-14003 org.btsn.derby.Analysis.BuildServiceAnalysisDatabase - Wrote transition firing: T_in_P3 token=1000002 eventType=ENTER
DEBUG ServiceThread-P3_Place-14003 org.btsn.handlers.PetriNetInstrumentationHelper - Recorded transition: T_in_P3 (XorNode) token=1000002  -> P3_Place [ENTER] buffer=0
DEBUG ServiceThread-P3_Place-14003 org.btsn.handlers.ServiceThread - PETRI-NET: Token 1000002 ENTER at P3_Place
INFO ServiceThread-P3_Place-14003 org.btsn.handlers.ServiceThread - DEBUG: About to check inputCollection.isEmpty() - size: 1
INFO ServiceThread-P3_Place-14003 org.btsn.handlers.ServiceThread - DEBUG: inputCollection contents: [null]
INFO ServiceThread-P3_Place-14003 org.btsn.handlers.ServiceThread - DEBUG: nodeType: XorNode
INFO ServiceThread-P3_Place-14003 org.btsn.handlers.ServiceThread - DEBUG: needsInputSynchronization: false
INFO ServiceThread-P3_Place-14003 org.btsn.handlers.ServiceThread - DEBUG: Past inputCollection check, about to enter JOIN processing
INFO ServiceThread-P3_Place-14003 org.btsn.handlers.ServiceThread - DEBUG: inputCollection.get(0): null
INFO ServiceThread-P3_Place-14003 org.btsn.handlers.ServiceThread - ORCHESTRATOR: Zero-input service P3_Place:processToken executing with trigger token (no workflow data required)
INFO ServiceThread-P3_Place-14003 org.btsn.handlers.ServiceThread - ORCHESTRATOR: Processing XorNode for P3_Place.processToken
INFO ServiceThread-P3_Place-14003 org.btsn.handlers.TransitionHandler - ORCHESTRATOR: Processing XorNode for P3_Place.processToken
INFO ServiceThread-P3_Place-14003 org.btsn.handlers.TransitionHandler - XOR-DIAG: === START XOR ROUTING ===
DEBUG ServiceThread-P3_Place-14003 org.btsn.handlers.ServiceThread - FORK: Reloaded knowledge base successfully
DEBUG ServiceThread-P3_Place-14003 org.btsn.handlers.ServiceThread - CANONICAL-BINDING: Checking canonical binding for P3_Place.processToken with attribute 'token'
DEBUG ServiceThread-P3_Place-14003 org.btsn.handlers.ServiceThread - CANONICAL-BINDING: Operation processToken uses standard (AND) semantics
INFO ServiceThread-P3_Place-14003 org.btsn.handlers.ServiceThread - CANONICAL-BINDING: processToken requires 1 inputs total (standard AND logic)
INFO ServiceThread-P3_Place-14003 org.btsn.handlers.ServiceThread - CANONICAL-BINDING: processToken needs 1 input - can call immediately with 'token'
INFO ServiceThread-P3_Place-14003 org.btsn.handlers.ServiceThread - ORCHESTRATOR: Found single-input canonical binding - calling P3_Place.processToken immediately
INFO ServiceThread-P3_Place-14003 org.btsn.handlers.ServiceThread - ORCHESTRATOR: Invoking P3_Place.processToken via ServiceHelper (canonical binding)
INFO ServiceThread-P3_Place-14003 org.btsn.handlers.ServiceHelper - === SERVICE INVOCATION START ===
INFO ServiceThread-P3_Place-14003 org.btsn.handlers.ServiceHelper - Service: org.btsn.places.P3_Place.processToken
INFO ServiceThread-P3_Place-14003 org.btsn.handlers.ServiceHelper - SequenceID: 1000000
INFO ServiceThread-P3_Place-14003 org.btsn.handlers.ServiceHelper - Input arguments count: 1
DEBUG ServiceThread-P3_Place-14003 org.btsn.handlers.ServiceHelper - Processing argument 1/1, raw length: 868
DEBUG ServiceThread-P3_Place-14003 org.btsn.handlers.ServiceHelper - ENRICHMENT: Unwrapped place response from key: token
DEBUG ServiceThread-P3_Place-14003 org.btsn.handlers.ServiceHelper - ENRICHMENT: Found existing original_token to preserve
DEBUG ServiceThread-P3_Place-14003 org.btsn.handlers.ServiceHelper - ENRICHMENT: Extracted workflow_start_time=1772849697346
DEBUG ServiceThread-P3_Place-14003 org.btsn.handlers.ServiceHelper - ENRICHMENT: Cleaned argument 1, length: 868 (removed 0 bytes of metadata)
INFO ServiceThread-P3_Place-14003 org.btsn.handlers.ServiceHelper - ENRICHMENT: Extracted 1 clean business data arguments (removed infrastructure metadata)
INFO ServiceThread-P3_Place-14003 org.btsn.handlers.ServiceHelper - SERVICE INVOKE: Calling org.btsn.places.P3_Place.processToken with 1 CLEAN business data arguments
DEBUG ServiceThread-P3_Place-14003 org.btsn.handlers.ServiceHelper - INVOKE: Reflecting on org.btsn.places.P3_Place.processToken
DEBUG ServiceThread-P3_Place-14003 org.btsn.handlers.ServiceHelper - INVOKE: Looking for method with 1 String parameters
INFO ServiceThread-P3_Place-14003 org.btsn.logger.PetriNetEventLogger - PLACE_CREATED: placeId=P3, sequenceId=1000000, type=P3, capacity=1
DEBUG ServiceThread-P3_Place-14003 org.btsn.handlers.ServiceHelper - INVOKE: Created instance using 1-param constructor (context) for org.btsn.places.P3_Place
DEBUG ServiceThread-P3_Place-14003 org.btsn.handlers.ServiceHelper - INVOKE: Found standard method (1 String args)
DEBUG ServiceThread-P3_Place-14003 org.btsn.handlers.ServiceHelper - INVOKE: Calling processToken with 1 arguments
INFO ServiceThread-P3_Place-14003 org.btsn.logger.PetriNetEventLogger - TOKEN_ARRIVAL: placeId=P3, sequenceId=1000000, token=Token{id='1000001', version='v001', place='P1_Place', processType='null', data={delayMs=0, place=P5, distribution=DETERMINISTIC, workflow_start_time=1772849697346}, valid=true}
INFO ServiceThread-P3_Place-14003 org.btsn.logger.PetriNetEventLogger - CAPACITY_CHECK: placeId=P3, sequenceId=1000000, M(P)=0, capacity=1, hasCapacity=true
INFO ServiceThread-P3_Place-14003 org.btsn.logger.PetriNetEventLogger - MARKING_CHANGE: placeId=P3, sequenceId=1000000, M(P)=1, reason=token_accepted
INFO ServiceThread-P3_Place-14003 org.btsn.logger.PetriNetEventLogger - TOKEN_HELD: placeId=P3, sequenceId=1000000, token=Token{id='1000001', version='v001', place='P1_Place', processType='null', data={delayMs=0, place=P5, distribution=DETERMINISTIC, workflow_start_time=1772849697346}, valid=true}, M(P)=1, capacity=1
INFO ServiceThread-P3_Place-14003 org.btsn.logger.PetriNetEventLogger - VALIDITY_WINDOW_CHECK: placeId=P3, sequenceId=1000000, currentTime=1772849741529, notAfter=1772849817346, valid=true
INFO ServiceThread-P3_Place-14003 org.btsn.logger.PetriNetEventLogger - PLACE_EXECUTION: placeId=P3, sequenceId=1000000, executionTime=300ms, result=COMPLETED
INFO ServiceThread-P3_Place-14003 org.btsn.base.BaseStochasticPetriNetPlace - PN_PROCESS: place=P3, seq=1000000, guard=true, delay=0ms, total=300ms
INFO ServiceThread-P3_Place-14003 org.btsn.logger.PetriNetEventLogger - MARKING_CHANGE: placeId=P3, sequenceId=1000000, M(P)=0, reason=token_released
INFO ServiceThread-P3_Place-14003 org.btsn.logger.PetriNetEventLogger - TOKEN_RELEASED: placeId=P3, sequenceId=1000000, token=Token{id='1000001', version='v001', place='P1_Place', processType='null', data={delayMs=0, place=P5, distribution=DETERMINISTIC, workflow_start_time=1772849697346}, valid=true}, M(P)=0
INFO ServiceThread-P3_Place-14003 org.btsn.logger.PetriNetEventLogger - TOKEN_DEPARTURE: placeId=P3, sequenceId=1000000, token=Token{id='1000001', version='v001', place='P1_Place', processType='null', data={delayMs=0, place=P5, distribution=DETERMINISTIC, workflow_start_time=1772849697346}, valid=true}, annotation={"place":"P3","entryTime":1772849741230,"exitTime":1772849741530,"residenceTime":300,"delayMs":0,"marking":1,"capacity":1,"distribution":"DETERMINISTIC","routingPath":"true"}
INFO ServiceThread-P3_Place-14003 org.btsn.handlers.ServiceHelper - SERVICE COMPLETE: org.btsn.places.P3_Place.processToken completed in 302ms
DEBUG ServiceThread-P3_Place-14003 org.btsn.handlers.ServiceHelper - ENRICHMENT: Using wrapped response key 'token' instead of 'token_branch2'
INFO ServiceThread-P3_Place-14003 org.btsn.handlers.ServiceHelper - ENRICHMENT: Successfully enriched service result with metadata
INFO ServiceThread-P3_Place-14003 org.btsn.handlers.ServiceHelper - === SERVICE INVOCATION COMPLETE ===
INFO ServiceThread-P3_Place-14003 org.btsn.handlers.TransitionHandler - ORCHESTRATOR: Service returned: {"token":{"annotation":"{\"place\":\"P3\",\"entryTime\":1772849741230,\"exitTime\":1772849741530,\"residenceTime\":300,\"delayMs\":0,\"marking\":1,\"capacity\":1,\"distribution\":\"DETERMINISTIC\",\"routingPath\":\"true\"}","notAfter":1772849817346,"tokenId":"1000001","data":{"delayMs":"0","place":"P3","distribution":"DETERMINISTIC"},"workflow_start_time":1772849697346,"placeId":"token","routing_decision":{"probability":0.5,"guard_result":true,"routing_path":"true"},"service_start_time":1772849741229,"version":"v001","executionTime":300,"marking":1,"currentPlace":"P1_Place","service_processing_time_ms":302,"original_token":"{\"notAfter\":1772849817346,\"tokenId\":\"1000001\",\"data\":{},\"workflow_start_time\":1772849697346,\"currentPlace\":\"P1_Place\",\"version\":\"v001\"}","service_end_time":1772849741531,"status":"COMPLETED"}}
DEBUG ServiceThread-P3_Place-14003 org.btsn.handlers.TransitionHandler - DECISION: Found routing_decision object
DEBUG ServiceThread-P3_Place-14003 org.btsn.handlers.TransitionHandler - DECISION: Found routing_path = 'true' in routing_decision
INFO ServiceThread-P3_Place-14003 org.btsn.handlers.TransitionHandler - XOR-DIAG: Routing decision = 'true'
INFO ServiceThread-P3_Place-14003 org.btsn.handlers.TransitionHandler - XOR-DIAG: Collection sizes: services=2, conditions=2, decisionValues=2
INFO ServiceThread-P3_Place-14003 org.btsn.handlers.TransitionHandler - XOR-DIAG: Evaluating 2 branches:
INFO ServiceThread-P3_Place-14003 org.btsn.handlers.TransitionHandler - XOR-DIAG:   Branch 0 -> P4_Place: 'true' DECISION_EQUAL_TO 'true' => MATCH
INFO ServiceThread-P3_Place-14003 org.btsn.handlers.TransitionHandler - XOR-DIAG:   Branch 1 -> P3_Place: 'true' DECISION_EQUAL_TO 'false' => no match
INFO ServiceThread-P3_Place-14003 org.btsn.handlers.TransitionHandler - XOR-DIAG: Total matching branches: 1
INFO ServiceThread-P3_Place-14003 org.btsn.handlers.TransitionHandler - XOR-DIAG: Routing to P4_Place.processToken with sequenceId=1000002
DEBUG ServiceThread-P3_Place-14003 org.btsn.handlers.PetriNetInstrumentationHelper - Token 1000002 exiting place: P3_Place -> P4_Place [arc=true]
DEBUG ServiceThread-P3_Place-14003 org.btsn.derby.Analysis.BuildServiceAnalysisDatabase - Wrote transition firing: T_out_P3 token=1000002 eventType=EXIT
DEBUG ServiceThread-P3_Place-14003 org.btsn.handlers.PetriNetInstrumentationHelper - Recorded transition: T_out_P3 (EdgeNode) token=1000002 P3_Place -> P4_Place [EXIT] arc=true
DEBUG ServiceThread-P3_Place-14003 org.btsn.handlers.ServiceThread - PETRI-NET: Token 1000002 EXIT from P3_Place -> P4_Place.processToken [arc=true]
DEBUG ServiceThread-P3_Place-14003 org.btsn.handlers.ServiceThread - FORK: Updated payload sequenceId/tokenId to 1000002
INFO ServiceThread-P3_Place-14003 org.btsn.handlers.ServiceThread - DEBUG: Querying activeService for P4_Place.processToken
INFO ServiceThread-P3_Place-14003 org.btsn.handlers.ServiceThread - DEBUG: ActiveService query returned 2 rows
INFO ServiceThread-P3_Place-14003 org.btsn.handlers.ServiceThread - DEBUG: ActiveService result - ?channelId = ip0
INFO ServiceThread-P3_Place-14003 org.btsn.handlers.ServiceThread - DEBUG: ActiveService result - ?port = 4004
INFO ServiceThread-P3_Place-14003 org.btsn.handlers.ServiceThread - ORCHESTRATOR: APPLYING activeService override - Channel: ip0, Port: 4004
INFO ServiceThread-P3_Place-14003 org.btsn.handlers.ServiceThread - ORCHESTRATOR: Resolved ip0 to IP 192.168.1.152
DEBUG ServiceThread-P3_Place-14003 org.btsn.handlers.ServiceThread - ROUTING: External to P4_Place -> 'token_branch2'
INFO ServiceThread-P3_Place-14003 org.btsn.handlers.ServiceThread - ROUTING: Token 1000002 -> 'token_branch2' to P4_Place.processToken
INFO ServiceThread-P3_Place-14003 org.btsn.handlers.ServiceThread - ORCHESTRATOR: Publishing to Service P4_Place Operation: processToken
INFO ServiceThread-P3_Place-14003 org.btsn.handlers.ServiceThread - ORCHESTRATOR: Channel: 192.168.1.152, Port: 4004
INFO ServiceThread-P3_Place-14003 org.btsn.handlers.ServiceThread - ORCHESTRATOR: Attribute token_branch2 = {"token":{"annotation":"{\"place\":\"P3\",\"entryTime\":1772849741230,\"exitTime\":1772849741530,\"residenceTime\":300,\"delayMs\":0,\"marking\":1,\"capacity\":1,\"distribution\":\"DETERMINISTIC\",\"routingPath\":\"true\"}","notAfter":1772849817346,"tokenId":"1000001","data":{"delayMs":"0","place":"P3","distribution":"DETERMINISTIC"},"workflow_start_time":1772849697346,"placeId":"token","routing_decision":{"probability":0.5,"guard_result":true,"routing_path":"true"},"service_start_time":1772849741229,"version":"v001","executionTime":300,"marking":1,"currentPlace":"P1_Place","service_processing_time_ms":302,"original_token":"{\"notAfter\":1772849817346,\"tokenId\":\"1000001\",\"data\":{},\"workflow_start_time\":1772849697346,\"currentPlace\":\"P1_Place\",\"version\":\"v001\"}","service_end_time":1772849741531,"status":"COMPLETED"}}
INFO ServiceThread-P3_Place-14003 org.btsn.handlers.ServiceThread - ORCHESTRATOR: Completed callNextOperation for P4_Place, published=true
INFO ServiceThread-P3_Place-14003 org.btsn.handlers.ServiceThread - ORCHESTRATOR: Successfully published to P4_Place via EventPublisher
INFO ServiceThread-P3_Place-14003 org.btsn.handlers.TransitionHandler - XOR-DIAG: === END XOR ROUTING ===
ERROR ServiceThread-P3_Place-14003 org.btsn.handlers.ServiceThread - monitorIncomingEvents: true
DEBUG ServiceThread-P3_Place-14003 org.btsn.handlers.ServiceThread - TIMING: Using EventReactor arrival time=1772849740498 for seqID=1000002
DEBUG ServiceThread-P3_Place-14003 org.btsn.handlers.ServiceThread - WRITE: Using captured workflowStartTime=1772849702938 for seqID=1000002
INFO ServiceThread-P3_Place-14003 org.btsn.handlers.ServiceThread - === SERVICE TIMING RECORD ===
INFO ServiceThread-P3_Place-14003 org.btsn.handlers.ServiceThread -   Sequence ID: 1000002
INFO ServiceThread-P3_Place-14003 org.btsn.handlers.ServiceThread -   Service: P3_Place
INFO ServiceThread-P3_Place-14003 org.btsn.handlers.ServiceThread -   Operation: processToken
INFO ServiceThread-P3_Place-14003 org.btsn.handlers.ServiceThread -   Arrival Time (EventReactor): 1772849740498
INFO ServiceThread-P3_Place-14003 org.btsn.handlers.ServiceThread -   Invocation Time: 1772849740905
INFO ServiceThread-P3_Place-14003 org.btsn.handlers.ServiceThread -   Publish Time: 1772849741813
INFO ServiceThread-P3_Place-14003 org.btsn.handlers.ServiceThread -   Workflow Start Time: 1772849702938
INFO ServiceThread-P3_Place-14003 org.btsn.handlers.ServiceThread -   MARKING: Buffer=0, Total=1, Capacity=50
INFO ServiceThread-P3_Place-14003 org.btsn.handlers.ServiceThread - ==============================
INFO ServiceThread-P3_Place-14003 org.btsn.derby.Analysis.BuildServiceAnalysisDatabase - Wrote service timing record for sequenceID: 1000002
DEBUG ServiceThread-P3_Place-14003 org.btsn.handlers.ServiceThread -   Queue Time (including priority queue): 407ms
DEBUG ServiceThread-P3_Place-14003 org.btsn.handlers.ServiceThread -   Service Time: 908ms
DEBUG ServiceThread-P3_Place-14003 org.btsn.handlers.ServiceThread -   Total Time: 1315ms
DEBUG ServiceThread-P3_Place-14003 org.btsn.handlers.ServiceThread -   Buffer Utilization: 0.0%
DEBUG ServiceThread-P3_Place-14003 org.btsn.handlers.ServiceThread - ORCHESTRATOR: Cleaned up join 1000000
DEBUG ServiceThread-P3_Place-14003 org.btsn.handlers.ServiceThread - ORCHESTRATOR: Service P3_Place sequence ID: 1000000 complete.
