DEBUG ServiceThread-P5_Place-14005 org.btsn.handlers.ServiceHelper - INVOKE: Reflecting on org.btsn.places.P5_Place.processToken
DEBUG ServiceThread-P5_Place-14005 org.btsn.handlers.ServiceHelper - INVOKE: Looking for method with 1 String parameters
INFO ServiceThread-P5_Place-14005 org.btsn.logger.PetriNetEventLogger - PLACE_CREATED: placeId=P5, sequenceId=1000000, type=P5, capacity=1
DEBUG ServiceThread-P5_Place-14005 org.btsn.handlers.ServiceHelper - INVOKE: Created instance using 1-param constructor (context) for org.btsn.places.P5_Place
DEBUG ServiceThread-P5_Place-14005 org.btsn.handlers.ServiceHelper - INVOKE: Found standard method (1 String args)
DEBUG ServiceThread-P5_Place-14005 org.btsn.handlers.ServiceHelper - INVOKE: Calling processToken with 1 arguments
INFO ServiceThread-P5_Place-14005 org.btsn.logger.PetriNetEventLogger - TOKEN_ARRIVAL: placeId=P5, sequenceId=1000000, token=Token{id='1000001', version='v001', place='P1_Place', processType='null', data={delayMs=0, place=P5, distribution=DETERMINISTIC, workflow_start_time=1772849697346}, valid=true}
INFO ServiceThread-P5_Place-14005 org.btsn.logger.PetriNetEventLogger - CAPACITY_CHECK: placeId=P5, sequenceId=1000000, M(P)=0, capacity=1, hasCapacity=true
INFO ServiceThread-P5_Place-14005 org.btsn.logger.PetriNetEventLogger - MARKING_CHANGE: placeId=P5, sequenceId=1000000, M(P)=1, reason=token_accepted
INFO ServiceThread-P5_Place-14005 org.btsn.logger.PetriNetEventLogger - TOKEN_HELD: placeId=P5, sequenceId=1000000, token=Token{id='1000001', version='v001', place='P1_Place', processType='null', data={delayMs=0, place=P5, distribution=DETERMINISTIC, workflow_start_time=1772849697346}, valid=true}, M(P)=1, capacity=1
INFO ServiceThread-P5_Place-14005 org.btsn.logger.PetriNetEventLogger - VALIDITY_WINDOW_CHECK: placeId=P5, sequenceId=1000000, currentTime=1772849739399, notAfter=1772849817346, valid=true
INFO ServiceThread-P5_Place-14005 org.btsn.logger.PetriNetEventLogger - PLACE_EXECUTION: placeId=P5, sequenceId=1000000, executionTime=111ms, result=COMPLETED
INFO ServiceThread-P5_Place-14005 org.btsn.base.BaseStochasticPetriNetPlace - PN_PROCESS: place=P5, seq=1000000, guard=true, delay=0ms, total=111ms
INFO ServiceThread-P5_Place-14005 org.btsn.logger.PetriNetEventLogger - MARKING_CHANGE: placeId=P5, sequenceId=1000000, M(P)=0, reason=token_released
INFO ServiceThread-P5_Place-14005 org.btsn.logger.PetriNetEventLogger - TOKEN_RELEASED: placeId=P5, sequenceId=1000000, token=Token{id='1000001', version='v001', place='P1_Place', processType='null', data={delayMs=0, place=P5, distribution=DETERMINISTIC, workflow_start_time=1772849697346}, valid=true}, M(P)=0
INFO ServiceThread-P5_Place-14005 org.btsn.logger.PetriNetEventLogger - TOKEN_DEPARTURE: placeId=P5, sequenceId=1000000, token=Token{id='1000001', version='v001', place='P1_Place', processType='null', data={delayMs=0, place=P5, distribution=DETERMINISTIC, workflow_start_time=1772849697346}, valid=true}, annotation={"place":"P5","entryTime":1772849739291,"exitTime":1772849739402,"residenceTime":111,"delayMs":0,"marking":1,"capacity":1,"distribution":"DETERMINISTIC","routingPath":"true"}
INFO ServiceThread-P5_Place-14005 org.btsn.handlers.ServiceHelper - SERVICE COMPLETE: org.btsn.places.P5_Place.processToken completed in 116ms
DEBUG ServiceThread-P5_Place-14005 org.btsn.handlers.ServiceHelper - ENRICHMENT: Using wrapped response key 'token' instead of 'token_branch1'
INFO ServiceThread-P5_Place-14005 org.btsn.handlers.ServiceHelper - ENRICHMENT: Successfully enriched service result with metadata
INFO ServiceThread-P5_Place-14005 org.btsn.handlers.ServiceHelper - === SERVICE INVOCATION COMPLETE ===
INFO ServiceThread-P5_Place-14005 org.btsn.handlers.TransitionHandler - ORCHESTRATOR: Service returned: {"token":{"annotation":"{\"place\":\"P5\",\"entryTime\":1772849739291,\"exitTime\":1772849739402,\"residenceTime\":111,\"delayMs\":0,\"marking\":1,\"capacity\":1,\"distribution\":\"DETERMINISTIC\",\"routingPath\":\"true\"}","notAfter":1772849817346,"tokenId":"1000001","data":{"delayMs":"0","place":"P5","distribution":"DETERMINISTIC"},"workflow_start_time":1772849697346,"placeId":"token","routing_decision":{"probability":0.5,"guard_result":true,"routing_path":"true"},"service_start_time":1772849739286,"version":"v001","executionTime":111,"marking":1,"currentPlace":"P1_Place","service_processing_time_ms":116,"original_token":"{\"notAfter\":1772849817346,\"tokenId\":\"1000001\",\"data\":{},\"workflow_start_time\":1772849697346,\"currentPlace\":\"P1_Place\",\"version\":\"v001\"}","service_end_time":1772849739402,"status":"COMPLETED"}}
DEBUG ServiceThread-P5_Place-14005 org.btsn.handlers.TransitionHandler - DECISION: Found routing_decision object
DEBUG ServiceThread-P5_Place-14005 org.btsn.handlers.TransitionHandler - DECISION: Found routing_path = 'true' in routing_decision
INFO ServiceThread-P5_Place-14005 org.btsn.handlers.TransitionHandler - XOR-DIAG: Routing decision = 'true'
INFO ServiceThread-P5_Place-14005 org.btsn.handlers.TransitionHandler - XOR-DIAG: Collection sizes: services=2, conditions=2, decisionValues=2
INFO ServiceThread-P5_Place-14005 org.btsn.handlers.TransitionHandler - XOR-DIAG: Evaluating 2 branches:
INFO ServiceThread-P5_Place-14005 org.btsn.handlers.TransitionHandler - XOR-DIAG:   Branch 0 -> P1_Place: 'true' DECISION_EQUAL_TO 'true' => MATCH
INFO ServiceThread-P5_Place-14005 org.btsn.handlers.TransitionHandler - XOR-DIAG:   Branch 1 -> P5_Place: 'true' DECISION_EQUAL_TO 'false' => no match
INFO ServiceThread-P5_Place-14005 org.btsn.handlers.TransitionHandler - XOR-DIAG: Total matching branches: 1
INFO ServiceThread-P5_Place-14005 org.btsn.handlers.TransitionHandler - XOR-DIAG: Routing to P1_Place.processToken with sequenceId=1000001
DEBUG ServiceThread-P5_Place-14005 org.btsn.handlers.PetriNetInstrumentationHelper - Token 1000001 exiting place: P5_Place -> P1_Place [arc=true]
DEBUG ServiceThread-P5_Place-14005 org.btsn.derby.Analysis.BuildServiceAnalysisDatabase - Wrote transition firing: T_out_P5 token=1000001 eventType=EXIT
DEBUG ServiceThread-P5_Place-14005 org.btsn.handlers.PetriNetInstrumentationHelper - Recorded transition: T_out_P5 (EdgeNode) token=1000001 P5_Place -> P1_Place [EXIT] arc=true
DEBUG ServiceThread-P5_Place-14005 org.btsn.handlers.ServiceThread - PETRI-NET: Token 1000001 EXIT from P5_Place -> P1_Place.processToken [arc=true]
DEBUG ServiceThread-P5_Place-14005 org.btsn.handlers.ServiceThread - FORK: Updated payload sequenceId/tokenId to 1000001
INFO ServiceThread-P5_Place-14005 org.btsn.handlers.ServiceThread - DEBUG: Querying activeService for P1_Place.processToken
INFO ServiceThread-P5_Place-14005 org.btsn.handlers.ServiceThread - DEBUG: ActiveService query returned 2 rows
INFO ServiceThread-P5_Place-14005 org.btsn.handlers.ServiceThread - DEBUG: ActiveService result - ?channelId = ip0
INFO ServiceThread-P5_Place-14005 org.btsn.handlers.ServiceThread - DEBUG: ActiveService result - ?port = 4001
INFO ServiceThread-P5_Place-14005 org.btsn.handlers.ServiceThread - ORCHESTRATOR: APPLYING activeService override - Channel: ip0, Port: 4001
INFO ServiceThread-P5_Place-14005 org.btsn.handlers.ServiceThread - ORCHESTRATOR: Resolved ip0 to IP 192.168.1.152
DEBUG ServiceThread-P5_Place-14005 org.btsn.handlers.ServiceThread - ROUTING: External to P1_Place -> 'token_branch1'
INFO ServiceThread-P5_Place-14005 org.btsn.handlers.ServiceThread - ROUTING: Token 1000001 -> 'token_branch1' to P1_Place.processToken
INFO ServiceThread-P5_Place-14005 org.btsn.handlers.ServiceThread - ORCHESTRATOR: Publishing to Service P1_Place Operation: processToken
INFO ServiceThread-P5_Place-14005 org.btsn.handlers.ServiceThread - ORCHESTRATOR: Channel: 192.168.1.152, Port: 4001
INFO ServiceThread-P5_Place-14005 org.btsn.handlers.ServiceThread - ORCHESTRATOR: Attribute token_branch1 = {"token":{"annotation":"{\"place\":\"P5\",\"entryTime\":1772849739291,\"exitTime\":1772849739402,\"residenceTime\":111,\"delayMs\":0,\"marking\":1,\"capacity\":1,\"distribution\":\"DETERMINISTIC\",\"routingPath\":\"true\"}","notAfter":1772849817346,"tokenId":"1000001","data":{"delayMs":"0","place":"P5","distribution":"DETERMINISTIC"},"workflow_start_time":1772849697346,"placeId":"token","routing_decision":{"probability":0.5,"guard_result":true,"routing_path":"true"},"service_start_time":1772849739286,"version":"v001","executionTime":111,"marking":1,"currentPlace":"P1_Place","service_processing_time_ms":116,"original_token":"{\"notAfter\":1772849817346,\"tokenId\":\"1000001\",\"data\":{},\"workflow_start_time\":1772849697346,\"currentPlace\":\"P1_Place\",\"version\":\"v001\"}","service_end_time":1772849739402,"status":"COMPLETED"}}
INFO ServiceThread-P5_Place-14005 org.btsn.handlers.ServiceThread - ORCHESTRATOR: Completed callNextOperation for P1_Place, published=true
INFO ServiceThread-P5_Place-14005 org.btsn.handlers.ServiceThread - ORCHESTRATOR: Successfully published to P1_Place via EventPublisher
INFO ServiceThread-P5_Place-14005 org.btsn.handlers.TransitionHandler - XOR-DIAG: === END XOR ROUTING ===
ERROR ServiceThread-P5_Place-14005 org.btsn.handlers.ServiceThread - monitorIncomingEvents: true
DEBUG ServiceThread-P5_Place-14005 org.btsn.handlers.ServiceThread - TIMING: Using EventReactor arrival time=1772849738479 for seqID=1000001
DEBUG ServiceThread-P5_Place-14005 org.btsn.handlers.ServiceThread - WRITE: Using captured workflowStartTime=1772849702938 for seqID=1000001
INFO ServiceThread-P5_Place-14005 org.btsn.handlers.ServiceThread - === SERVICE TIMING RECORD ===
INFO ServiceThread-P5_Place-14005 org.btsn.handlers.ServiceThread -   Sequence ID: 1000001
INFO ServiceThread-P5_Place-14005 org.btsn.handlers.ServiceThread -   Service: P5_Place
INFO ServiceThread-P5_Place-14005 org.btsn.handlers.ServiceThread -   Operation: processToken
INFO ServiceThread-P5_Place-14005 org.btsn.handlers.ServiceThread -   Arrival Time (EventReactor): 1772849738479
INFO ServiceThread-P5_Place-14005 org.btsn.handlers.ServiceThread -   Invocation Time: 1772849739069
INFO ServiceThread-P5_Place-14005 org.btsn.handlers.ServiceThread -   Publish Time: 1772849739663
INFO ServiceThread-P5_Place-14005 org.btsn.handlers.ServiceThread -   Workflow Start Time: 1772849702938
INFO ServiceThread-P5_Place-14005 org.btsn.handlers.ServiceThread -   MARKING: Buffer=0, Total=1, Capacity=50
INFO ServiceThread-P5_Place-14005 org.btsn.handlers.ServiceThread - ==============================
INFO ServiceThread-P5_Place-14005 org.btsn.derby.Analysis.BuildServiceAnalysisDatabase - Wrote service timing record for sequenceID: 1000001
DEBUG ServiceThread-P5_Place-14005 org.btsn.handlers.ServiceThread -   Queue Time (including priority queue): 590ms
DEBUG ServiceThread-P5_Place-14005 org.btsn.handlers.ServiceThread -   Service Time: 594ms
DEBUG ServiceThread-P5_Place-14005 org.btsn.handlers.ServiceThread -   Total Time: 1184ms
DEBUG ServiceThread-P5_Place-14005 org.btsn.handlers.ServiceThread -   Buffer Utilization: 0.0%
DEBUG ServiceThread-P5_Place-14005 org.btsn.handlers.ServiceThread - ORCHESTRATOR: Cleaned up join 1000000
DEBUG ServiceThread-P5_Place-14005 org.btsn.handlers.ServiceThread - ORCHESTRATOR: Service P5_Place sequence ID: 1000000 complete.
DEBUG ServiceThread-P5_Place-14005 org.btsn.handlers.ServiceThread - ORCHESTRATOR: Processing:: token = {"token":{"annotation":"{\"place\":\"P4\",\"entryTime\":1772849742340,\"exitTime\":1772849742343,\"residenceTime\":3,\"delayMs\":0,\"marking\":1,\"capacity\":1,\"joinType\":\"AND_JOIN\",\"input1Token\":\"1000001\",\"input2Token\":\"1000001\"}","notAfter":1772849817346,"tokenId":"1000001","data":{"delayMs":"0","place":"P2","distribution":"DETERMINISTIC"},"workflow_start_time":1772849697346,"placeId":"token","routing_decision":{"probability":0.5,"guard_result":false,"routing_path":"false"},"service_start_time":1772849742339,"version":"v001","executionTime":3,"marking":1,"currentPlace":"P1_Place","service_processing_time_ms":99,"original_token":"{\"notAfter\":1772849817346,\"tokenId\":\"1000001\",\"data\":{},\"workflow_start_time\":1772849697346,\"currentPlace\":\"P1_Place\",\"version\":\"v001\"}","service_end_time":1772849742438,"status":"JOIN_COMPLETED"}}
DEBUG ServiceThread-P5_Place-14005 org.btsn.handlers.ServiceThread - CAPTURE: WorkflowStartTime=1772849702938 for seqID=1000001
INFO ServiceThread-P5_Place-14005 org.btsn.handlers.ServiceThread - Incoming Sequence ID = 1000001
INFO ServiceThread-P5_Place-14005 org.btsn.handlers.ServiceThread - MonitorIncomingEvents+ = true
DEBUG ServiceThread-P5_Place-14005 org.btsn.handlers.ServiceThread - Using RuleBaseVersion: v001
DEBUG ServiceThread-P5_Place-14005 org.btsn.handlers.ServiceThread - FILTER: Event for P5_Place.processToken accepted by P5_Place thread
WARN ServiceThread-P5_Place-14005 org.btsn.json.jsonLibrary - Key "token" already exists. Skipping.
DEBUG ServiceThread-P5_Place-14005 org.btsn.handlers.ServiceThread - JOIN-MAP: Added key=token to join 1000000 (tokenId=1000001, mapSize=1)
INFO ServiceThread-P5_Place-14005 org.btsn.handlers.ServiceThread - DEBUG: Loading rule base for operation: processToken
INFO ServiceThread-P5_Place-14005 org.btsn.handlers.ServiceThread - DEBUG: Rule base location: C:\DevShare\BTSN_R001\BTSN\btsn.petrinet.places.p5/RuleFolder.v001/processToken/Service.ruleml
INFO ServiceThread-P5_Place-14005 org.btsn.handlers.ServiceThread - DEBUG: Using cached knowledge base for version: v001
INFO ServiceThread-P5_Place-14005 org.btsn.handlers.ServiceThread - DEBUG: Parsing knowledge base...
INFO ServiceThread-P5_Place-14005 org.btsn.handlers.ServiceThread - DEBUG: Knowledge base parsed successfully
DEBUG ServiceThread-P5_Place-14005 org.btsn.handlers.ServiceThread - CANONICAL-BINDING: Checking canonical binding for P5_Place.processToken with attribute 'token'
DEBUG ServiceThread-P5_Place-14005 org.btsn.handlers.ServiceThread - CANONICAL-BINDING: Operation processToken uses standard (AND) semantics
INFO ServiceThread-P5_Place-14005 org.btsn.handlers.ServiceThread - CANONICAL-BINDING: processToken requires 1 inputs total (standard AND logic)
INFO ServiceThread-P5_Place-14005 org.btsn.handlers.ServiceThread - CANONICAL-BINDING: processToken needs 1 input - can call immediately with 'token'
INFO ServiceThread-P5_Place-14005 org.btsn.handlers.ServiceThread - ORCHESTRATOR: Canonical binding found - overriding serviceName facts
INFO ServiceThread-P5_Place-14005 org.btsn.handlers.ServiceThread - ORCHESTRATOR: Overrode inputCollection for canonical binding
DEBUG ServiceThread-P5_Place-14005 org.btsn.handlers.ServiceThread - decisionValueCollection already populated from publishes query - skipping legacy getDecisionValue
DEBUG ServiceThread-P5_Place-14005 org.btsn.handlers.PetriNetInstrumentationHelper - Token 1000001 buffered at T_in_P5_Place (buffer=0)
DEBUG ServiceThread-P5_Place-14005 org.btsn.handlers.PetriNetInstrumentationHelper - Could not extract previousPlace from payload
DEBUG ServiceThread-P5_Place-14005 org.btsn.derby.Analysis.BuildServiceAnalysisDatabase - Wrote transition firing: T_in_P5 token=1000001 eventType=BUFFERED
DEBUG ServiceThread-P5_Place-14005 org.btsn.handlers.PetriNetInstrumentationHelper - Recorded transition: T_in_P5 (XorNode) token=1000001  -> P5_Place [BUFFERED] buffer=0
DEBUG ServiceThread-P5_Place-14005 org.btsn.handlers.ServiceThread - PETRI-NET: Token 1000001 BUFFERED at P5_Place (T_in arrival)
DEBUG ServiceThread-P5_Place-14005 org.btsn.handlers.PetriNetInstrumentationHelper - Token 1000001 entering place: P5_Place (buffer=0)
DEBUG ServiceThread-P5_Place-14005 org.btsn.handlers.PetriNetInstrumentationHelper - Could not extract previousPlace from payload
DEBUG ServiceThread-P5_Place-14005 org.btsn.derby.Analysis.BuildServiceAnalysisDatabase - Wrote transition firing: T_in_P5 token=1000001 eventType=ENTER
DEBUG ServiceThread-P5_Place-14005 org.btsn.handlers.PetriNetInstrumentationHelper - Recorded transition: T_in_P5 (XorNode) token=1000001  -> P5_Place [ENTER] buffer=0
DEBUG ServiceThread-P5_Place-14005 org.btsn.handlers.ServiceThread - PETRI-NET: Token 1000001 ENTER at P5_Place
INFO ServiceThread-P5_Place-14005 org.btsn.handlers.ServiceThread - DEBUG: About to check inputCollection.isEmpty() - size: 1
INFO ServiceThread-P5_Place-14005 org.btsn.handlers.ServiceThread - DEBUG: inputCollection contents: [null]
INFO ServiceThread-P5_Place-14005 org.btsn.handlers.ServiceThread - DEBUG: nodeType: XorNode
INFO ServiceThread-P5_Place-14005 org.btsn.handlers.ServiceThread - DEBUG: needsInputSynchronization: false
INFO ServiceThread-P5_Place-14005 org.btsn.handlers.ServiceThread - DEBUG: Past inputCollection check, about to enter JOIN processing
INFO ServiceThread-P5_Place-14005 org.btsn.handlers.ServiceThread - DEBUG: inputCollection.get(0): null
INFO ServiceThread-P5_Place-14005 org.btsn.handlers.ServiceThread - ORCHESTRATOR: Zero-input service P5_Place:processToken executing with trigger token (no workflow data required)
INFO ServiceThread-P5_Place-14005 org.btsn.handlers.ServiceThread - ORCHESTRATOR: Processing XorNode for P5_Place.processToken
INFO ServiceThread-P5_Place-14005 org.btsn.handlers.TransitionHandler - ORCHESTRATOR: Processing XorNode for P5_Place.processToken
INFO ServiceThread-P5_Place-14005 org.btsn.handlers.TransitionHandler - XOR-DIAG: === START XOR ROUTING ===
DEBUG ServiceThread-P5_Place-14005 org.btsn.handlers.ServiceThread - FORK: Reloaded knowledge base successfully
DEBUG ServiceThread-P5_Place-14005 org.btsn.handlers.ServiceThread - CANONICAL-BINDING: Checking canonical binding for P5_Place.processToken with attribute 'token'
DEBUG ServiceThread-P5_Place-14005 org.btsn.handlers.ServiceThread - CANONICAL-BINDING: Operation processToken uses standard (AND) semantics
INFO ServiceThread-P5_Place-14005 org.btsn.handlers.ServiceThread - CANONICAL-BINDING: processToken requires 1 inputs total (standard AND logic)
INFO ServiceThread-P5_Place-14005 org.btsn.handlers.ServiceThread - CANONICAL-BINDING: processToken needs 1 input - can call immediately with 'token'
INFO ServiceThread-P5_Place-14005 org.btsn.handlers.ServiceThread - ORCHESTRATOR: Found single-input canonical binding - calling P5_Place.processToken immediately
INFO ServiceThread-P5_Place-14005 org.btsn.handlers.ServiceThread - ORCHESTRATOR: Invoking P5_Place.processToken via ServiceHelper (canonical binding)
INFO ServiceThread-P5_Place-14005 org.btsn.handlers.ServiceHelper - === SERVICE INVOCATION START ===
INFO ServiceThread-P5_Place-14005 org.btsn.handlers.ServiceHelper - Service: org.btsn.places.P5_Place.processToken
INFO ServiceThread-P5_Place-14005 org.btsn.handlers.ServiceHelper - SequenceID: 1000000
INFO ServiceThread-P5_Place-14005 org.btsn.handlers.ServiceHelper - Input arguments count: 1
DEBUG ServiceThread-P5_Place-14005 org.btsn.handlers.ServiceHelper - Processing argument 1/1, raw length: 866
DEBUG ServiceThread-P5_Place-14005 org.btsn.handlers.ServiceHelper - ENRICHMENT: Unwrapped place response from key: token
DEBUG ServiceThread-P5_Place-14005 org.btsn.handlers.ServiceHelper - ENRICHMENT: Found existing original_token to preserve
DEBUG ServiceThread-P5_Place-14005 org.btsn.handlers.ServiceHelper - ENRICHMENT: Extracted workflow_start_time=1772849697346
DEBUG ServiceThread-P5_Place-14005 org.btsn.handlers.ServiceHelper - ENRICHMENT: Cleaned argument 1, length: 866 (removed 0 bytes of metadata)
INFO ServiceThread-P5_Place-14005 org.btsn.handlers.ServiceHelper - ENRICHMENT: Extracted 1 clean business data arguments (removed infrastructure metadata)
INFO ServiceThread-P5_Place-14005 org.btsn.handlers.ServiceHelper - SERVICE INVOKE: Calling org.btsn.places.P5_Place.processToken with 1 CLEAN business data arguments
DEBUG ServiceThread-P5_Place-14005 org.btsn.handlers.ServiceHelper - INVOKE: Reflecting on org.btsn.places.P5_Place.processToken
DEBUG ServiceThread-P5_Place-14005 org.btsn.handlers.ServiceHelper - INVOKE: Looking for method with 1 String parameters
INFO ServiceThread-P5_Place-14005 org.btsn.logger.PetriNetEventLogger - PLACE_CREATED: placeId=P5, sequenceId=1000000, type=P5, capacity=1
DEBUG ServiceThread-P5_Place-14005 org.btsn.handlers.ServiceHelper - INVOKE: Created instance using 1-param constructor (context) for org.btsn.places.P5_Place
DEBUG ServiceThread-P5_Place-14005 org.btsn.handlers.ServiceHelper - INVOKE: Found standard method (1 String args)
DEBUG ServiceThread-P5_Place-14005 org.btsn.handlers.ServiceHelper - INVOKE: Calling processToken with 1 arguments
INFO ServiceThread-P5_Place-14005 org.btsn.logger.PetriNetEventLogger - TOKEN_ARRIVAL: placeId=P5, sequenceId=1000000, token=Token{id='1000001', version='v001', place='P1_Place', processType='null', data={delayMs=0, place=P2, distribution=DETERMINISTIC, workflow_start_time=1772849697346}, valid=true}
INFO ServiceThread-P5_Place-14005 org.btsn.logger.PetriNetEventLogger - CAPACITY_CHECK: placeId=P5, sequenceId=1000000, M(P)=0, capacity=1, hasCapacity=true
INFO ServiceThread-P5_Place-14005 org.btsn.logger.PetriNetEventLogger - MARKING_CHANGE: placeId=P5, sequenceId=1000000, M(P)=1, reason=token_accepted
INFO ServiceThread-P5_Place-14005 org.btsn.logger.PetriNetEventLogger - TOKEN_HELD: placeId=P5, sequenceId=1000000, token=Token{id='1000001', version='v001', place='P1_Place', processType='null', data={delayMs=0, place=P2, distribution=DETERMINISTIC, workflow_start_time=1772849697346}, valid=true}, M(P)=1, capacity=1
DEBUG ServiceThread-P5_CollectorService-14104 org.btsn.handlers.ServiceThread - ORCHESTRATOR: Processing:: token = {"token":"workflow_1000000_v001"}
DEBUG ServiceThread-P5_CollectorService-14104 org.btsn.handlers.ServiceThread - CAPTURE: WorkflowStartTime=1772849743126 for seqID=1000000
INFO ServiceThread-P5_CollectorService-14104 org.btsn.handlers.ServiceThread - Incoming Sequence ID = 1000000
INFO ServiceThread-P5_CollectorService-14104 org.btsn.handlers.ServiceThread - MonitorIncomingEvents+ = true
DEBUG ServiceThread-P5_CollectorService-14104 org.btsn.handlers.ServiceThread - Using RuleBaseVersion: v999
DEBUG ServiceThread-P5_CollectorService-14104 org.btsn.handlers.ServiceThread - FILTER: Event for P5_CollectorService.collectAllData accepted by P5_CollectorService thread
WARN ServiceThread-P5_CollectorService-14104 org.btsn.json.jsonLibrary - Key "token" already exists. Skipping.
DEBUG ServiceThread-P5_CollectorService-14104 org.btsn.handlers.ServiceThread - JOIN-MAP: Added key=token to join 1000000 (tokenId=1000000, mapSize=1)
INFO ServiceThread-P5_CollectorService-14104 org.btsn.handlers.ServiceThread - DEBUG: Loading rule base for operation: collectAllData
INFO ServiceThread-P5_CollectorService-14104 org.btsn.handlers.ServiceThread - DEBUG: Rule base location: C:\DevShare\BTSN_R001\BTSN\btsn.petrinet.places.p5/RuleFolder.v999/collectAllData/Service.ruleml
INFO ServiceThread-P5_CollectorService-14104 org.btsn.handlers.ServiceThread - DEBUG: Loading fresh knowledge base from: C:\DevShare\BTSN_R001\BTSN\btsn.petrinet.places.p5/RuleFolder.v999/collectAllData/Service.ruleml
INFO ServiceThread-P5_Place-14005 org.btsn.logger.PetriNetEventLogger - VALIDITY_WINDOW_CHECK: placeId=P5, sequenceId=1000000, currentTime=1772849743422, notAfter=1772849817346, valid=true
INFO ServiceThread-P5_Place-14005 org.btsn.logger.PetriNetEventLogger - PLACE_EXECUTION: placeId=P5, sequenceId=1000000, executionTime=139ms, result=COMPLETED
INFO ServiceThread-P5_Place-14005 org.btsn.base.BaseStochasticPetriNetPlace - PN_PROCESS: place=P5, seq=1000000, guard=false, delay=0ms, total=139ms
INFO ServiceThread-P5_Place-14005 org.btsn.logger.PetriNetEventLogger - MARKING_CHANGE: placeId=P5, sequenceId=1000000, M(P)=0, reason=token_released
INFO ServiceThread-P5_Place-14005 org.btsn.logger.PetriNetEventLogger - TOKEN_RELEASED: placeId=P5, sequenceId=1000000, token=Token{id='1000001', version='v001', place='P1_Place', processType='null', data={delayMs=0, place=P2, distribution=DETERMINISTIC, workflow_start_time=1772849697346}, valid=true}, M(P)=0
INFO ServiceThread-P5_Place-14005 org.btsn.logger.PetriNetEventLogger - TOKEN_DEPARTURE: placeId=P5, sequenceId=1000000, token=Token{id='1000001', version='v001', place='P1_Place', processType='null', data={delayMs=0, place=P2, distribution=DETERMINISTIC, workflow_start_time=1772849697346}, valid=true}, annotation={"place":"P5","entryTime":1772849743284,"exitTime":1772849743423,"residenceTime":139,"delayMs":0,"marking":1,"capacity":1,"distribution":"DETERMINISTIC","routingPath":"false"}
INFO ServiceThread-P5_Place-14005 org.btsn.handlers.ServiceHelper - SERVICE COMPLETE: org.btsn.places.P5_Place.processToken completed in 141ms
DEBUG ServiceThread-P5_Place-14005 org.btsn.handlers.ServiceHelper - ENRICHMENT: Using wrapped response key 'token' instead of 'token_branch1'
INFO ServiceThread-P5_Place-14005 org.btsn.handlers.ServiceHelper - ENRICHMENT: Successfully enriched service result with metadata
INFO ServiceThread-P5_Place-14005 org.btsn.handlers.ServiceHelper - === SERVICE INVOCATION COMPLETE ===
INFO ServiceThread-P5_Place-14005 org.btsn.handlers.TransitionHandler - ORCHESTRATOR: Service returned: {"token":{"annotation":"{\"place\":\"P5\",\"entryTime\":1772849743284,\"exitTime\":1772849743423,\"residenceTime\":139,\"delayMs\":0,\"marking\":1,\"capacity\":1,\"distribution\":\"DETERMINISTIC\",\"routingPath\":\"false\"}","notAfter":1772849817346,"tokenId":"1000001","data":{"delayMs":"0","place":"P5","distribution":"DETERMINISTIC"},"workflow_start_time":1772849697346,"placeId":"token","routing_decision":{"probability":0.5,"guard_result":false,"routing_path":"false"},"service_start_time":1772849743283,"version":"v001","executionTime":139,"marking":1,"currentPlace":"P1_Place","service_processing_time_ms":141,"original_token":"{\"notAfter\":1772849817346,\"tokenId\":\"1000001\",\"data\":{},\"workflow_start_time\":1772849697346,\"currentPlace\":\"P1_Place\",\"version\":\"v001\"}","service_end_time":1772849743424,"status":"COMPLETED"}}
DEBUG ServiceThread-P5_Place-14005 org.btsn.handlers.TransitionHandler - DECISION: Found routing_decision object
DEBUG ServiceThread-P5_Place-14005 org.btsn.handlers.TransitionHandler - DECISION: Found routing_path = 'false' in routing_decision
INFO ServiceThread-P5_Place-14005 org.btsn.handlers.TransitionHandler - XOR-DIAG: Routing decision = 'false'
INFO ServiceThread-P5_Place-14005 org.btsn.handlers.TransitionHandler - XOR-DIAG: Collection sizes: services=2, conditions=2, decisionValues=2
INFO ServiceThread-P5_Place-14005 org.btsn.handlers.TransitionHandler - XOR-DIAG: Evaluating 2 branches:
INFO ServiceThread-P5_Place-14005 org.btsn.handlers.TransitionHandler - XOR-DIAG:   Branch 0 -> P1_Place: 'false' DECISION_EQUAL_TO 'true' => no match
INFO ServiceThread-P5_Place-14005 org.btsn.handlers.TransitionHandler - XOR-DIAG:   Branch 1 -> P5_Place: 'false' DECISION_EQUAL_TO 'false' => MATCH
INFO ServiceThread-P5_Place-14005 org.btsn.handlers.TransitionHandler - XOR-DIAG: Total matching branches: 1
INFO ServiceThread-P5_Place-14005 org.btsn.handlers.TransitionHandler - XOR-DIAG: Routing to P5_Place.processToken with sequenceId=1000001
DEBUG ServiceThread-P5_Place-14005 org.btsn.handlers.PetriNetInstrumentationHelper - Token 1000001 exiting place: P5_Place -> P5_Place [arc=false]
DEBUG ServiceThread-P5_Place-14005 org.btsn.derby.Analysis.BuildServiceAnalysisDatabase - Wrote transition firing: T_out_P5 token=1000001 eventType=EXIT
INFO ServiceThread-P5_CollectorService-14104 org.btsn.handlers.ServiceThread - DEBUG: Loaded knowledge base length: 13498
DEBUG ServiceThread-P5_CollectorService-14104 org.btsn.handlers.ServiceThread - DEBUG: Knowledge base content preview: <Assert>
<Rulebase mapClosure="universal">
<!-- Version On -->
<Data><Atom><Rel>Version</Rel><Ind>v999</Ind></Atom></Data>
<!-- Common Rules to all services -->
<!-- 
This is the rule determines the operational parameters associated with
the destination service.
 -->
<Implies>
	<then>
		<Atom>
			<Rel>publishes</Rel>
			<Var>service</Var>
			<Var>condition</Var>
			<Var>operation</Var>
			<Var>channel</Var>
			<Var>ip</Var>
			<Var>port</Var>
			<Var>decisionValue</Var>
		</A
INFO ServiceThread-P5_CollectorService-14104 org.btsn.handlers.ServiceThread - DEBUG: Parsing knowledge base...
DEBUG ServiceThread-P5_Place-14005 org.btsn.handlers.PetriNetInstrumentationHelper - Recorded transition: T_out_P5 (EdgeNode) token=1000001 P5_Place -> P5_Place [EXIT] arc=false
DEBUG ServiceThread-P5_Place-14005 org.btsn.handlers.ServiceThread - PETRI-NET: Token 1000001 EXIT from P5_Place -> P5_Place.processToken [arc=false]
DEBUG ServiceThread-P5_Place-14005 org.btsn.handlers.ServiceThread - FORK: Updated payload sequenceId/tokenId to 1000001
INFO ServiceThread-P5_Place-14005 org.btsn.handlers.ServiceThread - DEBUG: Querying activeService for P5_Place.processToken
INFO ServiceThread-P5_Place-14005 org.btsn.handlers.ServiceThread - DEBUG: ActiveService query returned 0 rows
INFO ServiceThread-P5_Place-14005 org.btsn.handlers.ServiceThread - ORCHESTRATOR: No activeService override found for P5_Place.processToken
DEBUG ServiceThread-P5_Place-14005 org.btsn.handlers.ServiceThread - ROUTING-DEBUG: Self-feedback detected, querying binding for operation='processToken'
INFO ServiceThread-P5_CollectorService-14104 org.btsn.handlers.ServiceThread - DEBUG: Knowledge base parsed successfully
DEBUG ServiceThread-P5_CollectorService-14104 org.btsn.handlers.ServiceThread - CANONICAL-BINDING: Checking canonical binding for P5_CollectorService.collectAllData with attribute 'token'
DEBUG ServiceThread-P5_Place-14005 org.btsn.handlers.ServiceThread - ROUTING-QUERY: rowsReturned=0 for operation=processToken
ERROR ServiceThread-P5_Place-14005 org.btsn.handlers.ServiceThread - ROUTING: FATAL - Self-feedback routing failed
ERROR ServiceThread-P5_Place-14005 org.btsn.handlers.ServiceThread - ROUTING: Service: P5_Place, Operation: processToken
ERROR ServiceThread-P5_Place-14005 org.btsn.handlers.ServiceThread - ROUTING: Could not find input attribute in canonical binding
ERROR ServiceThread-P5_Place-14005 org.btsn.handlers.ServiceThread - ROUTING: Expected: canonicalBinding(processToken, returnAttr, inputAttr)
ERROR ServiceThread-P5_Place-14005 org.btsn.handlers.ServiceThread - Error processing control node of type: XorNode
java.lang.IllegalStateException: ROUTING: Self-feedback to P5_Place failed - no input attribute found in canonical binding for operation 'processToken'
	at org.btsn.handlers.ServiceThread.deriveAttributeNameForRouting(ServiceThread.java:1373)
	at org.btsn.handlers.ServiceThread.callNextOperation(ServiceThread.java:2752)
	at org.btsn.handlers.ServiceThread.callNextOperation(ServiceThread.java:2639)
	at org.btsn.handlers.TransitionHandler.processXorType(TransitionHandler.java:453)
	at org.btsn.handlers.ServiceThread.processControlNode(ServiceThread.java:1268)
	at org.btsn.handlers.ServiceThread.parsePayLoad(ServiceThread.java:721)
	at org.btsn.handlers.ServiceThread.run(ServiceThread.java:483)
	at java.base/java.lang.Thread.run(Thread.java:832)
DEBUG ServiceThread-P5_Place-14005 org.btsn.handlers.ServiceThread - ORCHESTRATOR: Cleaned up join 1000000
DEBUG ServiceThread-P5_Place-14005 org.btsn.handlers.ServiceThread - ORCHESTRATOR: Service P5_Place sequence ID: 1000000 complete.
DEBUG ServiceThread-P5_CollectorService-14104 org.btsn.handlers.ServiceThread - CANONICAL-BINDING: Operation collectAllData uses standard (AND) semantics
INFO ServiceThread-P5_CollectorService-14104 org.btsn.handlers.ServiceThread - CANONICAL-BINDING: collectAllData requires 1 inputs total (standard AND logic)
INFO ServiceThread-P5_CollectorService-14104 org.btsn.handlers.ServiceThread - CANONICAL-BINDING: collectAllData needs 1 input - can call immediately with 'token'
INFO ServiceThread-P5_CollectorService-14104 org.btsn.handlers.ServiceThread - ORCHESTRATOR: Canonical binding found - overriding serviceName facts
INFO ServiceThread-P5_CollectorService-14104 org.btsn.handlers.ServiceThread - ORCHESTRATOR: Overrode inputCollection for canonical binding
WARN ServiceThread-P5_CollectorService-14104 org.btsn.handlers.ServiceThread - Using legacy getDecisionValue - consider updating CoreRuleBase to include decisionValue in publishes
DEBUG ServiceThread-P5_CollectorService-14104 org.btsn.handlers.PetriNetInstrumentationHelper - Token 1000000 buffered at T_in_P5_CollectorService (buffer=0)
DEBUG ServiceThread-P5_CollectorService-14104 org.btsn.handlers.PetriNetInstrumentationHelper - Could not extract previousPlace from payload
WARN ServiceThread-P5_CollectorService-14104 org.btsn.handlers.PetriNetInstrumentationHelper - NAMING CONVENTION VIOLATION: Service 'P5_CollectorService' does not end with '_Place'. Expected format: {NodeName}_Place. Transition IDs may not match topology. Please rename the service.
DEBUG ServiceThread-P5_CollectorService-14104 org.btsn.derby.Analysis.BuildServiceAnalysisDatabase - Wrote transition firing: T_in_P5_CollectorService token=1000000 eventType=BUFFERED
DEBUG ServiceThread-P5_CollectorService-14104 org.btsn.handlers.PetriNetInstrumentationHelper - Recorded transition: T_in_P5_CollectorService (EdgeNode) token=1000000  -> P5_CollectorService [BUFFERED] buffer=0
DEBUG ServiceThread-P5_CollectorService-14104 org.btsn.handlers.ServiceThread - PETRI-NET: Token 1000000 BUFFERED at P5_CollectorService (T_in arrival)
DEBUG ServiceThread-P5_CollectorService-14104 org.btsn.handlers.PetriNetInstrumentationHelper - Token 1000000 entering place: P5_CollectorService (buffer=0)
DEBUG ServiceThread-P5_CollectorService-14104 org.btsn.handlers.PetriNetInstrumentationHelper - Could not extract previousPlace from payload
WARN ServiceThread-P5_CollectorService-14104 org.btsn.handlers.PetriNetInstrumentationHelper - NAMING CONVENTION VIOLATION: Service 'P5_CollectorService' does not end with '_Place'. Expected format: {NodeName}_Place. Transition IDs may not match topology. Please rename the service.
DEBUG ServiceThread-P5_CollectorService-14104 org.btsn.derby.Analysis.BuildServiceAnalysisDatabase - Wrote transition firing: T_in_P5_CollectorService token=1000000 eventType=ENTER
DEBUG ServiceThread-P5_CollectorService-14104 org.btsn.handlers.PetriNetInstrumentationHelper - Recorded transition: T_in_P5_CollectorService (EdgeNode) token=1000000  -> P5_CollectorService [ENTER] buffer=0
DEBUG ServiceThread-P5_CollectorService-14104 org.btsn.handlers.ServiceThread - PETRI-NET: Token 1000000 ENTER at P5_CollectorService
INFO ServiceThread-P5_CollectorService-14104 org.btsn.handlers.ServiceThread - DEBUG: About to check inputCollection.isEmpty() - size: 1
INFO ServiceThread-P5_CollectorService-14104 org.btsn.handlers.ServiceThread - DEBUG: inputCollection contents: [null]
INFO ServiceThread-P5_CollectorService-14104 org.btsn.handlers.ServiceThread - DEBUG: nodeType: EdgeNode
INFO ServiceThread-P5_CollectorService-14104 org.btsn.handlers.ServiceThread - DEBUG: needsInputSynchronization: false
INFO ServiceThread-P5_CollectorService-14104 org.btsn.handlers.ServiceThread - DEBUG: Past inputCollection check, about to enter JOIN processing
INFO ServiceThread-P5_CollectorService-14104 org.btsn.handlers.ServiceThread - DEBUG: inputCollection.get(0): null
INFO ServiceThread-P5_CollectorService-14104 org.btsn.handlers.ServiceThread - ORCHESTRATOR: Zero-input service P5_CollectorService:collectAllData executing with trigger token (no workflow data required)
INFO ServiceThread-P5_CollectorService-14104 org.btsn.handlers.ServiceThread - ORCHESTRATOR: Processing EdgeNode for P5_CollectorService.collectAllData
INFO ServiceThread-P5_CollectorService-14104 org.btsn.handlers.TransitionHandler - ORCHESTRATOR: Processing EdgeNode/MergeNode for P5_CollectorService.collectAllData
DEBUG ServiceThread-P5_CollectorService-14104 org.btsn.handlers.ServiceThread - CANONICAL-BINDING: Checking canonical binding for P5_CollectorService.collectAllData with attribute 'token'
DEBUG ServiceThread-P5_CollectorService-14104 org.btsn.handlers.ServiceThread - CANONICAL-BINDING: Operation collectAllData uses standard (AND) semantics
INFO ServiceThread-P5_CollectorService-14104 org.btsn.handlers.ServiceThread - CANONICAL-BINDING: collectAllData requires 1 inputs total (standard AND logic)
INFO ServiceThread-P5_CollectorService-14104 org.btsn.handlers.ServiceThread - CANONICAL-BINDING: collectAllData needs 1 input - can call immediately with 'token'
INFO ServiceThread-P5_CollectorService-14104 org.btsn.handlers.ServiceThread - ORCHESTRATOR: Found single-input canonical binding - calling P5_CollectorService.collectAllData immediately
INFO ServiceThread-P5_CollectorService-14104 org.btsn.handlers.ServiceThread - ORCHESTRATOR: Invoking P5_CollectorService.collectAllData via ServiceHelper (canonical binding)
INFO ServiceThread-P5_CollectorService-14104 org.btsn.handlers.ServiceHelper - === SERVICE INVOCATION START ===
INFO ServiceThread-P5_CollectorService-14104 org.btsn.handlers.ServiceHelper - Service: org.btsn.places.P5_CollectorService.collectAllData
INFO ServiceThread-P5_CollectorService-14104 org.btsn.handlers.ServiceHelper - SequenceID: 1000000
INFO ServiceThread-P5_CollectorService-14104 org.btsn.handlers.ServiceHelper - Input arguments count: 1
DEBUG ServiceThread-P5_CollectorService-14104 org.btsn.handlers.ServiceHelper - Processing argument 1/1, raw length: 33
DEBUG ServiceThread-P5_CollectorService-14104 org.btsn.handlers.ServiceHelper - ENRICHMENT: First service - raw token IS original_token
INFO ServiceThread-P5_CollectorService-14104 org.btsn.handlers.ServiceHelper - ENRICHMENT: Initialized workflow start time (first service)
DEBUG ServiceThread-P5_CollectorService-14104 org.btsn.handlers.ServiceHelper - ENRICHMENT: Cleaned argument 1, length: 33 (removed 0 bytes of metadata)
INFO ServiceThread-P5_CollectorService-14104 org.btsn.handlers.ServiceHelper - ENRICHMENT: Extracted 1 clean business data arguments (removed infrastructure metadata)
INFO ServiceThread-P5_CollectorService-14104 org.btsn.handlers.ServiceHelper - SERVICE INVOKE: Calling org.btsn.places.P5_CollectorService.collectAllData with 1 CLEAN business data arguments
DEBUG ServiceThread-P5_CollectorService-14104 org.btsn.handlers.ServiceHelper - INVOKE: Reflecting on org.btsn.places.P5_CollectorService.collectAllData
DEBUG ServiceThread-P5_CollectorService-14104 org.btsn.handlers.ServiceHelper - INVOKE: Looking for method with 1 String parameters
DEBUG ServiceThread-P5_CollectorService-14104 org.btsn.handlers.ServiceHelper - INVOKE: Created instance using 3-param constructor (context, placeName, buildVersion) for org.btsn.places.P5_CollectorService
DEBUG ServiceThread-P5_CollectorService-14104 org.btsn.handlers.ServiceHelper - INVOKE: Found standard method (1 String args)
DEBUG ServiceThread-P5_CollectorService-14104 org.btsn.handlers.ServiceHelper - INVOKE: Calling collectAllData with 1 arguments
INFO ServiceThread-P5_CollectorService-14104 org.btsn.handlers.ServiceHelper - SERVICE COMPLETE: org.btsn.places.P5_CollectorService.collectAllData completed in 899ms
WARN ServiceThread-P5_CollectorService-14104 org.btsn.handlers.ServiceHelper - ENRICHMENT: Inner object is not a JSONObject, cannot enrich
INFO ServiceThread-P5_CollectorService-14104 org.btsn.handlers.ServiceHelper - ENRICHMENT: Successfully enriched service result with metadata
INFO ServiceThread-P5_CollectorService-14104 org.btsn.handlers.ServiceHelper - === SERVICE INVOCATION COMPLETE ===
INFO ServiceThread-P5_CollectorService-14104 org.btsn.handlers.TransitionHandler - ORCHESTRATOR: Service returned: {"monitoredPlace":"P5_Place","petriNetData":{"firingRecordCount":27,"workflowGroups":{"1000000":{"markingEvolution":[{"marking":1,"tokenId":1000001,"transitionId":"T_in_P5","toPlace":"P5_Place","workflowBase":1000000,"eventType":"BUFFERED","placeName":"P5_Place","timestamp":1772849706700,"bufferSize":0},{"marking":1,"tokenId":1000001,"transitionId":"T_in_P5","toPlace":"P5_Place","workflowBase":1000000,"eventType":"ENTER","placeName":"P5_Place","timestamp":1772849706827,"bufferSize":0},{"marking":0,"tokenId":1000001,"transitionId":"T_out_P5","toPlace":"P1_Place","workflowBase":1000000,"eventType":"EXIT","placeName":"P5_Place","timestamp":1772849707180,"bufferSize":0},{"marking":1,"tokenId":1000001,"transitionId":"T_in_P5","toPlace":"P5_Place","workflowBase":1000000,"eventType":"BUFFERED","placeName":"P5_Place","timestamp":1772849713492,"bufferSize":0},{"marking":1,"tokenId":1000001,"transitionId":"T_in_P5","toPlace":"P5_Place","workflowBase":1000000,"eventType":"ENTER","placeName":"P5_Place","timestamp":1772849713505,"bufferSize":0},{"marking":0,"tokenId":1000001,"transitionId":"T_out_P5","toPlace":"P1_Place","workflowBase":1000000,"eventType":"EXIT","placeName":"P5_Place","timestamp":1772849713833,"bufferSize":0},{"marking":1,"tokenId":1000001,"transitionId":"T_in_P5","toPlace":"P5_Place","workflowBase":1000000,"eventType":"BUFFERED","placeName":"P5_Place","timestamp":1772849718635,"bufferSize":0},{"marking":1,"tokenId":1000001,"transitionId":"T_in_P5","toPlace":"P5_Place","workflowBase":1000000,"eventType":"ENTER","placeName":"P5_Place","timestamp":1772849718651,"bufferSize":0},{"marking":0,"tokenId":1000001,"transitionId":"T_out_P5","toPlace":"P1_Place","workflowBase":1000000,"eventType":"EXIT","placeName":"P5_Place","timestamp":1772849719066,"bufferSize":0},{"marking":1,"tokenId":1000001,"transitionId":"T_in_P5","toPlace":"P5_Place","workflowBase":1000000,"eventType":"BUFFERED","placeName":"P5_Place","timestamp":1772849723574,"bufferSize":0},{"marking":1,"tokenId":1000001,"transitionId":"T_in_P5","toPlace":"P5_Place","workflowBase":1000000,"eventType":"ENTER","placeName":"P5_Place","timestamp":1772849723609,"bufferSize":0},{"marking":0,"tokenId":1000001,"transitionId":"T_out_P5","toPlace":"P5_Place","workflowBase":1000000,"eventType":"EXIT","placeName":"P5_Place","timestamp":1772849723975,"bufferSize":0},{"marking":1,"tokenId":1000001,"transitionId":"T_in_P5","toPlace":"P5_Place","workflowBase":1000000,"eventType":"BUFFERED","placeName":"P5_Place","timestamp":1772849724554,"bufferSize":0},{"marking":1,"tokenId":1000001,"transitionId":"T_in_P5","toPlace":"P5_Place","workflowBase":1000000,"eventType":"ENTER","placeName":"P5_Place","timestamp":1772849724568,"bufferSize":0},{"marking":0,"tokenId":1000001,"transitionId":"T_out_P5","toPlace":"P1_Place","workflowBase":1000000,"eventType":"EXIT","placeName":"P5_Place","timestamp":1772849724990,"bufferSize":0},{"marking":1,"tokenId":1000001,"transitionId":"T_in_P5","toPlace":"P5_Place","workflowBase":1000000,"eventType":"BUFFERED","placeName":"P5_Place","timestamp":1772849732855,"bufferSize":0},{"marking":1,"tokenId":1000001,"transitionId":"T_in_P5","toPlace":"P5_Place","workflowBase":1000000,"eventType":"ENTER","placeName":"P5_Place","timestamp":1772849732870,"bufferSize":0},{"marking":0,"tokenId":1000001,"transitionId":"T_out_P5","toPlace":"P1_Place","workflowBase":1000000,"eventType":"EXIT","placeName":"P5_Place","timestamp":1772849733288,"bufferSize":0},{"marking":1,"tokenId":1000001,"transitionId":"T_in_P5","toPlace":"P5_Place","workflowBase":1000000,"eventType":"BUFFERED","placeName":"P5_Place","timestamp":1772849737873,"bufferSize":0},{"marking":1,"tokenId":1000001,"transitionId":"T_in_P5","toPlace":"P5_Place","workflowBase":1000000,"eventType":"ENTER","placeName":"P5_Place","timestamp":1772849737886,"bufferSize":0},{"marking":0,"tokenId":1000001,"transitionId":"T_out_P5","toPlace":"P5_Place","workflowBase":1000000,"eventType":"EXIT","placeName":"P5_Place","timestamp":1772849738246,"bufferSize":0},{"marking":1,"tokenId":1000001,"transitionId":"T_in_P5","toPlace":"P5_Place","workflowBase":1000000,"eventType":"BUFFERED","placeName":"P5_Place","timestamp":1772849739051,"bufferSize":0},{"marking":1,"tokenId":1000001,"transitionId":"T_in_P5","toPlace":"P5_Place","workflowBase":1000000,"eventType":"ENTER","placeName":"P5_Place","timestamp":1772849739062,"bufferSize":0},{"marking":0,"tokenId":1000001,"transitionId":"T_out_P5","toPlace":"P1_Place","workflowBase":1000000,"eventType":"EXIT","placeName":"P5_Place","timestamp":1772849739463,"bufferSize":0},{"marking":1,"tokenId":1000001,"transitionId":"T_in_P5","toPlace":"P5_Place","workflowBase":1000000,"eventType":"BUFFERED","placeName":"P5_Place","timestamp":1772849743120,"bufferSize":0},{"marking":1,"tokenId":1000001,"transitionId":"T_in_P5","toPlace":"P5_Place","workflowBase":1000000,"eventType":"ENTER","placeName":"P5_Place","timestamp":1772849743132,"bufferSize":0},{"marking":0,"tokenId":1000001,"transitionId":"T_out_P5","toPlace":"P5_Place","workflowBase":1000000,"eventType":"EXIT","placeName":"P5_Place","timestamp":1772849743449,"bufferSize":0}],"tokenGenealogy":[],"tokenPaths":[{"entryTime":1772849706700,"exitTime":1772849707180,"residenceTime":480,"entryBufferSize":0,"tokenId":1000001,"exitBufferSize":0,"workflowBase":1000000,"placeName":"P5_Place"},{"entryTime":1772849706827,"exitTime":1772849707180,"residenceTime":353,"entryBufferSize":0,"tokenId":1000001,"exitBufferSize":0,"workflowBase":1000000,"placeName":"P5_Place"},{"entryTime":1772849713492,"exitTime":1772849713833,"residenceTime":341,"entryBufferSize":0,"tokenId":1000001,"exitBufferSize":0,"workflowBase":1000000,"placeName":"P5_Place"},{"entryTime":1772849713505,"exitTime":1772849713833,"residenceTime":328,"entryBufferSize":0,"tokenId":1000001,"exitBufferSize":0,"workflowBase":1000000,"placeName":"P5_Place"},{"entryTime":1772849718635,"exitTime":1772849719066,"residenceTime":431,"entryBufferSize":0,"tokenId":1000001,"exitBufferSize":0,"workflowBase":1000000,"placeName":"P5_Place"},{"entryTime":1772849718651,"exitTime":1772849719066,"residenceTime":415,"entryBufferSize":0,"tokenId":1000001,"exitBufferSize":0,"workflowBase":1000000,"placeName":"P5_Place"},{"entryTime":1772849723574,"exitTime":1772849723975,"residenceTime":401,"entryBufferSize":0,"tokenId":1000001,"exitBufferSize":0,"workflowBase":1000000,"placeName":"P5_Place"},{"entryTime":1772849723609,"exitTime":1772849723975,"residenceTime":366,"entryBufferSize":0,"tokenId":1000001,"exitBufferSize":0,"workflowBase":1000000,"placeName":"P5_Place"},{"entryTime":1772849724554,"exitTime":1772849724990,"residenceTime":436,"entryBufferSize":0,"tokenId":1000001,"exitBufferSize":0,"workflowBase":1000000,"placeName":"P5_Place"},{"entryTime":1772849724568,"exitTime":1772849724990,"residenceTime":422,"entryBufferSize":0,"tokenId":1000001,"exitBufferSize":0,"workflowBase":1000000,"placeName":"P5_Place"},{"entryTime":1772849732855,"exitTime":1772849733288,"residenceTime":433,"entryBufferSize":0,"tokenId":1000001,"exitBufferSize":0,"workflowBase":1000000,"placeName":"P5_Place"},{"entryTime":1772849732870,"exitTime":1772849733288,"residenceTime":418,"entryBufferSize":0,"tokenId":1000001,"exitBufferSize":0,"workflowBase":1000000,"placeName":"P5_Place"},{"entryTime":1772849737873,"exitTime":1772849738246,"residenceTime":373,"entryBufferSize":0,"tokenId":1000001,"exitBufferSize":0,"workflowBase":1000000,"placeName":"P5_Place"},{"entryTime":1772849737886,"exitTime":1772849738246,"residenceTime":360,"entryBufferSize":0,"tokenId":1000001,"exitBufferSize":0,"workflowBase":1000000,"placeName":"P5_Place"},{"entryTime":1772849739051,"exitTime":1772849739463,"residenceTime":412,"entryBufferSize":0,"tokenId":1000001,"exitBufferSize":0,"workflowBase":1000000,"placeName":"P5_Place"},{"entryTime":1772849739062,"exitTime":1772849739463,"residenceTime":401,"entryBufferSize":0,"tokenId":1000001,"exitBufferSize":0,"workflowBase":1000000,"placeName":"P5_Place"},{"entryTime":1772849743120,"exitTime":1772849743449,"residenceTime":329,"entryBufferSize":0,"tokenId":1000001,"exitBufferSize":0,"workflowBase":1000000,"placeName":"P5_Place"},{"entryTime":1772849743132,"exitTime":1772849743449,"residenceTime":317,"entryBufferSize":0,"tokenId":1000001,"exitBufferSize":0,"workflowBase":1000000,"placeName":"P5_Place"}],"transitionFirings":[{"tokenId":1000001,"transitionId":"T_in_P5","fromPlace":"","toPlace":"P5_Place","workflowBase":1000000,"eventType":"BUFFERED","placeName":"P5_Place","timestamp":1772849706700,"bufferSize":0},{"tokenId":1000001,"transitionId":"T_in_P5","fromPlace":"","toPlace":"P5_Place","workflowBase":1000000,"eventType":"ENTER","placeName":"P5_Place","timestamp":1772849706827,"bufferSize":0},{"tokenId":1000001,"transitionId":"T_out_P5","fromPlace":"P5_Place","toPlace":"P1_Place","workflowBase":1000000,"eventType":"EXIT","placeName":"P5_Place","timestamp":1772849707180,"bufferSize":0},{"tokenId":1000001,"transitionId":"T_in_P5","fromPlace":"","toPlace":"P5_Place","workflowBase":1000000,"eventType":"BUFFERED","placeName":"P5_Place","timestamp":1772849713492,"bufferSize":0},{"tokenId":1000001,"transitionId":"T_in_P5","fromPlace":"","toPlace":"P5_Place","workflowBase":1000000,"eventType":"ENTER","placeName":"P5_Place","timestamp":1772849713505,"bufferSize":0},{"tokenId":1000001,"transitionId":"T_out_P5","fromPlace":"P5_Place","toPlace":"P1_Place","workflowBase":1000000,"eventType":"EXIT","placeName":"P5_Place","timestamp":1772849713833,"bufferSize":0},{"tokenId":1000001,"transitionId":"T_in_P5","fromPlace":"","toPlace":"P5_Place","workflowBase":1000000,"eventType":"BUFFERED","placeName":"P5_Place","timestamp":1772849718635,"bufferSize":0},{"tokenId":1000001,"transitionId":"T_in_P5","fromPlace":"","toPlace":"P5_Place","workflowBase":1000000,"eventType":"ENTER","placeName":"P5_Place","timestamp":1772849718651,"bufferSize":0},{"tokenId":1000001,"transitionId":"T_out_P5","fromPlace":"P5_Place","toPlace":"P1_Place","workflowBase":1000000,"eventType":"EXIT","placeName":"P5_Place","timestamp":1772849719066,"bufferSize":0},{"tokenId":1000001,"transitionId":"T_in_P5","fromPlace":"","toPlace":"P5_Place","workflowBase":1000000,"eventType":"BUFFERED","placeName":"P5_Place","timestamp":1772849723574,"bufferSize":0},{"tokenId":1000001,"transitionId":"T_in_P5","fromPlace":"","toPlace":"P5_Place","workflowBase":1000000,"eventType":"ENTER","placeName":"P5_Place","timestamp":1772849723609,"bufferSize":0},{"tokenId":1000001,"transitionId":"T_out_P5","fromPlace":"P5_Place","toPlace":"P5_Place","workflowBase":1000000,"eventType":"EXIT","placeName":"P5_Place","timestamp":1772849723975,"bufferSize":0},{"tokenId":1000001,"transitionId":"T_in_P5","fromPlace":"","toPlace":"P5_Place","workflowBase":1000000,"eventType":"BUFFERED","placeName":"P5_Place","timestamp":1772849724554,"bufferSize":0},{"tokenId":1000001,"transitionId":"T_in_P5","fromPlace":"","toPlace":"P5_Place","workflowBase":1000000,"eventType":"ENTER","placeName":"P5_Place","timestamp":1772849724568,"bufferSize":0},{"tokenId":1000001,"transitionId":"T_out_P5","fromPlace":"P5_Place","toPlace":"P1_Place","workflowBase":1000000,"eventType":"EXIT","placeName":"P5_Place","timestamp":1772849724990,"bufferSize":0},{"tokenId":1000001,"transitionId":"T_in_P5","fromPlace":"","toPlace":"P5_Place","workflowBase":1000000,"eventType":"BUFFERED","placeName":"P5_Place","timestamp":1772849732855,"bufferSize":0},{"tokenId":1000001,"transitionId":"T_in_P5","fromPlace":"","toPlace":"P5_Place","workflowBase":1000000,"eventType":"ENTER","placeName":"P5_Place","timestamp":1772849732870,"bufferSize":0},{"tokenId":1000001,"transitionId":"T_out_P5","fromPlace":"P5_Place","toPlace":"P1_Place","workflowBase":1000000,"eventType":"EXIT","placeName":"P5_Place","timestamp":1772849733288,"bufferSize":0},{"tokenId":1000001,"transitionId":"T_in_P5","fromPlace":"","toPlace":"P5_Place","workflowBase":1000000,"eventType":"BUFFERED","placeName":"P5_Place","timestamp":1772849737873,"bufferSize":0},{"tokenId":1000001,"transitionId":"T_in_P5","fromPlace":"","toPlace":"P5_Place","workflowBase":1000000,"eventType":"ENTER","placeName":"P5_Place","timestamp":1772849737886,"bufferSize":0},{"tokenId":1000001,"transitionId":"T_out_P5","fromPlace":"P5_Place","toPlace":"P5_Place","workflowBase":1000000,"eventType":"EXIT","placeName":"P5_Place","timestamp":1772849738246,"bufferSize":0},{"tokenId":1000001,"transitionId":"T_in_P5","fromPlace":"","toPlace":"P5_Place","workflowBase":1000000,"eventType":"BUFFERED","placeName":"P5_Place","timestamp":1772849739051,"bufferSize":0},{"tokenId":1000001,"transitionId":"T_in_P5","fromPlace":"","toPlace":"P5_Place","workflowBase":1000000,"eventType":"ENTER","placeName":"P5_Place","timestamp":1772849739062,"bufferSize":0},{"tokenId":1000001,"transitionId":"T_out_P5","fromPlace":"P5_Place","toPlace":"P1_Place","workflowBase":1000000,"eventType":"EXIT","placeName":"P5_Place","timestamp":1772849739463,"bufferSize":0},{"tokenId":1000001,"transitionId":"T_in_P5","fromPlace":"","toPlace":"P5_Place","workflowBase":1000000,"eventType":"BUFFERED","placeName":"P5_Place","timestamp":1772849743120,"bufferSize":0},{"tokenId":1000001,"transitionId":"T_in_P5","fromPlace":"","toPlace":"P5_Place","workflowBase":1000000,"eventType":"ENTER","placeName":"P5_Place","timestamp":1772849743132,"bufferSize":0},{"tokenId":1000001,"transitionId":"T_out_P5","fromPlace":"P5_Place","toPlace":"P5_Place","workflowBase":1000000,"eventType":"EXIT","placeName":"P5_Place","timestamp":1772849743449,"bufferSize":0}],"statistics":[{"avgResidenceTime":389.0,"minResidenceTime":317,"maxBufferSize":0,"tokenCount":18,"maxResidenceTime":480,"workflowBase":1000000,"throughput":2.570694087403599,"placeName":"P5_Place","avgBufferSize":0.0}]}},"pathRecordCount":18,"statisticsRecordCount":1,"markingRecordCount":27},"reportingService":"P5_CollectorService","collectionTime":1772849744005,"performanceData":{"workflowGroups":{"1772849702938":[{"maxQueueCapacity":50,"arrivalTime":1772849738479,"totalTime":1184,"workflowStartTime":1772849702938,"totalMarking":1,"serviceName":"P5_Place","sequenceId":1000001,"operation":"processToken","serviceTime":594,"queueTime":590,"bufferSize":0},{"maxQueueCapacity":50,"arrivalTime":1772849737517,"totalTime":948,"workflowStartTime":1772849702938,"totalMarking":1,"serviceName":"P5_Place","sequenceId":1000001,"operation":"processToken","serviceTime":572,"queueTime":376,"bufferSize":0},{"maxQueueCapacity":50,"arrivalTime":1772849732335,"totalTime":1108,"workflowStartTime":1772849702938,"totalMarking":1,"serviceName":"P5_Place","sequenceId":1000001,"operation":"processToken","serviceTime":559,"queueTime":549,"bufferSize":0},{"maxQueueCapacity":50,"arrivalTime":1772849724126,"totalTime":1011,"workflowStartTime":1772849702938,"totalMarking":1,"serviceName":"P5_Place","sequenceId":1000001,"operation":"processToken","serviceTime":555,"queueTime":456,"bufferSize":0},{"maxQueueCapacity":50,"arrivalTime":1772849722828,"totalTime":1286,"workflowStartTime":1772849702938,"totalMarking":1,"serviceName":"P5_Place","sequenceId":1000001,"operation":"processToken","serviceTime":494,"queueTime":792,"bufferSize":0},{"maxQueueCapacity":50,"arrivalTime":1772849718246,"totalTime":1009,"workflowStartTime":1772849702938,"totalMarking":1,"serviceName":"P5_Place","sequenceId":1000001,"operation":"processToken","serviceTime":588,"queueTime":421,"bufferSize":0},{"maxQueueCapacity":50,"arrivalTime":1772849713093,"totalTime":824,"workflowStartTime":1772849702938,"totalMarking":1,"serviceName":"P5_Place","sequenceId":1000001,"operation":"processToken","serviceTime":399,"queueTime":425,"bufferSize":0},{"maxQueueCapacity":50,"arrivalTime":1772849706232,"totalTime":1015,"workflowStartTime":1772849702938,"totalMarking":1,"serviceName":"P5_Place","sequenceId":1000001,"operation":"processToken","serviceTime":369,"queueTime":646,"bufferSize":0}]},"markingData":{"1772849702938":[{"publishTime":1772849739663,"maxQueueCapacity":50,"arrivalTime":1772849738479,"invocationTime":1772849739069,"workflowStartTime":1772849702938,"totalMarking":1,"serviceName":"P5_Place","sequenceId":1000001,"operation":"processToken","bufferSize":0},{"publishTime":1772849738465,"maxQueueCapacity":50,"arrivalTime":1772849737517,"invocationTime":1772849737893,"workflowStartTime":1772849702938,"totalMarking":1,"serviceName":"P5_Place","sequenceId":1000001,"operation":"processToken","bufferSize":0},{"publishTime":1772849733443,"maxQueueCapacity":50,"arrivalTime":1772849732335,"invocationTime":1772849732884,"workflowStartTime":1772849702938,"totalMarking":1,"serviceName":"P5_Place","sequenceId":1000001,"operation":"processToken","bufferSize":0},{"publishTime":1772849725137,"maxQueueCapacity":50,"arrivalTime":1772849724126,"invocationTime":1772849724582,"workflowStartTime":1772849702938,"totalMarking":1,"serviceName":"P5_Place","sequenceId":1000001,"operation":"processToken","bufferSize":0},{"publishTime":1772849724114,"maxQueueCapacity":50,"arrivalTime":1772849722828,"invocationTime":1772849723620,"workflowStartTime":1772849702938,"totalMarking":1,"serviceName":"P5_Place","sequenceId":1000001,"operation":"processToken","bufferSize":0},{"publishTime":1772849719255,"maxQueueCapacity":50,"arrivalTime":1772849718246,"invocationTime":1772849718667,"workflowStartTime":1772849702938,"totalMarking":1,"serviceName":"P5_Place","sequenceId":1000001,"operation":"processToken","bufferSize":0},{"publishTime":1772849713917,"maxQueueCapacity":50,"arrivalTime":1772849713093,"invocationTime":1772849713518,"workflowStartTime":1772849702938,"totalMarking":1,"serviceName":"P5_Place","sequenceId":1000001,"operation":"processToken","bufferSize":0},{"publishTime":1772849707247,"maxQueueCapacity":50,"arrivalTime":1772849706232,"invocationTime":1772849706878,"workflowStartTime":1772849702938,"totalMarking":1,"serviceName":"P5_Place","sequenceId":1000001,"operation":"processToken","bufferSize":0}]},"timingRecordCount":8,"markingRecordCount":8},"reportingChannel":"unified_collection","serviceContext":"1000000","version":"v001","token":"{\"token\":\"workflow_1000000_v001\"}"}
DEBUG ServiceThread-P5_CollectorService-14104 org.btsn.handlers.PetriNetInstrumentationHelper - Token 1000000 exiting place: P5_CollectorService -> MonitorService [arc=$ANON11]
WARN ServiceThread-P5_CollectorService-14104 org.btsn.handlers.PetriNetInstrumentationHelper - NAMING CONVENTION VIOLATION: Service 'P5_CollectorService' does not end with '_Place'. Expected format: {NodeName}_Place. Transition IDs may not match topology. Please rename the service.
DEBUG ServiceThread-P5_CollectorService-14104 org.btsn.derby.Analysis.BuildServiceAnalysisDatabase - Wrote transition firing: T_out_P5_CollectorService token=1000000 eventType=EXIT
DEBUG ServiceThread-P5_CollectorService-14104 org.btsn.handlers.PetriNetInstrumentationHelper - Recorded transition: T_out_P5_CollectorService (EdgeNode) token=1000000 P5_CollectorService -> MonitorService [EXIT] arc=$ANON11
DEBUG ServiceThread-P5_CollectorService-14104 org.btsn.handlers.ServiceThread - PETRI-NET: Token 1000000 EXIT from P5_CollectorService -> MonitorService.writeCollectorData [arc=$ANON11]
INFO ServiceThread-P5_CollectorService-14104 org.btsn.handlers.ServiceThread - DEBUG: Querying activeService for MonitorService.writeCollectorData
INFO ServiceThread-P5_CollectorService-14104 org.btsn.handlers.ServiceThread - DEBUG: ActiveService query returned 2 rows
INFO ServiceThread-P5_CollectorService-14104 org.btsn.handlers.ServiceThread - DEBUG: ActiveService result - ?channelId = ip0
INFO ServiceThread-P5_CollectorService-14104 org.btsn.handlers.ServiceThread - DEBUG: ActiveService result - ?port = 3002
INFO ServiceThread-P5_CollectorService-14104 org.btsn.handlers.ServiceThread - ORCHESTRATOR: APPLYING activeService override - Channel: ip0, Port: 3002
INFO ServiceThread-P5_CollectorService-14104 org.btsn.handlers.ServiceThread - ORCHESTRATOR: Resolved ip0 to IP 192.168.1.152
DEBUG ServiceThread-P5_CollectorService-14104 org.btsn.handlers.ServiceThread - ROUTING: External to MonitorService -> 'token'
INFO ServiceThread-P5_CollectorService-14104 org.btsn.handlers.ServiceThread - ROUTING: Token 1000000 -> 'token' to MonitorService.writeCollectorData
INFO ServiceThread-P5_CollectorService-14104 org.btsn.handlers.ServiceThread - ORCHESTRATOR: Publishing to Service MonitorService Operation: writeCollectorData
INFO ServiceThread-P5_CollectorService-14104 org.btsn.handlers.ServiceThread - ORCHESTRATOR: Channel: 192.168.1.152, Port: 3002
INFO ServiceThread-P5_CollectorService-14104 org.btsn.handlers.ServiceThread - ORCHESTRATOR: Attribute token = {"monitoredPlace":"P5_Place","petriNetData":{"firingRecordCount":27,"workflowGroups":{"1000000":{"markingEvolution":[{"marking":1,"tokenId":1000001,"transitionId":"T_in_P5","toPlace":"P5_Place","workflowBase":1000000,"eventType":"BUFFERED","placeName":"P5_Place","timestamp":1772849706700,"bufferSize":0},{"marking":1,"tokenId":1000001,"transitionId":"T_in_P5","toPlace":"P5_Place","workflowBase":1000000,"eventType":"ENTER","placeName":"P5_Place","timestamp":1772849706827,"bufferSize":0},{"marking":0,"tokenId":1000001,"transitionId":"T_out_P5","toPlace":"P1_Place","workflowBase":1000000,"eventType":"EXIT","placeName":"P5_Place","timestamp":1772849707180,"bufferSize":0},{"marking":1,"tokenId":1000001,"transitionId":"T_in_P5","toPlace":"P5_Place","workflowBase":1000000,"eventType":"BUFFERED","placeName":"P5_Place","timestamp":1772849713492,"bufferSize":0},{"marking":1,"tokenId":1000001,"transitionId":"T_in_P5","toPlace":"P5_Place","workflowBase":1000000,"eventType":"ENTER","placeName":"P5_Place","timestamp":1772849713505,"bufferSize":0},{"marking":0,"tokenId":1000001,"transitionId":"T_out_P5","toPlace":"P1_Place","workflowBase":1000000,"eventType":"EXIT","placeName":"P5_Place","timestamp":1772849713833,"bufferSize":0},{"marking":1,"tokenId":1000001,"transitionId":"T_in_P5","toPlace":"P5_Place","workflowBase":1000000,"eventType":"BUFFERED","placeName":"P5_Place","timestamp":1772849718635,"bufferSize":0},{"marking":1,"tokenId":1000001,"transitionId":"T_in_P5","toPlace":"P5_Place","workflowBase":1000000,"eventType":"ENTER","placeName":"P5_Place","timestamp":1772849718651,"bufferSize":0},{"marking":0,"tokenId":1000001,"transitionId":"T_out_P5","toPlace":"P1_Place","workflowBase":1000000,"eventType":"EXIT","placeName":"P5_Place","timestamp":1772849719066,"bufferSize":0},{"marking":1,"tokenId":1000001,"transitionId":"T_in_P5","toPlace":"P5_Place","workflowBase":1000000,"eventType":"BUFFERED","placeName":"P5_Place","timestamp":1772849723574,"bufferSize":0},{"marking":1,"tokenId":1000001,"transitionId":"T_in_P5","toPlace":"P5_Place","workflowBase":1000000,"eventType":"ENTER","placeName":"P5_Place","timestamp":1772849723609,"bufferSize":0},{"marking":0,"tokenId":1000001,"transitionId":"T_out_P5","toPlace":"P5_Place","workflowBase":1000000,"eventType":"EXIT","placeName":"P5_Place","timestamp":1772849723975,"bufferSize":0},{"marking":1,"tokenId":1000001,"transitionId":"T_in_P5","toPlace":"P5_Place","workflowBase":1000000,"eventType":"BUFFERED","placeName":"P5_Place","timestamp":1772849724554,"bufferSize":0},{"marking":1,"tokenId":1000001,"transitionId":"T_in_P5","toPlace":"P5_Place","workflowBase":1000000,"eventType":"ENTER","placeName":"P5_Place","timestamp":1772849724568,"bufferSize":0},{"marking":0,"tokenId":1000001,"transitionId":"T_out_P5","toPlace":"P1_Place","workflowBase":1000000,"eventType":"EXIT","placeName":"P5_Place","timestamp":1772849724990,"bufferSize":0},{"marking":1,"tokenId":1000001,"transitionId":"T_in_P5","toPlace":"P5_Place","workflowBase":1000000,"eventType":"BUFFERED","placeName":"P5_Place","timestamp":1772849732855,"bufferSize":0},{"marking":1,"tokenId":1000001,"transitionId":"T_in_P5","toPlace":"P5_Place","workflowBase":1000000,"eventType":"ENTER","placeName":"P5_Place","timestamp":1772849732870,"bufferSize":0},{"marking":0,"tokenId":1000001,"transitionId":"T_out_P5","toPlace":"P1_Place","workflowBase":1000000,"eventType":"EXIT","placeName":"P5_Place","timestamp":1772849733288,"bufferSize":0},{"marking":1,"tokenId":1000001,"transitionId":"T_in_P5","toPlace":"P5_Place","workflowBase":1000000,"eventType":"BUFFERED","placeName":"P5_Place","timestamp":1772849737873,"bufferSize":0},{"marking":1,"tokenId":1000001,"transitionId":"T_in_P5","toPlace":"P5_Place","workflowBase":1000000,"eventType":"ENTER","placeName":"P5_Place","timestamp":1772849737886,"bufferSize":0},{"marking":0,"tokenId":1000001,"transitionId":"T_out_P5","toPlace":"P5_Place","workflowBase":1000000,"eventType":"EXIT","placeName":"P5_Place","timestamp":1772849738246,"bufferSize":0},{"marking":1,"tokenId":1000001,"transitionId":"T_in_P5","toPlace":"P5_Place","workflowBase":1000000,"eventType":"BUFFERED","placeName":"P5_Place","timestamp":1772849739051,"bufferSize":0},{"marking":1,"tokenId":1000001,"transitionId":"T_in_P5","toPlace":"P5_Place","workflowBase":1000000,"eventType":"ENTER","placeName":"P5_Place","timestamp":1772849739062,"bufferSize":0},{"marking":0,"tokenId":1000001,"transitionId":"T_out_P5","toPlace":"P1_Place","workflowBase":1000000,"eventType":"EXIT","placeName":"P5_Place","timestamp":1772849739463,"bufferSize":0},{"marking":1,"tokenId":1000001,"transitionId":"T_in_P5","toPlace":"P5_Place","workflowBase":1000000,"eventType":"BUFFERED","placeName":"P5_Place","timestamp":1772849743120,"bufferSize":0},{"marking":1,"tokenId":1000001,"transitionId":"T_in_P5","toPlace":"P5_Place","workflowBase":1000000,"eventType":"ENTER","placeName":"P5_Place","timestamp":1772849743132,"bufferSize":0},{"marking":0,"tokenId":1000001,"transitionId":"T_out_P5","toPlace":"P5_Place","workflowBase":1000000,"eventType":"EXIT","placeName":"P5_Place","timestamp":1772849743449,"bufferSize":0}],"tokenGenealogy":[],"tokenPaths":[{"entryTime":1772849706700,"exitTime":1772849707180,"residenceTime":480,"entryBufferSize":0,"tokenId":1000001,"exitBufferSize":0,"workflowBase":1000000,"placeName":"P5_Place"},{"entryTime":1772849706827,"exitTime":1772849707180,"residenceTime":353,"entryBufferSize":0,"tokenId":1000001,"exitBufferSize":0,"workflowBase":1000000,"placeName":"P5_Place"},{"entryTime":1772849713492,"exitTime":1772849713833,"residenceTime":341,"entryBufferSize":0,"tokenId":1000001,"exitBufferSize":0,"workflowBase":1000000,"placeName":"P5_Place"},{"entryTime":1772849713505,"exitTime":1772849713833,"residenceTime":328,"entryBufferSize":0,"tokenId":1000001,"exitBufferSize":0,"workflowBase":1000000,"placeName":"P5_Place"},{"entryTime":1772849718635,"exitTime":1772849719066,"residenceTime":431,"entryBufferSize":0,"tokenId":1000001,"exitBufferSize":0,"workflowBase":1000000,"placeName":"P5_Place"},{"entryTime":1772849718651,"exitTime":1772849719066,"residenceTime":415,"entryBufferSize":0,"tokenId":1000001,"exitBufferSize":0,"workflowBase":1000000,"placeName":"P5_Place"},{"entryTime":1772849723574,"exitTime":1772849723975,"residenceTime":401,"entryBufferSize":0,"tokenId":1000001,"exitBufferSize":0,"workflowBase":1000000,"placeName":"P5_Place"},{"entryTime":1772849723609,"exitTime":1772849723975,"residenceTime":366,"entryBufferSize":0,"tokenId":1000001,"exitBufferSize":0,"workflowBase":1000000,"placeName":"P5_Place"},{"entryTime":1772849724554,"exitTime":1772849724990,"residenceTime":436,"entryBufferSize":0,"tokenId":1000001,"exitBufferSize":0,"workflowBase":1000000,"placeName":"P5_Place"},{"entryTime":1772849724568,"exitTime":1772849724990,"residenceTime":422,"entryBufferSize":0,"tokenId":1000001,"exitBufferSize":0,"workflowBase":1000000,"placeName":"P5_Place"},{"entryTime":1772849732855,"exitTime":1772849733288,"residenceTime":433,"entryBufferSize":0,"tokenId":1000001,"exitBufferSize":0,"workflowBase":1000000,"placeName":"P5_Place"},{"entryTime":1772849732870,"exitTime":1772849733288,"residenceTime":418,"entryBufferSize":0,"tokenId":1000001,"exitBufferSize":0,"workflowBase":1000000,"placeName":"P5_Place"},{"entryTime":1772849737873,"exitTime":1772849738246,"residenceTime":373,"entryBufferSize":0,"tokenId":1000001,"exitBufferSize":0,"workflowBase":1000000,"placeName":"P5_Place"},{"entryTime":1772849737886,"exitTime":1772849738246,"residenceTime":360,"entryBufferSize":0,"tokenId":1000001,"exitBufferSize":0,"workflowBase":1000000,"placeName":"P5_Place"},{"entryTime":1772849739051,"exitTime":1772849739463,"residenceTime":412,"entryBufferSize":0,"tokenId":1000001,"exitBufferSize":0,"workflowBase":1000000,"placeName":"P5_Place"},{"entryTime":1772849739062,"exitTime":1772849739463,"residenceTime":401,"entryBufferSize":0,"tokenId":1000001,"exitBufferSize":0,"workflowBase":1000000,"placeName":"P5_Place"},{"entryTime":1772849743120,"exitTime":1772849743449,"residenceTime":329,"entryBufferSize":0,"tokenId":1000001,"exitBufferSize":0,"workflowBase":1000000,"placeName":"P5_Place"},{"entryTime":1772849743132,"exitTime":1772849743449,"residenceTime":317,"entryBufferSize":0,"tokenId":1000001,"exitBufferSize":0,"workflowBase":1000000,"placeName":"P5_Place"}],"transitionFirings":[{"tokenId":1000001,"transitionId":"T_in_P5","fromPlace":"","toPlace":"P5_Place","workflowBase":1000000,"eventType":"BUFFERED","placeName":"P5_Place","timestamp":1772849706700,"bufferSize":0},{"tokenId":1000001,"transitionId":"T_in_P5","fromPlace":"","toPlace":"P5_Place","workflowBase":1000000,"eventType":"ENTER","placeName":"P5_Place","timestamp":1772849706827,"bufferSize":0},{"tokenId":1000001,"transitionId":"T_out_P5","fromPlace":"P5_Place","toPlace":"P1_Place","workflowBase":1000000,"eventType":"EXIT","placeName":"P5_Place","timestamp":1772849707180,"bufferSize":0},{"tokenId":1000001,"transitionId":"T_in_P5","fromPlace":"","toPlace":"P5_Place","workflowBase":1000000,"eventType":"BUFFERED","placeName":"P5_Place","timestamp":1772849713492,"bufferSize":0},{"tokenId":1000001,"transitionId":"T_in_P5","fromPlace":"","toPlace":"P5_Place","workflowBase":1000000,"eventType":"ENTER","placeName":"P5_Place","timestamp":1772849713505,"bufferSize":0},{"tokenId":1000001,"transitionId":"T_out_P5","fromPlace":"P5_Place","toPlace":"P1_Place","workflowBase":1000000,"eventType":"EXIT","placeName":"P5_Place","timestamp":1772849713833,"bufferSize":0},{"tokenId":1000001,"transitionId":"T_in_P5","fromPlace":"","toPlace":"P5_Place","workflowBase":1000000,"eventType":"BUFFERED","placeName":"P5_Place","timestamp":1772849718635,"bufferSize":0},{"tokenId":1000001,"transitionId":"T_in_P5","fromPlace":"","toPlace":"P5_Place","workflowBase":1000000,"eventType":"ENTER","placeName":"P5_Place","timestamp":1772849718651,"bufferSize":0},{"tokenId":1000001,"transitionId":"T_out_P5","fromPlace":"P5_Place","toPlace":"P1_Place","workflowBase":1000000,"eventType":"EXIT","placeName":"P5_Place","timestamp":1772849719066,"bufferSize":0},{"tokenId":1000001,"transitionId":"T_in_P5","fromPlace":"","toPlace":"P5_Place","workflowBase":1000000,"eventType":"BUFFERED","placeName":"P5_Place","timestamp":1772849723574,"bufferSize":0},{"tokenId":1000001,"transitionId":"T_in_P5","fromPlace":"","toPlace":"P5_Place","workflowBase":1000000,"eventType":"ENTER","placeName":"P5_Place","timestamp":1772849723609,"bufferSize":0},{"tokenId":1000001,"transitionId":"T_out_P5","fromPlace":"P5_Place","toPlace":"P5_Place","workflowBase":1000000,"eventType":"EXIT","placeName":"P5_Place","timestamp":1772849723975,"bufferSize":0},{"tokenId":1000001,"transitionId":"T_in_P5","fromPlace":"","toPlace":"P5_Place","workflowBase":1000000,"eventType":"BUFFERED","placeName":"P5_Place","timestamp":1772849724554,"bufferSize":0},{"tokenId":1000001,"transitionId":"T_in_P5","fromPlace":"","toPlace":"P5_Place","workflowBase":1000000,"eventType":"ENTER","placeName":"P5_Place","timestamp":1772849724568,"bufferSize":0},{"tokenId":1000001,"transitionId":"T_out_P5","fromPlace":"P5_Place","toPlace":"P1_Place","workflowBase":1000000,"eventType":"EXIT","placeName":"P5_Place","timestamp":1772849724990,"bufferSize":0},{"tokenId":1000001,"transitionId":"T_in_P5","fromPlace":"","toPlace":"P5_Place","workflowBase":1000000,"eventType":"BUFFERED","placeName":"P5_Place","timestamp":1772849732855,"bufferSize":0},{"tokenId":1000001,"transitionId":"T_in_P5","fromPlace":"","toPlace":"P5_Place","workflowBase":1000000,"eventType":"ENTER","placeName":"P5_Place","timestamp":1772849732870,"bufferSize":0},{"tokenId":1000001,"transitionId":"T_out_P5","fromPlace":"P5_Place","toPlace":"P1_Place","workflowBase":1000000,"eventType":"EXIT","placeName":"P5_Place","timestamp":1772849733288,"bufferSize":0},{"tokenId":1000001,"transitionId":"T_in_P5","fromPlace":"","toPlace":"P5_Place","workflowBase":1000000,"eventType":"BUFFERED","placeName":"P5_Place","timestamp":1772849737873,"bufferSize":0},{"tokenId":1000001,"transitionId":"T_in_P5","fromPlace":"","toPlace":"P5_Place","workflowBase":1000000,"eventType":"ENTER","placeName":"P5_Place","timestamp":1772849737886,"bufferSize":0},{"tokenId":1000001,"transitionId":"T_out_P5","fromPlace":"P5_Place","toPlace":"P5_Place","workflowBase":1000000,"eventType":"EXIT","placeName":"P5_Place","timestamp":1772849738246,"bufferSize":0},{"tokenId":1000001,"transitionId":"T_in_P5","fromPlace":"","toPlace":"P5_Place","workflowBase":1000000,"eventType":"BUFFERED","placeName":"P5_Place","timestamp":1772849739051,"bufferSize":0},{"tokenId":1000001,"transitionId":"T_in_P5","fromPlace":"","toPlace":"P5_Place","workflowBase":1000000,"eventType":"ENTER","placeName":"P5_Place","timestamp":1772849739062,"bufferSize":0},{"tokenId":1000001,"transitionId":"T_out_P5","fromPlace":"P5_Place","toPlace":"P1_Place","workflowBase":1000000,"eventType":"EXIT","placeName":"P5_Place","timestamp":1772849739463,"bufferSize":0},{"tokenId":1000001,"transitionId":"T_in_P5","fromPlace":"","toPlace":"P5_Place","workflowBase":1000000,"eventType":"BUFFERED","placeName":"P5_Place","timestamp":1772849743120,"bufferSize":0},{"tokenId":1000001,"transitionId":"T_in_P5","fromPlace":"","toPlace":"P5_Place","workflowBase":1000000,"eventType":"ENTER","placeName":"P5_Place","timestamp":1772849743132,"bufferSize":0},{"tokenId":1000001,"transitionId":"T_out_P5","fromPlace":"P5_Place","toPlace":"P5_Place","workflowBase":1000000,"eventType":"EXIT","placeName":"P5_Place","timestamp":1772849743449,"bufferSize":0}],"statistics":[{"avgResidenceTime":389.0,"minResidenceTime":317,"maxBufferSize":0,"tokenCount":18,"maxResidenceTime":480,"workflowBase":1000000,"throughput":2.570694087403599,"placeName":"P5_Place","avgBufferSize":0.0}]}},"pathRecordCount":18,"statisticsRecordCount":1,"markingRecordCount":27},"reportingService":"P5_CollectorService","collectionTime":1772849744005,"performanceData":{"workflowGroups":{"1772849702938":[{"maxQueueCapacity":50,"arrivalTime":1772849738479,"totalTime":1184,"workflowStartTime":1772849702938,"totalMarking":1,"serviceName":"P5_Place","sequenceId":1000001,"operation":"processToken","serviceTime":594,"queueTime":590,"bufferSize":0},{"maxQueueCapacity":50,"arrivalTime":1772849737517,"totalTime":948,"workflowStartTime":1772849702938,"totalMarking":1,"serviceName":"P5_Place","sequenceId":1000001,"operation":"processToken","serviceTime":572,"queueTime":376,"bufferSize":0},{"maxQueueCapacity":50,"arrivalTime":1772849732335,"totalTime":1108,"workflowStartTime":1772849702938,"totalMarking":1,"serviceName":"P5_Place","sequenceId":1000001,"operation":"processToken","serviceTime":559,"queueTime":549,"bufferSize":0},{"maxQueueCapacity":50,"arrivalTime":1772849724126,"totalTime":1011,"workflowStartTime":1772849702938,"totalMarking":1,"serviceName":"P5_Place","sequenceId":1000001,"operation":"processToken","serviceTime":555,"queueTime":456,"bufferSize":0},{"maxQueueCapacity":50,"arrivalTime":1772849722828,"totalTime":1286,"workflowStartTime":1772849702938,"totalMarking":1,"serviceName":"P5_Place","sequenceId":1000001,"operation":"processToken","serviceTime":494,"queueTime":792,"bufferSize":0},{"maxQueueCapacity":50,"arrivalTime":1772849718246,"totalTime":1009,"workflowStartTime":1772849702938,"totalMarking":1,"serviceName":"P5_Place","sequenceId":1000001,"operation":"processToken","serviceTime":588,"queueTime":421,"bufferSize":0},{"maxQueueCapacity":50,"arrivalTime":1772849713093,"totalTime":824,"workflowStartTime":1772849702938,"totalMarking":1,"serviceName":"P5_Place","sequenceId":1000001,"operation":"processToken","serviceTime":399,"queueTime":425,"bufferSize":0},{"maxQueueCapacity":50,"arrivalTime":1772849706232,"totalTime":1015,"workflowStartTime":1772849702938,"totalMarking":1,"serviceName":"P5_Place","sequenceId":1000001,"operation":"processToken","serviceTime":369,"queueTime":646,"bufferSize":0}]},"markingData":{"1772849702938":[{"publishTime":1772849739663,"maxQueueCapacity":50,"arrivalTime":1772849738479,"invocationTime":1772849739069,"workflowStartTime":1772849702938,"totalMarking":1,"serviceName":"P5_Place","sequenceId":1000001,"operation":"processToken","bufferSize":0},{"publishTime":1772849738465,"maxQueueCapacity":50,"arrivalTime":1772849737517,"invocationTime":1772849737893,"workflowStartTime":1772849702938,"totalMarking":1,"serviceName":"P5_Place","sequenceId":1000001,"operation":"processToken","bufferSize":0},{"publishTime":1772849733443,"maxQueueCapacity":50,"arrivalTime":1772849732335,"invocationTime":1772849732884,"workflowStartTime":1772849702938,"totalMarking":1,"serviceName":"P5_Place","sequenceId":1000001,"operation":"processToken","bufferSize":0},{"publishTime":1772849725137,"maxQueueCapacity":50,"arrivalTime":1772849724126,"invocationTime":1772849724582,"workflowStartTime":1772849702938,"totalMarking":1,"serviceName":"P5_Place","sequenceId":1000001,"operation":"processToken","bufferSize":0},{"publishTime":1772849724114,"maxQueueCapacity":50,"arrivalTime":1772849722828,"invocationTime":1772849723620,"workflowStartTime":1772849702938,"totalMarking":1,"serviceName":"P5_Place","sequenceId":1000001,"operation":"processToken","bufferSize":0},{"publishTime":1772849719255,"maxQueueCapacity":50,"arrivalTime":1772849718246,"invocationTime":1772849718667,"workflowStartTime":1772849702938,"totalMarking":1,"serviceName":"P5_Place","sequenceId":1000001,"operation":"processToken","bufferSize":0},{"publishTime":1772849713917,"maxQueueCapacity":50,"arrivalTime":1772849713093,"invocationTime":1772849713518,"workflowStartTime":1772849702938,"totalMarking":1,"serviceName":"P5_Place","sequenceId":1000001,"operation":"processToken","bufferSize":0},{"publishTime":1772849707247,"maxQueueCapacity":50,"arrivalTime":1772849706232,"invocationTime":1772849706878,"workflowStartTime":1772849702938,"totalMarking":1,"serviceName":"P5_Place","sequenceId":1000001,"operation":"processToken","bufferSize":0}]},"timingRecordCount":8,"markingRecordCount":8},"reportingChannel":"unified_collection","serviceContext":"1000000","version":"v001","token":"{\"token\":\"workflow_1000000_v001\"}"}
INFO ServiceThread-P5_CollectorService-14104 org.btsn.handlers.ServiceThread - ORCHESTRATOR: Completed callNextOperation for MonitorService, published=true
INFO ServiceThread-P5_CollectorService-14104 org.btsn.handlers.ServiceThread - ORCHESTRATOR: Successfully published to MonitorService via EventPublisher
ERROR ServiceThread-P5_CollectorService-14104 org.btsn.handlers.ServiceThread - monitorIncomingEvents: false
DEBUG ServiceThread-P5_CollectorService-14104 org.btsn.handlers.ServiceThread - ORCHESTRATOR: Cleaned up join 1000000
DEBUG ServiceThread-P5_CollectorService-14104 org.btsn.handlers.ServiceThread - ORCHESTRATOR: Service P5_CollectorService sequence ID: 1000000 complete.
